Component: ARM Compiler 5.06 update 7 (build 960) Tool: armlink [4d3601]

==============================================================================

Section Cross References

    startup_stm32f10x_md.o(RESET) refers to startup_stm32f10x_md.o(STACK) for __initial_sp
    startup_stm32f10x_md.o(RESET) refers to startup_stm32f10x_md.o(.text) for Reset_Handler
    startup_stm32f10x_md.o(RESET) refers to stm32f10x_it.o(i.NMI_Handler) for NMI_Handler
    startup_stm32f10x_md.o(RESET) refers to context_rvds.o(.text) for HardFault_Handler
    startup_stm32f10x_md.o(RESET) refers to stm32f10x_it.o(i.MemManage_Handler) for MemManage_Handler
    startup_stm32f10x_md.o(RESET) refers to stm32f10x_it.o(i.BusFault_Handler) for BusFault_Handler
    startup_stm32f10x_md.o(RESET) refers to stm32f10x_it.o(i.UsageFault_Handler) for UsageFault_Handler
    startup_stm32f10x_md.o(RESET) refers to stm32f10x_it.o(i.SVC_Handler) for SVC_Handler
    startup_stm32f10x_md.o(RESET) refers to stm32f10x_it.o(i.DebugMon_Handler) for DebugMon_Handler
    startup_stm32f10x_md.o(RESET) refers to drv_common.o(i.SysTick_Handler) for SysTick_Handler
    startup_stm32f10x_md.o(RESET) refers to main.o(i.TIM4_IRQHandler) for TIM4_IRQHandler
    startup_stm32f10x_md.o(RESET) refers to main.o(i.USART1_IRQHandler) for USART1_IRQHandler
    startup_stm32f10x_md.o(RESET) refers to main.o(i.USART2_IRQHandler) for USART2_IRQHandler
    startup_stm32f10x_md.o(RESET) refers to main.o(i.USART3_IRQHandler) for USART3_IRQHandler
    startup_stm32f10x_md.o(.text) refers to system_stm32f10x.o(i.SystemInit) for SystemInit
    startup_stm32f10x_md.o(.text) refers to entry.o(.ARM.Collect$$$$00000000) for __main
    system_stm32f10x.o(i.SetSysClock) refers to system_stm32f10x.o(i.SetSysClockTo72) for SetSysClockTo72
    system_stm32f10x.o(i.SystemCoreClockUpdate) refers to system_stm32f10x.o(.data) for SystemCoreClock
    system_stm32f10x.o(i.SystemInit) refers to system_stm32f10x.o(i.SetSysClock) for SetSysClock
    stm32f10x_adc.o(i.ADC_DeInit) refers to stm32f10x_rcc.o(i.RCC_APB2PeriphResetCmd) for RCC_APB2PeriphResetCmd
    stm32f10x_bkp.o(i.BKP_DeInit) refers to stm32f10x_rcc.o(i.RCC_BackupResetCmd) for RCC_BackupResetCmd
    stm32f10x_can.o(i.CAN_DeInit) refers to stm32f10x_rcc.o(i.RCC_APB1PeriphResetCmd) for RCC_APB1PeriphResetCmd
    stm32f10x_can.o(i.CAN_GetITStatus) refers to stm32f10x_can.o(i.CheckITStatus) for CheckITStatus
    stm32f10x_cec.o(i.CEC_DeInit) refers to stm32f10x_rcc.o(i.RCC_APB1PeriphResetCmd) for RCC_APB1PeriphResetCmd
    stm32f10x_dac.o(i.DAC_DeInit) refers to stm32f10x_rcc.o(i.RCC_APB1PeriphResetCmd) for RCC_APB1PeriphResetCmd
    stm32f10x_flash.o(i.FLASH_EnableWriteProtection) refers to stm32f10x_flash.o(i.FLASH_WaitForLastOperation) for FLASH_WaitForLastOperation
    stm32f10x_flash.o(i.FLASH_EraseAllBank1Pages) refers to stm32f10x_flash.o(i.FLASH_WaitForLastBank1Operation) for FLASH_WaitForLastBank1Operation
    stm32f10x_flash.o(i.FLASH_EraseAllPages) refers to stm32f10x_flash.o(i.FLASH_WaitForLastOperation) for FLASH_WaitForLastOperation
    stm32f10x_flash.o(i.FLASH_EraseOptionBytes) refers to stm32f10x_flash.o(i.FLASH_GetReadOutProtectionStatus) for FLASH_GetReadOutProtectionStatus
    stm32f10x_flash.o(i.FLASH_EraseOptionBytes) refers to stm32f10x_flash.o(i.FLASH_WaitForLastOperation) for FLASH_WaitForLastOperation
    stm32f10x_flash.o(i.FLASH_ErasePage) refers to stm32f10x_flash.o(i.FLASH_WaitForLastOperation) for FLASH_WaitForLastOperation
    stm32f10x_flash.o(i.FLASH_ProgramHalfWord) refers to stm32f10x_flash.o(i.FLASH_WaitForLastOperation) for FLASH_WaitForLastOperation
    stm32f10x_flash.o(i.FLASH_ProgramOptionByteData) refers to stm32f10x_flash.o(i.FLASH_WaitForLastOperation) for FLASH_WaitForLastOperation
    stm32f10x_flash.o(i.FLASH_ProgramWord) refers to stm32f10x_flash.o(i.FLASH_WaitForLastOperation) for FLASH_WaitForLastOperation
    stm32f10x_flash.o(i.FLASH_ReadOutProtection) refers to stm32f10x_flash.o(i.FLASH_WaitForLastOperation) for FLASH_WaitForLastOperation
    stm32f10x_flash.o(i.FLASH_UserOptionByteConfig) refers to stm32f10x_flash.o(i.FLASH_WaitForLastOperation) for FLASH_WaitForLastOperation
    stm32f10x_flash.o(i.FLASH_WaitForLastBank1Operation) refers to stm32f10x_flash.o(i.FLASH_GetBank1Status) for FLASH_GetBank1Status
    stm32f10x_flash.o(i.FLASH_WaitForLastOperation) refers to stm32f10x_flash.o(i.FLASH_GetBank1Status) for FLASH_GetBank1Status
    stm32f10x_gpio.o(i.GPIO_AFIODeInit) refers to stm32f10x_rcc.o(i.RCC_APB2PeriphResetCmd) for RCC_APB2PeriphResetCmd
    stm32f10x_gpio.o(i.GPIO_DeInit) refers to stm32f10x_rcc.o(i.RCC_APB2PeriphResetCmd) for RCC_APB2PeriphResetCmd
    stm32f10x_i2c.o(i.I2C_DeInit) refers to stm32f10x_rcc.o(i.RCC_APB1PeriphResetCmd) for RCC_APB1PeriphResetCmd
    stm32f10x_i2c.o(i.I2C_Init) refers to stm32f10x_rcc.o(i.RCC_GetClocksFreq) for RCC_GetClocksFreq
[...]
    __FUNCTION__                             0x08007ade   Data          13  ipc.o(.constdata)
    __FUNCTION__                             0x08007aeb   Data          16  ipc.o(.constdata)
    __FUNCTION__                             0x08007afb   Data          13  ipc.o(.constdata)
    __FUNCTION__                             0x08007b08   Data          11  ipc.o(.constdata)
    __FUNCTION__                             0x08007b13   Data          14  ipc.o(.constdata)
    __FUNCTION__                             0x08007b21   Data          11  ipc.o(.constdata)
    __FUNCTION__                             0x08007b2c   Data          13  ipc.o(.constdata)
    __FUNCTION__                             0x08007b39   Data          13  ipc.o(.constdata)
    __FUNCTION__                             0x08007b46   Data          13  ipc.o(.constdata)
    __FUNCTION__                             0x08007b53   Data          16  ipc.o(.constdata)
    __FUNCTION__                             0x08007b63   Data          13  ipc.o(.constdata)
    __FUNCTION__                             0x08007b70   Data          11  ipc.o(.constdata)
    __FUNCTION__                             0x08007b7b   Data          14  ipc.o(.constdata)
    .constdata                               0x08007b89   Section       67  kservice.o(.constdata)
    small_digits                             0x08007b89   Data          17  kservice.o(.constdata)
    large_digits                             0x08007b9a   Data          17  kservice.o(.constdata)
    __FUNCTION__                             0x08007bab   Data          13  kservice.o(.constdata)
    __FUNCTION__                             0x08007bb8   Data          20  kservice.o(.constdata)
    .constdata                               0x08007bcc   Section       69  mem.o(.constdata)
    __FUNCTION__                             0x08007bcc   Data          11  mem.o(.constdata)
    __FUNCTION__                             0x08007bd7   Data          15  mem.o(.constdata)
    __FUNCTION__                             0x08007be6   Data          14  mem.o(.constdata)
    __FUNCTION__                             0x08007bf4   Data          16  mem.o(.constdata)
    __FUNCTION__                             0x08007c04   Data          13  mem.o(.constdata)
    .constdata                               0x08007c11   Section      128  object.o(.constdata)
    __FUNCTION__                             0x08007c11   Data          15  object.o(.constdata)
    __FUNCTION__                             0x08007c20   Data          17  object.o(.constdata)
    __FUNCTION__                             0x08007c31   Data          19  object.o(.constdata)
    __FUNCTION__                             0x08007c44   Data          17  object.o(.constdata)
    __FUNCTION__                             0x08007c55   Data          26  object.o(.constdata)
    __FUNCTION__                             0x08007c6f   Data          19  object.o(.constdata)
    __FUNCTION__                             0x08007c82   Data          15  object.o(.constdata)
    .constdata                               0x08007c91   Section       78  scheduler.o(.constdata)
    __FUNCTION__                             0x08007c91   Data          26  scheduler.o(.constdata)
    __FUNCTION__                             0x08007cab   Data          26  scheduler.o(.constdata)
    __FUNCTION__                             0x08007cc5   Data          26  scheduler.o(.constdata)
    .constdata                               0x08007cdf   Section      187  thread.o(.constdata)
    __FUNCTION__                             0x08007cdf   Data          16  thread.o(.constdata)
    __FUNCTION__                             0x08007cef   Data          13  thread.o(.constdata)
    __FUNCTION__                             0x08007cfc   Data          15  thread.o(.constdata)
    __FUNCTION__                             0x08007d0b   Data          18  thread.o(.constdata)
    __FUNCTION__                             0x08007d1d   Data          17  thread.o(.constdata)
    __FUNCTION__                             0x08007d2e   Data          17  thread.o(.constdata)
    __FUNCTION__                             0x08007d3f   Data          16  thread.o(.constdata)
    __FUNCTION__                             0x08007d4f   Data          22  thread.o(.constdata)
    __FUNCTION__                             0x08007d65   Data          18  thread.o(.constdata)
    __FUNCTION__                             0x08007d77   Data          18  thread.o(.constdata)
    __FUNCTION__                             0x08007d89   Data          17  thread.o(.constdata)
    .constdata                               0x08007d9a   Section      108  timer_1.o(.constdata)
    __FUNCTION__                             0x08007d9a   Data          14  timer_1.o(.constdata)
    __FUNCTION__                             0x08007da8   Data          16  timer_1.o(.constdata)
    __FUNCTION__                             0x08007db8   Data          16  timer_1.o(.constdata)
    __FUNCTION__                             0x08007dc8   Data          16  timer_1.o(.constdata)
    __FUNCTION__                             0x08007dd8   Data          15  timer_1.o(.constdata)
    __FUNCTION__                             0x08007de7   Data          14  timer_1.o(.constdata)
    __FUNCTION__                             0x08007df5   Data          17  timer_1.o(.constdata)
    .constdata                               0x08007e06   Section       64  ctype_c.o(.constdata)
    .conststring                             0x08007e48   Section      473  driver_wireless.o(.conststring)
    .conststring                             0x08008024   Section      139  ipc.o(.conststring)
    .conststring                             0x080080b0   Section      424  mem.o(.conststring)
    .conststring                             0x08008258   Section       66  thread.o(.conststring)
    .rti_fn.0                                0x0800829c   Section        4  components.o(.rti_fn.0)
    __tagsym$$used                           0x0800829c   Number         0  components.o(.rti_fn.0)
    .rti_fn.0.end                            0x080082a0   Section        4  components.o(.rti_fn.0.end)
    __tagsym$$used                           0x080082a0   Number         0  components.o(.rti_fn.0.end)
    .rti_fn.1.end                            0x080082a4   Section        4  components.o(.rti_fn.1.end)
    __tagsym$$used                           0x080082a4   Number         0  components.o(.rti_fn.1.end)
    .rti_fn.6.end                            0x080082a8   Section        4  components.o(.rti_fn.6.end)
    __tagsym$$used                           0x080082a8   Number         0  components.o(.rti_fn.6.end)
    .data                                    0x20000000   Section       20  system_stm32f10x.o(.data)
    .data                                    0x20000014   Section       20  stm32f10x_rcc.o(.data)
    APBAHBPrescTable                         0x20000014   Data          16  stm32f10x_rcc.o(.data)
    ADCPrescTable                            0x20000024   Data           4  stm32f10x_rcc.o(.data)
    .data                                    0x20000028   Section       28  lora.o(.data)
    .data                                    0x20000044   Section        1  beep.o(.data)
    .data                                    0x20000048   Section      135  driver_wireless.o(.data)
    error_send_count                         0x200000ce   Data           1  driver_wireless.o(.data)
    .data                                    0x200000d0   Section       14  main.o(.data)
    pRxPacket1                               0x200000d0   Data           1  main.o(.data)
    action1                                  0x200000d1   Data           1  main.o(.data)
    pRxPacket2                               0x200000d2   Data           1  main.o(.data)
    action2                                  0x200000d3   Data           1  main.o(.data)
    wireless_send_timer                      0x200000d4   Data           2  main.o(.data)
    sensor_read_timer                        0x200000d6   Data           2  main.o(.data)
    user_move_timer                          0x200000d8   Data           2  main.o(.data)
    D0                                       0x200000da   Data           1  main.o(.data)
    D1                                       0x200000db   Data           1  main.o(.data)
    M0                                       0x200000dc   Data           1  main.o(.data)
    M1                                       0x200000dd   Data           1  main.o(.data)
    .data                                    0x200000e0   Section        8  clock.o(.data)
    rt_tick                                  0x200000e0   Data           4  clock.o(.data)
    rt_tick_hook                             0x200000e4   Data           4  clock.o(.data)
    .data                                    0x200000e8   Section        8  idle.o(.data)
    _rt_thread_defunct                       0x200000e8   Data           8  idle.o(.data)
    .data                                    0x200000f0   Section        9  irq.o(.data)
    rt_interrupt_enter_hook                  0x200000f0   Data           4  irq.o(.data)
    rt_interrupt_leave_hook                  0x200000f4   Data           4  irq.o(.data)
    .data                                    0x200000fc   Section       24  kservice.o(.data)
    __rt_errno                               0x200000fc   Data           4  kservice.o(.data)
    _console_device                          0x20000100   Data           4  kservice.o(.data)
    rt_malloc_hook                           0x20000104   Data           4  kservice.o(.data)
    rt_free_hook                             0x20000108   Data           4  kservice.o(.data)
    system_heap                              0x2000010c   Data           4  kservice.o(.data)
    .data                                    0x20000114   Section      180  object.o(.data)
    _object_container                        0x20000114   Data         160  object.o(.data)
    rt_object_attach_hook                    0x200001b4   Data           4  object.o(.data)
    rt_object_detach_hook                    0x200001b8   Data           4  object.o(.data)
    .data                                    0x200001c8   Section       24  scheduler.o(.data)
    rt_scheduler_lock_nest                   0x200001cc   Data           2  scheduler.o(.data)
    rt_scheduler_hook                        0x200001d8   Data           4  scheduler.o(.data)
    rt_scheduler_switch_hook                 0x200001dc   Data           4  scheduler.o(.data)
    .data                                    0x200001e0   Section       12  thread.o(.data)
    rt_thread_suspend_hook                   0x200001e0   Data           4  thread.o(.data)
    rt_thread_resume_hook                    0x200001e4   Data           4  thread.o(.data)
    rt_thread_inited_hook                    0x200001e8   Data           4  thread.o(.data)
    .data                                    0x200001ec   Section       20  timer_1.o(.data)
    _timer_list                              0x200001ec   Data           8  timer_1.o(.data)
    rt_timer_enter_hook                      0x200001f4   Data           4  timer_1.o(.data)
    rt_timer_exit_hook                       0x200001f8   Data           4  timer_1.o(.data)
    random_nr                                0x200001fc   Data           4  timer_1.o(.data)
    .data                                    0x20000200   Section       16  cpuport.o(.data)
    rt_exception_hook                        0x2000020c   Data           4  cpuport.o(.data)
    .data                                    0x20000210   Section        4  stdout.o(.data)
    .bss                                     0x20000214   Section      328  driver_wireless.o(.bss)
    .bss                                     0x2000035c   Section      260  serial.o(.bss)
    .bss                                     0x20000460   Section     5800  main.o(.bss)
    sensor_read_sem                          0x20000528   Data          32  main.o(.bss)
    wireless_send_sem                        0x20000548   Data          32  main.o(.bss)
    user_move_sem                            0x20000568   Data          32  main.o(.bss)
    sns_read_thread_stack                    0x20000588   Data        2048  main.o(.bss)
    sns_read_thread                          0x20000d88   Data         128  main.o(.bss)
    wireless_send_thread_stack               0x20000e08   Data        2048  main.o(.bss)
    wireless_thread                          0x20001608   Data         128  main.o(.bss)
    user_thread_stack                        0x20001688   Data        1024  main.o(.bss)
    user_thread                              0x20001a88   Data         128  main.o(.bss)
    .bss                                     0x20001b08   Section      400  idle.o(.bss)
    idle                                     0x20001b08   Data         128  idle.o(.bss)
    rt_thread_stack                          0x20001b88   Data         256  idle.o(.bss)
    idle_hook_list                           0x20001c88   Data          16  idle.o(.bss)
    .bss                                     0x20001c98   Section      164  kservice.o(.bss)
    _lock                                    0x20001c98   Data          36  kservice.o(.bss)
    rt_log_buf                               0x20001cbc   Data         128  kservice.o(.bss)
    .bss                                     0x20001d3c   Section      256  scheduler.o(.bss)
    STACK                                    0x20001e40   Section     1024  startup_stm32f10x_md.o(STACK)

    Global Symbols

    Symbol Name                              Value     Ov Type        Size  Object(Section)

    BuildAttributes$$THM_ISAv4$P$D$K$B$S$PE$A:L22UL41UL21$X:L11$S22US41US21$IEEE1$IW$USESV6$~STKCKD$USESV7$~SHL$OTIME$ROPI$IEEEJ$EBA8$MICROLIB$REQ8$PRES8$EABIv2 0x00000000   Number         0  anon$$obj.o ABSOLUTE
    __ARM_use_no_argv                        0x00000000   Number         0  main.o ABSOLUTE
    _printf_a                                0x00000000   Number         0  stubs.o ABSOLUTE
    _printf_c                                0x00000000   Number         0  stubs.o ABSOLUTE
    _printf_charcount                        0x00000000   Number         0  stubs.o ABSOLUTE
    _printf_d                                0x00000000   Number         0  stubs.o ABSOLUTE
    _printf_e                                0x00000000   Number         0  stubs.o ABSOLUTE
    _printf_f                                0x00000000   Number         0  stubs.o ABSOLUTE
    _printf_flags                            0x00000000   Number         0  stubs.o ABSOLUTE
    _printf_fp_dec                           0x00000000   Number         0  stubs.o ABSOLUTE
    _printf_fp_hex                           0x00000000   Number         0  stubs.o ABSOLUTE
    _printf_g                                0x00000000   Number         0  stubs.o ABSOLUTE
    _printf_i                                0x00000000   Number         0  stubs.o ABSOLUTE
    _printf_int_dec                          0x00000000   Number         0  stubs.o ABSOLUTE
    _printf_l                                0x00000000   Number         0  stubs.o ABSOLUTE
    _printf_lc                               0x00000000   Number         0  stubs.o ABSOLUTE
    _printf_ll                               0x00000000   Number         0  stubs.o ABSOLUTE
    _printf_lld                              0x00000000   Number         0  stubs.o ABSOLUTE
    _printf_lli                              0x00000000   Number         0  stubs.o ABSOLUTE
    _printf_llo                              0x00000000   Number         0  stubs.o ABSOLUTE
    _printf_llu                              0x00000000   Number         0  stubs.o ABSOLUTE
    _printf_llx                              0x00000000   Number         0  stubs.o ABSOLUTE
    _printf_longlong_dec                     0x00000000   Number         0  stubs.o ABSOLUTE
    _printf_longlong_hex                     0x00000000   Number         0  stubs.o ABSOLUTE
    _printf_longlong_oct                     0x00000000   Number         0  stubs.o ABSOLUTE
    _printf_ls                               0x00000000   Number         0  stubs.o ABSOLUTE
    _printf_mbtowc                           0x00000000   Number         0  stubs.o ABSOLUTE
    _printf_n                                0x00000000   Number         0  stubs.o ABSOLUTE
    _printf_o                                0x00000000   Number         0  stubs.o ABSOLUTE
    _printf_p                                0x00000000   Number         0  stubs.o ABSOLUTE
    _printf_percent                          0x00000000   Number         0  stubs.o ABSOLUTE
    _printf_pre_padding                      0x00000000   Number         0  stubs.o ABSOLUTE
    _printf_return_value                     0x00000000   Number         0  stubs.o ABSOLUTE
    _printf_s                                0x00000000   Number         0  stubs.o ABSOLUTE
    _printf_sizespec                         0x00000000   Number         0  stubs.o ABSOLUTE
    _printf_str                              0x00000000   Number         0  stubs.o ABSOLUTE
    _printf_truncate_signed                  0x00000000   Number         0  stubs.o ABSOLUTE
    _printf_truncate_unsigned                0x00000000   Number         0  stubs.o ABSOLUTE
    _printf_u                                0x00000000   Number         0  stubs.o ABSOLUTE
    _printf_wc                               0x00000000   Number         0  stubs.o ABSOLUTE
    _printf_wctomb                           0x00000000   Number         0  stubs.o ABSOLUTE
    _printf_widthprec                        0x00000000   Number         0  stubs.o ABSOLUTE
    _printf_x                                0x00000000   Number         0  stubs.o ABSOLUTE
    __arm_fini_                               - Undefined Weak Reference
    __cpp_initialize__aeabi_                  - Undefined Weak Reference
    __cxa_finalize                            - Undefined Weak Reference
    _clock_init                               - Undefined Weak Reference
    _microlib_exit                            - Undefined Weak Reference
    _scanf_longlong                           - Undefined Weak Reference
    _scanf_string                             - Undefined Weak Reference
    __Vectors_Size                           0x000000ec   Number         0  startup_stm32f10x_md.o ABSOLUTE
    __Vectors                                0x08000000   Data           4  startup_stm32f10x_md.o(RESET)
    __Vectors_End                            0x080000ec   Data           0  startup_stm32f10x_md.o(RESET)
    __main                                   0x080000ed   Thumb Code     0  entry.o(.ARM.Collect$$$$00000000)
    _main_stk                                0x080000ed   Thumb Code     0  entry2.o(.ARM.Collect$$$$00000001)
    _main_scatterload                        0x080000f1   Thumb Code     0  entry5.o(.ARM.Collect$$$$00000004)
    __main_after_scatterload                 0x080000f5   Thumb Code     0  entry5.o(.ARM.Collect$$$$00000004)
    _main_clock                              0x080000f5   Thumb Code     0  entry7b.o(.ARM.Collect$$$$00000008)
    _main_cpp_init                           0x080000f5   Thumb Code     0  entry8b.o(.ARM.Collect$$$$0000000A)
    _main_init                               0x080000f5   Thumb Code     0  entry9a.o(.ARM.Collect$$$$0000000B)
    __rt_lib_shutdown_fini                   0x080000fd   Thumb Code     0  entry12b.o(.ARM.Collect$$$$0000000E)
    __rt_final_cpp                           0x08000101   Thumb Code     0  entry10a.o(.ARM.Collect$$$$0000000F)
    __rt_final_exit                          0x08000101   Thumb Code     0  entry11a.o(.ARM.Collect$$$$00000011)
    __rt_ffs                                 0x08000105   Thumb Code    16  cpuport.o(.emb_text)
    Reset_Handler                            0x08000115   Thumb Code     8  startup_stm32f10x_md.o(.text)
    ADC1_2_IRQHandler                        0x0800012f   Thumb Code     0  startup_stm32f10x_md.o(.text)
    CAN1_RX1_IRQHandler                      0x0800012f   Thumb Code     0  startup_stm32f10x_md.o(.text)
    CAN1_SCE_IRQHandler                      0x0800012f   Thumb Code     0  startup_stm32f10x_md.o(.text)
    DMA1_Channel1_IRQHandler                 0x0800012f   Thumb Code     0  startup_stm32f10x_md.o(.text)
    DMA1_Channel2_IRQHandler                 0x0800012f   Thumb Code     0  startup_stm32f10x_md.o(.text)
    DMA1_Channel3_IRQHandler                 0x0800012f   Thumb Code     0  startup_stm32f10x_md.o(.text)
    DMA1_Channel4_IRQHandler                 0x0800012f   Thumb Code     0  startup_stm32f10x_md.o(.text)
    DMA1_Channel5_IRQHandler                 0x0800012f   Thumb Code     0  startup_stm32f10x_md.o(.text)
    DMA1_Channel6_IRQHandler                 0x0800012f   Thumb Code     0  startup_stm32f10x_md.o(.text)
    DMA1_Channel7_IRQHandler                 0x0800012f   Thumb Code     0  startup_stm32f10x_md.o(.text)
    EXTI0_IRQHandler                         0x0800012f   Thumb Code     0  startup_stm32f10x_md.o(.text)
    EXTI15_10_IRQHandler                     0x0800012f   Thumb Code     0  startup_stm32f10x_md.o(.text)
    EXTI1_IRQHandler                         0x0800012f   Thumb Code     0  startup_stm32f10x_md.o(.text)
    EXTI2_IRQHandler                         0x0800012f   Thumb Code     0  startup_stm32f10x_md.o(.text)
    EXTI3_IRQHandler                         0x0800012f   Thumb Code     0  startup_stm32f10x_md.o(.text)
    EXTI4_IRQHandler                         0x0800012f   Thumb Code     0  startup_stm32f10x_md.o(.text)
    EXTI9_5_IRQHandler                       0x0800012f   Thumb Code     0  startup_stm32f10x_md.o(.text)
    FLASH_IRQHandler                         0x0800012f   Thumb Code     0  startup_stm32f10x_md.o(.text)
    I2C1_ER_IRQHandler                       0x0800012f   Thumb Code     0  startup_stm32f10x_md.o(.text)
    I2C1_EV_IRQHandler                       0x0800012f   Thumb Code     0  startup_stm32f10x_md.o(.text)
    I2C2_ER_IRQHandler                       0x0800012f   Thumb Code     0  startup_stm32f10x_md.o(.text)
    I2C2_EV_IRQHandler                       0x0800012f   Thumb Code     0  startup_stm32f10x_md.o(.text)
    PVD_IRQHandler                           0x0800012f   Thumb Code     0  startup_stm32f10x_md.o(.text)
    RCC_IRQHandler                           0x0800012f   Thumb Code     0  startup_stm32f10x_md.o(.text)
    RTCAlarm_IRQHandler                      0x0800012f   Thumb Code     0  startup_stm32f10x_md.o(.text)
    RTC_IRQHandler                           0x0800012f   Thumb Code     0  startup_stm32f10x_md.o(.text)
    SPI1_IRQHandler                          0x0800012f   Thumb Code     0  startup_stm32f10x_md.o(.text)
    SPI2_IRQHandler                          0x0800012f   Thumb Code     0  startup_stm32f10x_md.o(.text)
    TAMPER_IRQHandler                        0x0800012f   Thumb Code     0  startup_stm32f10x_md.o(.text)
    TIM1_BRK_IRQHandler                      0x0800012f   Thumb Code     0  startup_stm32f10x_md.o(.text)
    TIM1_CC_IRQHandler                       0x0800012f   Thumb Code     0  startup_stm32f10x_md.o(.text)
    TIM1_TRG_COM_IRQHandler                  0x0800012f   Thumb Code     0  startup_stm32f10x_md.o(.text)
    TIM1_UP_IRQHandler                       0x0800012f   Thumb Code     0  startup_stm32f10x_md.o(.text)
    TIM2_IRQHandler                          0x0800012f   Thumb Code     0  startup_stm32f10x_md.o(.text)
    TIM3_IRQHandler                          0x0800012f   Thumb Code     0  startup_stm32f10x_md.o(.text)
    USBWakeUp_IRQHandler                     0x0800012f   Thumb Code     0  startup_stm32f10x_md.o(.text)
    USB_HP_CAN1_TX_IRQHandler                0x0800012f   Thumb Code     0  startup_stm32f10x_md.o(.text)
    USB_LP_CAN1_RX0_IRQHandler               0x0800012f   Thumb Code     0  startup_stm32f10x_md.o(.text)
    WWDG_IRQHandler                          0x0800012f   Thumb Code     0  startup_stm32f10x_md.o(.text)
    rt_hw_interrupt_disable                  0x08000139   Thumb Code     8  context_rvds.o(.text)
    rt_hw_interrupt_enable                   0x08000141   Thumb Code     6  context_rvds.o(.text)
    rt_hw_context_switch                     0x08000147   Thumb Code    32  context_rvds.o(.text)
    rt_hw_context_switch_interrupt           0x08000147   Thumb Code     0  context_rvds.o(.text)
    PendSV_Handler                           0x08000167   Thumb Code    60  context_rvds.o(.text)
    rt_hw_context_switch_to                  0x080001a3   Thumb Code    56  context_rvds.o(.text)
    rt_hw_interrupt_thread_switch            0x080001db   Thumb Code     2  context_rvds.o(.text)
    HardFault_Handler                        0x080001dd   Thumb Code    52  context_rvds.o(.text)
    __aeabi_memset                           0x0800022d   Thumb Code    14  memseta.o(.text)
    __aeabi_memset4                          0x0800022d   Thumb Code     0  memseta.o(.text)
    __aeabi_memset8                          0x0800022d   Thumb Code     0  memseta.o(.text)
    __aeabi_memclr                           0x0800023b   Thumb Code     4  memseta.o(.text)
    __aeabi_memclr4                          0x0800023b   Thumb Code     0  memseta.o(.text)
    __aeabi_memclr8                          0x0800023b   Thumb Code     0  memseta.o(.text)
    _memset$wrapper                          0x0800023f   Thumb Code    18  memseta.o(.text)
    strstr                                   0x08000251   Thumb Code    36  strstr.o(.text)
    __0sscanf                                0x08000275   Thumb Code    48  __0sscanf.o(.text)
    _scanf_int                               0x080002ad   Thumb Code   332  _scanf_int.o(.text)
    _scanf_real                              0x08000521   Thumb Code     0  scanf_fp.o(.text)
    _scanf_really_real                       0x08000521   Thumb Code   556  scanf_fp.o(.text)
    __aeabi_dadd                             0x08000759   Thumb Code   322  dadd.o(.text)
    __aeabi_dsub                             0x0800089b   Thumb Code     6  dadd.o(.text)
    __aeabi_drsub                            0x080008a1   Thumb Code     6  dadd.o(.text)
    __aeabi_dmul                             0x080008a7   Thumb Code   228  dmul.o(.text)
    __aeabi_ui2f                             0x0800098b   Thumb Code    10  ffltui.o(.text)
    __aeabi_f2uiz                            0x08000995   Thumb Code    40  ffixui.o(.text)
    __aeabi_f2d                              0x080009bd   Thumb Code    38  f2d.o(.text)
    __aeabi_cdrcmple                         0x080009e5   Thumb Code    48  cdrcmple.o(.text)
    __aeabi_cfcmpeq                          0x08000a15   Thumb Code     0  cfcmple.o(.text)
    __aeabi_cfcmple                          0x08000a15   Thumb Code    20  cfcmple.o(.text)
    __aeabi_uidiv                            0x08000a29   Thumb Code     0  uidiv.o(.text)
    __aeabi_uidivmod                         0x08000a29   Thumb Code    44  uidiv.o(.text)
    __aeabi_uldivmod                         0x08000a55   Thumb Code    98  uldiv.o(.text)
    __aeabi_llsl                             0x08000ab7   Thumb Code    30  llshl.o(.text)
    _ll_shift_l                              0x08000ab7   Thumb Code     0  llshl.o(.text)
    __aeabi_llsr                             0x08000ad5   Thumb Code    32  llushr.o(.text)
    _ll_ushift_r                             0x08000ad5   Thumb Code     0  llushr.o(.text)
    __aeabi_lasr                             0x08000af5   Thumb Code    36  llsshr.o(.text)
    _ll_sshift_r                             0x08000af5   Thumb Code     0  llsshr.o(.text)
    _chval                                   0x08000b19   Thumb Code    28  _chval.o(.text)
    __vfscanf_char                           0x08000b41   Thumb Code    20  scanf_char.o(.text)
    _sgetc                                   0x08000b5d   Thumb Code    30  _sgetc.o(.text)
    _sbackspace                              0x08000b7b   Thumb Code    34  _sgetc.o(.text)
    __I$use$fp                               0x08000b9d   Thumb Code     0  iusefp.o(.text)
    _float_round                             0x08000b9d   Thumb Code    18  fepilogue.o(.text)
    _float_epilogue                          0x08000baf   Thumb Code    92  fepilogue.o(.text)
    _double_round                            0x08000c0b   Thumb Code    30  depilogue.o(.text)
    _double_epilogue                         0x08000c29   Thumb Code   156  depilogue.o(.text)
    __aeabi_ddiv                             0x08000cc5   Thumb Code   222  ddiv.o(.text)
    __aeabi_ul2d                             0x08000da3   Thumb Code    24  dfltul.o(.text)
    __aeabi_d2ulz                            0x08000dbb   Thumb Code    48  dfixul.o(.text)
    __aeabi_d2f                              0x08000deb   Thumb Code    56  d2f.o(.text)
    __scatterload                            0x08000e25   Thumb Code    28  init.o(.text)
    __scatterload_rt2                        0x08000e25   Thumb Code     0  init.o(.text)
    isspace                                  0x08000e49   Thumb Code    10  isspace_c.o(.text)
    __vfscanf                                0x08000e55   Thumb Code   810  _scanf.o(.text)
    __ctype_lookup                           0x08001185   Thumb Code    34  ctype_c.o(.text)
    __decompress                             0x080011ad   Thumb Code     0  __dczerorl2.o(.text)
    __decompress1                            0x080011ad   Thumb Code    86  __dczerorl2.o(.text)
    main                                     0x08001203   Thumb Code    10  components.o(i.$Sub$$main)
    BEEP_Init                                0x0800120d   Thumb Code    44  beep.o(i.BEEP_Init)
    Beep_OFF                                 0x0800123d   Thumb Code    18  beep.o(i.Beep_OFF)
    Beep_ON                                  0x08001259   Thumb Code    18  beep.o(i.Beep_ON)
    BusFault_Handler                         0x08001275   Thumb Code     4  stm32f10x_it.o(i.BusFault_Handler)
    DebugMon_Handler                         0x08001279   Thumb Code     2  stm32f10x_it.o(i.DebugMon_Handler)
    Delay_ms                                 0x0800127b   Thumb Code    12  delay.o(i.Delay_ms)
    Delay_us                                 0x08001287   Thumb Code    12  delay.o(i.Delay_us)
    GPIO_Init                                0x08001293   Thumb Code   278  stm32f10x_gpio.o(i.GPIO_Init)
    GPIO_PinRemapConfig                      0x080013a9   Thumb Code   138  stm32f10x_gpio.o(i.GPIO_PinRemapConfig)
    GPIO_ResetBits                           0x08001439   Thumb Code     4  stm32f10x_gpio.o(i.GPIO_ResetBits)
    GPIO_SetBits                             0x0800143d   Thumb Code     4  stm32f10x_gpio.o(i.GPIO_SetBits)
    GPIO_WriteBit                            0x08001441   Thumb Code    10  stm32f10x_gpio.o(i.GPIO_WriteBit)
    LED_Init                                 0x0800144d   Thumb Code    46  led.o(i.LED_Init)
    LED_OFF                                  0x08001481   Thumb Code    12  led.o(i.LED_OFF)
    LED_ON                                   0x08001491   Thumb Code    12  led.o(i.LED_ON)
    MemManage_Handler                        0x080014a1   Thumb Code     4  stm32f10x_it.o(i.MemManage_Handler)
    NMI_Handler                              0x080014a5   Thumb Code     2  stm32f10x_it.o(i.NMI_Handler)
    NVIC_Init                                0x080014a9   Thumb Code   100  misc.o(i.NVIC_Init)
    NVIC_PriorityGroupConfig                 0x08001519   Thumb Code    10  misc.o(i.NVIC_PriorityGroupConfig)
    OLED_Clear                               0x0800152d   Thumb Code    42  oled.o(i.OLED_Clear)
    OLED_I2C_Init                            0x08001559   Thumb Code    76  oled.o(i.OLED_I2C_Init)
    OLED_I2C_SendByte                        0x080015a9   Thumb Code    80  oled.o(i.OLED_I2C_SendByte)
    OLED_I2C_Start                           0x080015fd   Thumb Code    48  oled.o(i.OLED_I2C_Start)
    OLED_I2C_Stop                            0x08001631   Thumb Code    36  oled.o(i.OLED_I2C_Stop)
    OLED_Init                                0x08001659   Thumb Code   174  oled.o(i.OLED_Init)
    OLED_Pow                                 0x08001707   Thumb Code    20  oled.o(i.OLED_Pow)
    OLED_SetCursor                           0x0800171b   Thumb Code    34  oled.o(i.OLED_SetCursor)
    OLED_ShowChar                            0x0800173d   Thumb Code   110  oled.o(i.OLED_ShowChar)
    OLED_ShowNum                             0x080017b1   Thumb Code    68  oled.o(i.OLED_ShowNum)
    OLED_WriteCommand                        0x080017f5   Thumb Code    32  oled.o(i.OLED_WriteCommand)
    OLED_WriteData                           0x08001815   Thumb Code    32  oled.o(i.OLED_WriteData)
    RCC_APB1PeriphClockCmd                   0x08001835   Thumb Code    26  stm32f10x_rcc.o(i.RCC_APB1PeriphClockCmd)
    RCC_APB2PeriphClockCmd                   0x08001855   Thumb Code    26  stm32f10x_rcc.o(i.RCC_APB2PeriphClockCmd)
    RCC_GetClocksFreq                        0x08001875   Thumb Code   192  stm32f10x_rcc.o(i.RCC_GetClocksFreq)
    Report_Move                              0x08001949   Thumb Code   244  main.o(i.Report_Move)
    SVC_Handler                              0x08001a69   Thumb Code     2  stm32f10x_it.o(i.SVC_Handler)
    Seria3_Init                              0x08001a6d   Thumb Code   174  lora.o(i.Seria3_Init)
    Serial_Init                              0x08001b25   Thumb Code   172  serial.o(i.Serial_Init)
    Serial_SendByte                          0x08001bd9   Thumb Code    28  serial.o(i.Serial_SendByte)
    Serial_SendString                        0x08001bf9   Thumb Code    26  serial.o(i.Serial_SendString)
    Stepper1_Run                             0x08001cfd   Thumb Code    84  step.o(i.Stepper1_Run)
    Stepper2_Run                             0x08001d55   Thumb Code    84  step.o(i.Stepper2_Run)
    Stepper_Init                             0x08001dad   Thumb Code    70  step.o(i.Stepper_Init)
    SysTick_Handler                          0x08001dfd   Thumb Code    16  drv_common.o(i.SysTick_Handler)
    SystemInit                               0x08001e0d   Thumb Code    78  system_stm32f10x.o(i.SystemInit)
    TIM4_IRQHandler                          0x08001e6d   Thumb Code   114  main.o(i.TIM4_IRQHandler)
    TIM_ClearFlag                            0x08001efd   Thumb Code     6  stm32f10x_tim.o(i.TIM_ClearFlag)
    TIM_ClearITPendingBit                    0x08001f03   Thumb Code     6  stm32f10x_tim.o(i.TIM_ClearITPendingBit)
    TIM_Cmd                                  0x08001f09   Thumb Code    24  stm32f10x_tim.o(i.TIM_Cmd)
    TIM_GetITStatus                          0x08001f21   Thumb Code    34  stm32f10x_tim.o(i.TIM_GetITStatus)
    TIM_ITConfig                             0x08001f43   Thumb Code    18  stm32f10x_tim.o(i.TIM_ITConfig)
    TIM_InternalClockConfig                  0x08001f55   Thumb Code    12  stm32f10x_tim.o(i.TIM_InternalClockConfig)
    TIM_TimeBaseInit                         0x08001f61   Thumb Code   122  stm32f10x_tim.o(i.TIM_TimeBaseInit)
    Timer_Init                               0x08002005   Thumb Code   124  timer.o(i.Timer_Init)
    USART1_IRQHandler                        0x08002085   Thumb Code    44  main.o(i.USART1_IRQHandler)
    USART2_IRQHandler                        0x080020b5   Thumb Code    44  main.o(i.USART2_IRQHandler)
    USART3_IRQHandler                        0x080020e9   Thumb Code   210  main.o(i.USART3_IRQHandler)
    USART_ClearITPendingBit                  0x080021d9   Thumb Code    30  stm32f10x_usart.o(i.USART_ClearITPendingBit)
    USART_Cmd                                0x080021f7   Thumb Code    24  stm32f10x_usart.o(i.USART_Cmd)
    USART_GetFlagStatus                      0x0800220f   Thumb Code    26  stm32f10x_usart.o(i.USART_GetFlagStatus)
    USART_GetITStatus                        0x08002229   Thumb Code    84  stm32f10x_usart.o(i.USART_GetITStatus)
    USART_ITConfig                           0x0800227d   Thumb Code    74  stm32f10x_usart.o(i.USART_ITConfig)
    USART_Init                               0x080022c9   Thumb Code   210  stm32f10x_usart.o(i.USART_Init)
    USART_ReceiveData                        0x080023a1   Thumb Code    10  stm32f10x_usart.o(i.USART_ReceiveData)
    USART_SendData                           0x080023ab   Thumb Code     8  stm32f10x_usart.o(i.USART_SendData)
    UsageFault_Handler                       0x080023b3   Thumb Code     4  stm32f10x_it.o(i.UsageFault_Handler)
    __0printf                                0x080023b9   Thumb Code    22  printfa.o(i.__0printf)
    __1printf                                0x080023b9   Thumb Code     0  printfa.o(i.__0printf)
    __2printf                                0x080023b9   Thumb Code     0  printfa.o(i.__0printf)
    __c89printf                              0x080023b9   Thumb Code     0  printfa.o(i.__0printf)
    printf                                   0x080023b9   Thumb Code     0  printfa.o(i.__0printf)
    __0snprintf                              0x080023d9   Thumb Code    48  printfa.o(i.__0snprintf)
    __1snprintf                              0x080023d9   Thumb Code     0  printfa.o(i.__0snprintf)
    __2snprintf                              0x080023d9   Thumb Code     0  printfa.o(i.__0snprintf)
    __c89snprintf                            0x080023d9   Thumb Code     0  printfa.o(i.__0snprintf)
    snprintf                                 0x080023d9   Thumb Code     0  printfa.o(i.__0snprintf)
    __scatterload_copy                       0x0800240d   Thumb Code    14  handlers.o(i.__scatterload_copy)
    __scatterload_null                       0x0800241b   Thumb Code     2  handlers.o(i.__scatterload_null)
    __scatterload_zeroinit                   0x0800241d   Thumb Code    14  handlers.o(i.__scatterload_zeroinit)
    _is_digit                                0x080026ad   Thumb Code    14  scanf_fp.o(i._is_digit)
    fputc                                    0x080030eb   Thumb Code    16  serial.o(i.fputc)
    $Super$$main                             0x080030fd   Thumb Code   202  main.o(i.main)
    main_thread_entry                        0x08003241   Thumb Code    14  components.o(i.main_thread_entry)
    rt_application_init                      0x080034d1   Thumb Code    46  components.o(i.rt_application_init)
    rt_assert_handler                        0x08003521   Thumb Code    56  kservice.o(i.rt_assert_handler)
    rt_components_board_init                 0x08003595   Thumb Code    20  components.o(i.rt_components_board_init)
    rt_components_init                       0x080035b1   Thumb Code    20  components.o(i.rt_components_init)
    rt_console_set_device                    0x080035cd   Thumb Code    56  kservice.o(i.rt_console_set_device)
    rt_critical_level                        0x08003609   Thumb Code     8  scheduler.o(i.rt_critical_level)
    rt_device_close                          0x08003651   Thumb Code    92  device.o(i.rt_device_close)
    rt_device_find                           0x080036fd   Thumb Code    14  device.o(i.rt_device_find)
    rt_device_open                           0x0800370d   Thumb Code   162  device.o(i.rt_device_open)
    rt_device_write                          0x08003815   Thumb Code    98  device.o(i.rt_device_write)
    rt_enter_critical                        0x080038c9   Thumb Code    28  scheduler.o(i.rt_enter_critical)
    rt_exit_critical                         0x080038e9   Thumb Code    60  scheduler.o(i.rt_exit_critical)
    rt_free                                  0x0800392d   Thumb Code    42  kservice.o(i.rt_free)
    rt_hw_board_init                         0x0800395d   Thumb Code   118  drv_common.o(i.rt_hw_board_init)
    rt_hw_console_output                     0x080039f1   Thumb Code     2  kservice.o(i.rt_hw_console_output)
    rt_hw_hard_fault_exception               0x080039f5   Thumb Code   190  cpuport.o(i.rt_hw_hard_fault_exception)
    rt_hw_stack_init                         0x08003bf5   Thumb Code    70  cpuport.o(i.rt_hw_stack_init)
    rt_hw_us_delay                           0x08003c41   Thumb Code    54  drv_common.o(i.rt_hw_us_delay)
    rt_interrupt_enter                       0x08003c81   Thumb Code    46  irq.o(i.rt_interrupt_enter)
    rt_interrupt_get_nest                    0x08003cb9   Thumb Code    22  irq.o(i.rt_interrupt_get_nest)
    rt_interrupt_leave                       0x08003cd5   Thumb Code    46  irq.o(i.rt_interrupt_leave)
    rt_kprintf                               0x08003d0d   Thumb Code    68  kservice.o(i.rt_kprintf)
    rt_malloc                                0x08003de5   Thumb Code    52  kservice.o(i.rt_malloc)
    rt_memset                                0x08003e21   Thumb Code    72  kservice.o(i.rt_memset)
    rt_mutex_init                            0x08003e69   Thumb Code    62  ipc.o(i.rt_mutex_init)
    rt_mutex_release                         0x08003ec1   Thumb Code   346  ipc.o(i.rt_mutex_release)
    rt_mutex_take                            0x080040a1   Thumb Code   432  ipc.o(i.rt_mutex_take)
    rt_object_allocate                       0x08004305   Thumb Code   158  object.o(i.rt_object_allocate)
    rt_object_delete                         0x080043f1   Thumb Code    88  object.o(i.rt_object_delete)
    rt_object_detach                         0x08004491   Thumb Code    62  object.o(i.rt_object_detach)
    rt_object_find                           0x080044ed   Thumb Code   124  object.o(i.rt_object_find)
    rt_object_get_information                0x08004599   Thumb Code    36  object.o(i.rt_object_get_information)
    rt_object_get_type                       0x080045c1   Thumb Code    26  object.o(i.rt_object_get_type)
    rt_object_init                           0x080045f5   Thumb Code   140  object.o(i.rt_object_init)
    rt_object_is_systemobject                0x080046b1   Thumb Code    34  object.o(i.rt_object_is_systemobject)
    rt_schedule                              0x080046ed   Thumb Code   318  scheduler.o(i.rt_schedule)
    rt_schedule_insert_thread                0x08004849   Thumb Code   118  scheduler.o(i.rt_schedule_insert_thread)
    rt_schedule_remove_thread                0x080048e5   Thumb Code    94  scheduler.o(i.rt_schedule_remove_thread)
    rt_sem_init                              0x08004965   Thumb Code    88  ipc.o(i.rt_sem_init)
    rt_sem_release                           0x08004a21   Thumb Code   140  ipc.o(i.rt_sem_release)
    rt_sem_take                              0x08004ac9   Thumb Code   330  ipc.o(i.rt_sem_take)
    rt_set_errno                             0x08004cc5   Thumb Code    36  kservice.o(i.rt_set_errno)
    rt_show_version                          0x08004ced   Thumb Code    42  kservice.o(i.rt_show_version)
    rt_smem_alloc                            0x08004db1   Thumb Code   450  mem.o(i.rt_smem_alloc)
    rt_smem_free                             0x08005029   Thumb Code   206  mem.o(i.rt_smem_free)
    rt_smem_init                             0x080051cd   Thumb Code   176  mem.o(i.rt_smem_init)
    rt_sprintf                               0x080052c1   Thumb Code    34  kservice.o(i.rt_sprintf)
    rt_strncmp                               0x080052e3   Thumb Code    40  kservice.o(i.rt_strncmp)
    rt_strncpy                               0x0800530b   Thumb Code    52  kservice.o(i.rt_strncpy)
    rt_system_heap_init                      0x08005341   Thumb Code    66  kservice.o(i.rt_system_heap_init)
    rt_system_scheduler_init                 0x080053b9   Thumb Code    42  scheduler.o(i.rt_system_scheduler_init)
    rt_system_scheduler_start                0x080053f1   Thumb Code    36  scheduler.o(i.rt_system_scheduler_start)
    rt_system_timer_init                     0x08005419   Thumb Code    24  timer_1.o(i.rt_system_timer_init)
    rt_system_timer_thread_init              0x08005435   Thumb Code     2  timer_1.o(i.rt_system_timer_thread_init)
    rt_thread_control                        0x08005439   Thumb Code   182  thread.o(i.rt_thread_control)
    rt_thread_create                         0x0800550d   Thumb Code    80  thread.o(i.rt_thread_create)
    rt_thread_defunct_dequeue                0x0800555d   Thumb Code    56  idle.o(i.rt_thread_defunct_dequeue)
    rt_thread_defunct_enqueue                0x08005599   Thumb Code    24  idle.o(i.rt_thread_defunct_enqueue)
    rt_thread_delete                         0x080055b5   Thumb Code   128  thread.o(i.rt_thread_delete)
    rt_thread_detach                         0x0800568d   Thumb Code   128  thread.o(i.rt_thread_detach)
    rt_thread_idle_init                      0x0800577d   Thumb Code    74  idle.o(i.rt_thread_idle_init)
    rt_thread_init                           0x080057dd   Thumb Code    78  thread.o(i.rt_thread_init)
    rt_thread_mdelay                         0x0800585d   Thumb Code    20  thread.o(i.rt_thread_mdelay)
    rt_thread_resume                         0x08005871   Thumb Code   122  thread.o(i.rt_thread_resume)
    rt_thread_self                           0x0800590d   Thumb Code     6  thread.o(i.rt_thread_self)
    rt_thread_sleep                          0x08005919   Thumb Code   104  thread.o(i.rt_thread_sleep)
    rt_thread_startup                        0x0800599d   Thumb Code   102  thread.o(i.rt_thread_startup)
    rt_thread_suspend                        0x08005a59   Thumb Code   154  thread.o(i.rt_thread_suspend)
    rt_tick_from_millisecond                 0x08005b31   Thumb Code    56  clock.o(i.rt_tick_from_millisecond)
    rt_tick_get                              0x08005b69   Thumb Code     6  clock.o(i.rt_tick_get)
    rt_tick_increase                         0x08005b75   Thumb Code    90  clock.o(i.rt_tick_increase)
    rt_timer_check                           0x08005bd9   Thumb Code   208  timer_1.o(i.rt_timer_check)
    rt_timer_control                         0x08005cb5   Thumb Code   162  timer_1.o(i.rt_timer_control)
    rt_timer_detach                          0x08005dd5   Thumb Code    96  timer_1.o(i.rt_timer_detach)
    rt_timer_init                            0x08005eb5   Thumb Code    94  timer_1.o(i.rt_timer_init)
    rt_timer_start                           0x08005f59   Thumb Code   294  timer_1.o(i.rt_timer_start)
    rt_timer_stop                            0x080060e1   Thumb Code   102  timer_1.o(i.rt_timer_stop)
    rt_vsnprintf                             0x080061a1   Thumb Code   824  kservice.o(i.rt_vsnprintf)
    rt_vsprintf                              0x080064e1   Thumb Code    22  kservice.o(i.rt_vsprintf)
    rtthread_startup                         0x08006507   Thumb Code    42  components.o(i.rtthread_startup)
    uart2_init                               0x08006649   Thumb Code   170  serial.o(i.uart2_init)
    uart2_send_byte                          0x080066fd   Thumb Code    28  serial.o(i.uart2_send_byte)
    uart2_send_string                        0x0800671d   Thumb Code    22  serial.o(i.uart2_send_string)
    usart1_receive_callback                  0x08006735   Thumb Code   110  serial.o(i.usart1_receive_callback)
    wireless_clear_buffer                    0x080067d1   Thumb Code    20  driver_wireless.o(i.wireless_clear_buffer)
    wireless_error_handler                   0x080067ed   Thumb Code   122  driver_wireless.o(i.wireless_error_handler)
    wireless_get_receive_flag                0x08006931   Thumb Code    12  driver_wireless.o(i.wireless_get_receive_flag)
    wireless_init                            0x08006941   Thumb Code   344  driver_wireless.o(i.wireless_init)
    wireless_mqtt_connect_status             0x08006bb5   Thumb Code    34  driver_wireless.o(i.wireless_mqtt_connect_status)
    wireless_onenet_data_handler             0x08006c25   Thumb Code    76  driver_wireless.o(i.wireless_onenet_data_handler)
    wireless_publish_data                    0x08006cb1   Thumb Code   464  driver_wireless.o(i.wireless_publish_data)
    wireless_receive_callback                0x08006fa5   Thumb Code    76  driver_wireless.o(i.wireless_receive_callback)
    wireless_receive_data_handler            0x08006ffd   Thumb Code   112  driver_wireless.o(i.wireless_receive_data_handler)
    wireless_send_command                    0x08007109   Thumb Code   114  driver_wireless.o(i.wireless_send_command)
    wireless_system_handler                  0x080071d5   Thumb Code    52  driver_wireless.o(i.wireless_system_handler)
    wireless_wifi_connect_status             0x0800726d   Thumb Code    34  driver_wireless.o(i.wireless_wifi_connect_status)
    OLED_F8x16                               0x080072b0   Data        1520  oled.o(.constdata)
    __ctype_categories                       0x08007e06   Data          64  ctype_c.o(.constdata)
    __rt_init_rti_start                      0x0800829c   Data           4  components.o(.rti_fn.0)
    __rt_init_rti_board_start                0x080082a0   Data           4  components.o(.rti_fn.0.end)
    __rt_init_rti_board_end                  0x080082a4   Data           4  components.o(.rti_fn.1.end)
    __rt_init_rti_end                        0x080082a8   Data           4  components.o(.rti_fn.6.end)
    Region$$Table$$Base                      0x080082ac   Number         0  anon$$obj.o(Region$$Table)
    Region$$Table$$Limit                     0x080082cc   Number         0  anon$$obj.o(Region$$Table)
    SystemCoreClock                          0x20000000   Data           4  system_stm32f10x.o(.data)
    AHBPrescTable                            0x20000004   Data          16  system_stm32f10x.o(.data)
    MQ2_PPM                                  0x20000028   Data           4  lora.o(.data)
    MQ7_PPM                                  0x2000002c   Data           4  lora.o(.data)
    FR                                       0x20000030   Data           4  lora.o(.data)
    wendu                                    0x20000034   Data           4  lora.o(.data)
    shidu                                    0x20000038   Data           4  lora.o(.data)
    GT                                       0x2000003c   Data           4  lora.o(.data)
    Pass_status                              0x20000040   Data           4  lora.o(.data)
    BEEP_status                              0x20000044   Data           1  beep.o(.data)
    GT_Control                               0x20000048   Data          12  driver_wireless.o(.data)
    BEEP_Control                             0x20000054   Data          12  driver_wireless.o(.data)
    temperature                              0x20000060   Data          12  driver_wireless.o(.data)
    humidity                                 0x2000006c   Data          12  driver_wireless.o(.data)
    Fire                                     0x20000078   Data          12  driver_wireless.o(.data)
    CO                                       0x20000084   Data          12  driver_wireless.o(.data)
    SMK                                      0x20000090   Data          12  driver_wireless.o(.data)
    Pass                                     0x2000009c   Data          12  driver_wireless.o(.data)
    onenet_data_array                        0x200000a8   Data          32  driver_wireless.o(.data)
    W_RxDataCnt                              0x200000c8   Data           2  driver_wireless.o(.data)
    WirelessStatus                           0x200000ca   Data           4  driver_wireless.o(.data)
    rt_interrupt_nest                        0x200000f8   Data           1  irq.o(.data)
    rt_assert_hook                           0x20000110   Data           4  kservice.o(.data)
    rt_object_trytake_hook                   0x200001bc   Data           4  object.o(.data)
    rt_object_take_hook                      0x200001c0   Data           4  object.o(.data)
    rt_object_put_hook                       0x200001c4   Data           4  object.o(.data)
    rt_thread_ready_priority_group           0x200001c8   Data           4  scheduler.o(.data)
    rt_current_thread                        0x200001d0   Data           4  scheduler.o(.data)
    rt_current_priority                      0x200001d4   Data           1  scheduler.o(.data)
    rt_interrupt_from_thread                 0x20000200   Data           4  cpuport.o(.data)
    rt_interrupt_to_thread                   0x20000204   Data           4  cpuport.o(.data)
    rt_thread_switch_interrupt_flag          0x20000208   Data           4  cpuport.o(.data)
    __stdout                                 0x20000210   Data           4  stdout.o(.data)
    W_RxBuffer                               0x20000214   Data         328  driver_wireless.o(.bss)
    Uart1                                    0x2000035c   Data         260  serial.o(.bss)
    str_n                                    0x20000460   Data         100  main.o(.bss)
    str_m                                    0x200004c4   Data         100  main.o(.bss)
    rt_thread_priority_table                 0x20001d3c   Data         256  scheduler.o(.bss)
    Image$$RW_IRAM1$$ZI$$Limit               0x20002240   Number         0  anon$$obj.o ABSOLUTE
    __initial_sp                             0x20002240   Data           0  startup_stm32f10x_md.o(STACK)



==============================================================================

Memory Map of the image

  Image Entry point : 0x080000ed

  Load Region LR_IROM1 (Base: 0x08000000, Size: 0x000084e0, Max: 0x00010000, ABSOLUTE, COMPRESSED[0x00008384])

    Execution Region ER_IROM1 (Exec base: 0x08000000, Load base: 0x08000000, Size: 0x000082cc, Max: 0x00010000, ABSOLUTE)

    Exec Addr    Load Addr    Size         Type   Attr      Idx    E Section Name        Object

    0x08000000   0x08000000   0x000000ec   Data   RO            3    RESET               startup_stm32f10x_md.o
    0x080000ec   0x080000ec   0x00000000   Code   RO         6211  * .ARM.Collect$$$$00000000  mc_w.l(entry.o)
    0x080000ec   0x080000ec   0x00000004   Code   RO         6549    .ARM.Collect$$$$00000001  mc_w.l(entry2.o)
    0x080000f0   0x080000f0   0x00000004   Code   RO         6552    .ARM.Collect$$$$00000004  mc_w.l(entry5.o)
    0x080000f4   0x080000f4   0x00000000   Code   RO         6554    .ARM.Collect$$$$00000008  mc_w.l(entry7b.o)
    0x080000f4   0x080000f4   0x00000000   Code   RO         6556    .ARM.Collect$$$$0000000A  mc_w.l(entry8b.o)
    0x080000f4   0x080000f4   0x00000008   Code   RO         6557    .ARM.Collect$$$$0000000B  mc_w.l(entry9a.o)
    0x080000fc   0x080000fc   0x00000004   Code   RO         6564    .ARM.Collect$$$$0000000E  mc_w.l(entry12b.o)
    0x08000100   0x08000100   0x00000000   Code   RO         6559    .ARM.Collect$$$$0000000F  mc_w.l(entry10a.o)
    0x08000100   0x08000100   0x00000000   Code   RO         6561    .ARM.Collect$$$$00000011  mc_w.l(entry11a.o)
    0x08000100   0x08000100   0x00000004   Code   RO         6550    .ARM.Collect$$$$00002712  mc_w.l(entry2.o)
    0x08000104   0x08000104   0x00000010   Code   RO         5388    .emb_text           cpuport.o
    0x08000114   0x08000114   0x00000024   Code   RO            4    .text               startup_stm32f10x_md.o
    0x08000138   0x08000138   0x000000f4   Code   RO         5466    .text               context_rvds.o
    0x0800022c   0x0800022c   0x00000024   Code   RO         6218    .text               mc_w.l(memseta.o)
    0x08000250   0x08000250   0x00000024   Code   RO         6220    .text               mc_w.l(strstr.o)
    0x08000274   0x08000274   0x00000038   Code   RO         6521    .text               mc_w.l(__0sscanf.o)
    0x080002ac   0x080002ac   0x0000014c   Code   RO         6523    .text               mc_w.l(_scanf_int.o)
    0x080003f8   0x080003f8   0x00000360   Code   RO         6525    .text               mc_w.l(scanf_fp.o)
    0x08000758   0x08000758   0x0000014e   Code   RO         6529    .text               mf_w.l(dadd.o)
    0x080008a6   0x080008a6   0x000000e4   Code   RO         6531    .text               mf_w.l(dmul.o)
    0x0800098a   0x0800098a   0x0000000a   Code   RO         6533    .text               mf_w.l(ffltui.o)
    0x08000994   0x08000994   0x00000028   Code   RO         6537    .text               mf_w.l(ffixui.o)
    0x080009bc   0x080009bc   0x00000026   Code   RO         6541    .text               mf_w.l(f2d.o)
    0x080009e2   0x080009e2   0x00000002   PAD
    0x080009e4   0x080009e4   0x00000030   Code   RO         6545    .text               mf_w.l(cdrcmple.o)
    0x08000a14   0x08000a14   0x00000014   Code   RO         6547    .text               mf_w.l(cfcmple.o)
    0x08000a28   0x08000a28   0x0000002c   Code   RO         6566    .text               mc_w.l(uidiv.o)
    0x08000a54   0x08000a54   0x00000062   Code   RO         6568    .text               mc_w.l(uldiv.o)
    0x08000ab6   0x08000ab6   0x0000001e   Code   RO         6570    .text               mc_w.l(llshl.o)
    0x08000ad4   0x08000ad4   0x00000020   Code   RO         6572    .text               mc_w.l(llushr.o)
    0x08000af4   0x08000af4   0x00000024   Code   RO         6574    .text               mc_w.l(llsshr.o)
    0x08000b18   0x08000b18   0x0000001c   Code   RO         6578    .text               mc_w.l(_chval.o)
    0x08000b34   0x08000b34   0x00000028   Code   RO         6580    .text               mc_w.l(scanf_char.o)
    0x08000b5c   0x08000b5c   0x00000040   Code   RO         6582    .text               mc_w.l(_sgetc.o)
    0x08000b9c   0x08000b9c   0x00000000   Code   RO         6586    .text               mc_w.l(iusefp.o)
    0x08000b9c   0x08000b9c   0x0000006e   Code   RO         6587    .text               mf_w.l(fepilogue.o)
    0x08000c0a   0x08000c0a   0x000000ba   Code   RO         6589    .text               mf_w.l(depilogue.o)
    0x08000cc4   0x08000cc4   0x000000de   Code   RO         6591    .text               mf_w.l(ddiv.o)
    0x08000da2   0x08000da2   0x00000018   Code   RO         6593    .text               mf_w.l(dfltul.o)
    0x08000dba   0x08000dba   0x00000030   Code   RO         6595    .text               mf_w.l(dfixul.o)
    0x08000dea   0x08000dea   0x00000038   Code   RO         6597    .text               mf_w.l(d2f.o)
    0x08000e22   0x08000e22   0x00000002   PAD
    0x08000e24   0x08000e24   0x00000024   Code   RO         6599    .text               mc_w.l(init.o)
    0x08000e48   0x08000e48   0x0000000a   Code   RO         6601    .text               mc_w.l(isspace_c.o)
    0x08000e52   0x08000e52   0x00000002   PAD
    0x08000e54   0x08000e54   0x00000330   Code   RO         6603    .text               mc_w.l(_scanf.o)
    0x08001184   0x08001184   0x00000028   Code   RO         6605    .text               mc_w.l(ctype_c.o)
    0x080011ac   0x080011ac   0x00000056   Code   RO         6616    .text               mc_w.l(__dczerorl2.o)
    0x08001202   0x08001202   0x0000000a   Code   RO         4000    i.$Sub$$main        components.o
    0x0800120c   0x0800120c   0x00000030   Code   RO         3460    i.BEEP_Init         beep.o
    0x0800123c   0x0800123c   0x0000001c   Code   RO         3461    i.Beep_OFF          beep.o
    0x08001258   0x08001258   0x0000001c   Code   RO         3462    i.Beep_ON           beep.o
    0x08001274   0x08001274   0x00000004   Code   RO         3911    i.BusFault_Handler  stm32f10x_it.o
    0x08001278   0x08001278   0x00000002   Code   RO         3912    i.DebugMon_Handler  stm32f10x_it.o
    0x0800127a   0x0800127a   0x0000000c   Code   RO         3196    i.Delay_ms          delay.o
    0x08001286   0x08001286   0x0000000c   Code   RO         3198    i.Delay_us          delay.o
    0x08001292   0x08001292   0x00000116   Code   RO         1347    i.GPIO_Init         stm32f10x_gpio.o
    0x080013a8   0x080013a8   0x00000090   Code   RO         1349    i.GPIO_PinRemapConfig  stm32f10x_gpio.o
    0x08001438   0x08001438   0x00000004   Code   RO         1354    i.GPIO_ResetBits    stm32f10x_gpio.o
    0x0800143c   0x0800143c   0x00000004   Code   RO         1355    i.GPIO_SetBits      stm32f10x_gpio.o
    0x08001440   0x08001440   0x0000000a   Code   RO         1358    i.GPIO_WriteBit     stm32f10x_gpio.o
    0x0800144a   0x0800144a   0x00000002   PAD
    0x0800144c   0x0800144c   0x00000034   Code   RO         3686    i.LED_Init          led.o
    0x08001480   0x08001480   0x00000010   Code   RO         3687    i.LED_OFF           led.o
    0x08001490   0x08001490   0x00000010   Code   RO         3688    i.LED_ON            led.o
    0x080014a0   0x080014a0   0x00000004   Code   RO         3913    i.MemManage_Handler  stm32f10x_it.o
    0x080014a4   0x080014a4   0x00000002   Code   RO         3914    i.NMI_Handler       stm32f10x_it.o
    0x080014a6   0x080014a6   0x00000002   PAD
    0x080014a8   0x080014a8   0x00000070   Code   RO          137    i.NVIC_Init         misc.o
    0x08001518   0x08001518   0x00000014   Code   RO          138    i.NVIC_PriorityGroupConfig  misc.o
    0x0800152c   0x0800152c   0x0000002a   Code   RO         3282    i.OLED_Clear        oled.o
    0x08001556   0x08001556   0x00000002   PAD
    0x08001558   0x08001558   0x00000050   Code   RO         3283    i.OLED_I2C_Init     oled.o
    0x080015a8   0x080015a8   0x00000054   Code   RO         3284    i.OLED_I2C_SendByte  oled.o
    0x080015fc   0x080015fc   0x00000034   Code   RO         3285    i.OLED_I2C_Start    oled.o
    0x08001630   0x08001630   0x00000028   Code   RO         3286    i.OLED_I2C_Stop     oled.o
    0x08001658   0x08001658   0x000000ae   Code   RO         3287    i.OLED_Init         oled.o
    0x08001706   0x08001706   0x00000014   Code   RO         3288    i.OLED_Pow          oled.o
    0x0800171a   0x0800171a   0x00000022   Code   RO         3289    i.OLED_SetCursor    oled.o
    0x0800173c   0x0800173c   0x00000074   Code   RO         3291    i.OLED_ShowChar     oled.o
    0x080017b0   0x080017b0   0x00000044   Code   RO         3293    i.OLED_ShowNum      oled.o
    0x080017f4   0x080017f4   0x00000020   Code   RO         3296    i.OLED_WriteCommand  oled.o
    0x08001814   0x08001814   0x00000020   Code   RO         3297    i.OLED_WriteData    oled.o
    0x08001834   0x08001834   0x00000020   Code   RO         1775    i.RCC_APB1PeriphClockCmd  stm32f10x_rcc.o
    0x08001854   0x08001854   0x00000020   Code   RO         1777    i.RCC_APB2PeriphClockCmd  stm32f10x_rcc.o
    0x08001874   0x08001874   0x000000d4   Code   RO         1785    i.RCC_GetClocksFreq  stm32f10x_rcc.o
    0x08001948   0x08001948   0x00000120   Code   RO         3710    i.Report_Move       main.o
    0x08001a68   0x08001a68   0x00000002   Code   RO         3915    i.SVC_Handler       stm32f10x_it.o
    0x08001a6a   0x08001a6a   0x00000002   PAD
    0x08001a6c   0x08001a6c   0x000000b8   Code   RO         3402    i.Seria3_Init       lora.o
    0x08001b24   0x08001b24   0x000000b4   Code   RO         3596    i.Serial_Init       serial.o
    0x08001bd8   0x08001bd8   0x00000020   Code   RO         3598    i.Serial_SendByte   serial.o
    0x08001bf8   0x08001bf8   0x0000001a   Code   RO         3599    i.Serial_SendString  serial.o
    0x08001c12   0x08001c12   0x00000008   Code   RO           24    i.SetSysClock       system_stm32f10x.o
    0x08001c1a   0x08001c1a   0x00000002   PAD
    0x08001c1c   0x08001c1c   0x000000e0   Code   RO           25    i.SetSysClockTo72   system_stm32f10x.o
    0x08001cfc   0x08001cfc   0x00000058   Code   RO         3662    i.Stepper1_Run      step.o
    0x08001d54   0x08001d54   0x00000058   Code   RO         3663    i.Stepper2_Run      step.o
    0x08001dac   0x08001dac   0x00000050   Code   RO         3664    i.Stepper_Init      step.o
    0x08001dfc   0x08001dfc   0x00000010   Code   RO         5474    i.SysTick_Handler   drv_common.o
    0x08001e0c   0x08001e0c   0x00000060   Code   RO           27    i.SystemInit        system_stm32f10x.o
    0x08001e6c   0x08001e6c   0x00000090   Code   RO         3711    i.TIM4_IRQHandler   main.o
    0x08001efc   0x08001efc   0x00000006   Code   RO         2415    i.TIM_ClearFlag     stm32f10x_tim.o
    0x08001f02   0x08001f02   0x00000006   Code   RO         2416    i.TIM_ClearITPendingBit  stm32f10x_tim.o
    0x08001f08   0x08001f08   0x00000018   Code   RO         2421    i.TIM_Cmd           stm32f10x_tim.o
    0x08001f20   0x08001f20   0x00000022   Code   RO         2442    i.TIM_GetITStatus   stm32f10x_tim.o
    0x08001f42   0x08001f42   0x00000012   Code   RO         2446    i.TIM_ITConfig      stm32f10x_tim.o
    0x08001f54   0x08001f54   0x0000000c   Code   RO         2448    i.TIM_InternalClockConfig  stm32f10x_tim.o
    0x08001f60   0x08001f60   0x000000a4   Code   RO         2492    i.TIM_TimeBaseInit  stm32f10x_tim.o
    0x08002004   0x08002004   0x00000080   Code   RO         3390    i.Timer_Init        timer.o
    0x08002084   0x08002084   0x00000030   Code   RO         3712    i.USART1_IRQHandler  main.o
    0x080020b4   0x080020b4   0x00000034   Code   RO         3713    i.USART2_IRQHandler  main.o
    0x080020e8   0x080020e8   0x000000f0   Code   RO         3714    i.USART3_IRQHandler  main.o
    0x080021d8   0x080021d8   0x0000001e   Code   RO         2957    i.USART_ClearITPendingBit  stm32f10x_usart.o
    0x080021f6   0x080021f6   0x00000018   Code   RO         2960    i.USART_Cmd         stm32f10x_usart.o
    0x0800220e   0x0800220e   0x0000001a   Code   RO         2963    i.USART_GetFlagStatus  stm32f10x_usart.o
    0x08002228   0x08002228   0x00000054   Code   RO         2964    i.USART_GetITStatus  stm32f10x_usart.o
    0x0800227c   0x0800227c   0x0000004a   Code   RO         2966    i.USART_ITConfig    stm32f10x_usart.o
    0x080022c6   0x080022c6   0x00000002   PAD
    0x080022c8   0x080022c8   0x000000d8   Code   RO         2967    i.USART_Init        stm32f10x_usart.o
    0x080023a0   0x080023a0   0x0000000a   Code   RO         2974    i.USART_ReceiveData  stm32f10x_usart.o
    0x080023aa   0x080023aa   0x00000008   Code   RO         2977    i.USART_SendData    stm32f10x_usart.o
    0x080023b2   0x080023b2   0x00000004   Code   RO         3916    i.UsageFault_Handler  stm32f10x_it.o
    0x080023b6   0x080023b6   0x00000002   PAD
    0x080023b8   0x080023b8   0x00000020   Code   RO         6465    i.__0printf         mc_w.l(printfa.o)
    0x080023d8   0x080023d8   0x00000034   Code   RO         6466    i.__0snprintf       mc_w.l(printfa.o)
    0x0800240c   0x0800240c   0x0000000e   Code   RO         6610    i.__scatterload_copy  mc_w.l(handlers.o)
    0x0800241a   0x0800241a   0x00000002   Code   RO         6611    i.__scatterload_null  mc_w.l(handlers.o)
    0x0800241c   0x0800241c   0x0000000e   Code   RO         6612    i.__scatterload_zeroinit  mc_w.l(handlers.o)
    0x0800242a   0x0800242a   0x00000002   PAD
    0x0800242c   0x0800242c   0x00000184   Code   RO         6472    i._fp_digits        mc_w.l(printfa.o)
    0x080025b0   0x080025b0   0x0000001c   Code   RO         4544    i._heap_lock        kservice.o
    0x080025cc   0x080025cc   0x00000038   Code   RO         4545    i._heap_unlock      kservice.o
    0x08002604   0x08002604   0x00000018   Code   RO         4212    i._ipc_list_resume  ipc.o
    0x0800261c   0x0800261c   0x00000080   Code   RO         4214    i._ipc_list_suspend  ipc.o
    0x0800269c   0x0800269c   0x00000010   Code   RO         4215    i._ipc_object_init  ipc.o
    0x080026ac   0x080026ac   0x0000000e   Code   RO         6527    i._is_digit         mc_w.l(scanf_fp.o)
    0x080026ba   0x080026ba   0x00000002   PAD
    0x080026bc   0x080026bc   0x000006b4   Code   RO         6473    i._printf_core      mc_w.l(printfa.o)
    0x08002d70   0x08002d70   0x00000024   Code   RO         6474    i._printf_post_padding  mc_w.l(printfa.o)
    0x08002d94   0x08002d94   0x0000002e   Code   RO         6475    i._printf_pre_padding  mc_w.l(printfa.o)
    0x08002dc2   0x08002dc2   0x00000002   PAD
    0x08002dc4   0x08002dc4   0x000000c4   Code   RO         5032    i._rt_scheduler_stack_check  scheduler.o
    0x08002e88   0x08002e88   0x00000028   Code   RO         5033    i._scheduler_get_highest_priority_thread  scheduler.o
    0x08002eb0   0x08002eb0   0x00000016   Code   RO         6476    i._snputc           mc_w.l(printfa.o)
    0x08002ec6   0x08002ec6   0x00000034   Code   RO         5117    i._thread_exit      thread.o
    0x08002efa   0x08002efa   0x00000002   PAD
    0x08002efc   0x08002efc   0x000000d4   Code   RO         5118    i._thread_init      thread.o
    0x08002fd0   0x08002fd0   0x000000bc   Code   RO         5119    i._thread_timeout   thread.o
    0x0800308c   0x0800308c   0x00000042   Code   RO         5262    i._timer_init       timer_1.o
    0x080030ce   0x080030ce   0x0000001c   Code   RO         5264    i._timer_remove     timer_1.o
    0x080030ea   0x080030ea   0x00000010   Code   RO         3600    i.fputc             serial.o
    0x080030fa   0x080030fa   0x00000002   PAD
    0x080030fc   0x080030fc   0x00000144   Code   RO         3715    i.main              main.o
    0x08003240   0x08003240   0x0000000e   Code   RO         4001    i.main_thread_entry  components.o
    0x0800324e   0x0800324e   0x00000002   PAD
    0x08003250   0x08003250   0x000000e8   Code   RO         4806    i.plug_holes        mem.o
    0x08003338   0x08003338   0x00000198   Code   RO         4547    i.print_number      kservice.o
    0x080034d0   0x080034d0   0x00000050   Code   RO         4002    i.rt_application_init  components.o
    0x08003520   0x08003520   0x00000074   Code   RO         4548    i.rt_assert_handler  kservice.o
    0x08003594   0x08003594   0x0000001c   Code   RO         4003    i.rt_components_board_init  components.o
    0x080035b0   0x080035b0   0x0000001c   Code   RO         4004    i.rt_components_init  components.o
    0x080035cc   0x080035cc   0x0000003c   Code   RO         4552    i.rt_console_set_device  kservice.o
    0x08003608   0x08003608   0x0000000c   Code   RO         5034    i.rt_critical_level  scheduler.o
    0x08003614   0x08003614   0x0000003c   Code   RO         4154    i.rt_defunct_execute  idle.o
    0x08003650   0x08003650   0x000000ac   Code   RO         4069    i.rt_device_close   device.o
    0x080036fc   0x080036fc   0x0000000e   Code   RO         4073    i.rt_device_find    device.o
    0x0800370a   0x0800370a   0x00000002   PAD
    0x0800370c   0x0800370c   0x00000108   Code   RO         4075    i.rt_device_open    device.o
    0x08003814   0x08003814   0x000000b4   Code   RO         4081    i.rt_device_write   device.o
    0x080038c8   0x080038c8   0x00000020   Code   RO         5035    i.rt_enter_critical  scheduler.o
    0x080038e8   0x080038e8   0x00000044   Code   RO         5036    i.rt_exit_critical  scheduler.o
    0x0800392c   0x0800392c   0x00000030   Code   RO         4553    i.rt_free           kservice.o
    0x0800395c   0x0800395c   0x00000094   Code   RO         5476    i.rt_hw_board_init  drv_common.o
    0x080039f0   0x080039f0   0x00000002   Code   RO         4557    i.rt_hw_console_output  kservice.o
    0x080039f2   0x080039f2   0x00000002   PAD
    0x080039f4   0x080039f4   0x00000200   Code   RO         5392    i.rt_hw_hard_fault_exception  cpuport.o
    0x08003bf4   0x08003bf4   0x0000004c   Code   RO         5393    i.rt_hw_stack_init  cpuport.o
    0x08003c40   0x08003c40   0x00000040   Code   RO         5477    i.rt_hw_us_delay    drv_common.o
    0x08003c80   0x08003c80   0x00000038   Code   RO         4505    i.rt_interrupt_enter  irq.o
    0x08003cb8   0x08003cb8   0x0000001c   Code   RO         4507    i.rt_interrupt_get_nest  irq.o
    0x08003cd4   0x08003cd4   0x00000038   Code   RO         4508    i.rt_interrupt_leave  irq.o
    0x08003d0c   0x08003d0c   0x0000004c   Code   RO         4558    i.rt_kprintf        kservice.o
    0x08003d58   0x08003d58   0x00000006   Code   RO         4223    i.rt_list_init      ipc.o
    0x08003d5e   0x08003d5e   0x00000006   Code   RO         5265    i.rt_list_init      timer_1.o
    0x08003d64   0x08003d64   0x0000000e   Code   RO         4919    i.rt_list_insert_after  object.o
    0x08003d72   0x08003d72   0x0000000e   Code   RO         5266    i.rt_list_insert_after  timer_1.o
    0x08003d80   0x08003d80   0x0000000e   Code   RO         4224    i.rt_list_insert_before  ipc.o
    0x08003d8e   0x08003d8e   0x00000010   Code   RO         4225    i.rt_list_isempty   ipc.o
    0x08003d9e   0x08003d9e   0x00000010   Code   RO         5267    i.rt_list_isempty   timer_1.o
    0x08003dae   0x08003dae   0x00000012   Code   RO         4920    i.rt_list_remove    object.o
    0x08003dc0   0x08003dc0   0x00000012   Code   RO         5120    i.rt_list_remove    thread.o
    0x08003dd2   0x08003dd2   0x00000012   Code   RO         5268    i.rt_list_remove    timer_1.o
    0x08003de4   0x08003de4   0x0000003c   Code   RO         4560    i.rt_malloc         kservice.o
    0x08003e20   0x08003e20   0x00000048   Code   RO         4567    i.rt_memset         kservice.o
    0x08003e68   0x08003e68   0x00000058   Code   RO         4248    i.rt_mutex_init     ipc.o
    0x08003ec0   0x08003ec0   0x000001e0   Code   RO         4249    i.rt_mutex_release  ipc.o
    0x080040a0   0x080040a0   0x00000264   Code   RO         4250    i.rt_mutex_take     ipc.o
    0x08004304   0x08004304   0x000000ec   Code   RO         4921    i.rt_object_allocate  object.o
    0x080043f0   0x080043f0   0x000000a0   Code   RO         4923    i.rt_object_delete  object.o
    0x08004490   0x08004490   0x0000005c   Code   RO         4924    i.rt_object_detach  object.o
    0x080044ec   0x080044ec   0x000000ac   Code   RO         4926    i.rt_object_find    object.o
    0x08004598   0x08004598   0x00000028   Code   RO         4927    i.rt_object_get_information  object.o
    0x080045c0   0x080045c0   0x00000034   Code   RO         4930    i.rt_object_get_type  object.o
    0x080045f4   0x080045f4   0x000000bc   Code   RO         4931    i.rt_object_init    object.o
    0x080046b0   0x080046b0   0x0000003c   Code   RO         4932    i.rt_object_is_systemobject  object.o
    0x080046ec   0x080046ec   0x0000015c   Code   RO         5037    i.rt_schedule       scheduler.o
    0x08004848   0x08004848   0x0000009c   Code   RO         5038    i.rt_schedule_insert_thread  scheduler.o
    0x080048e4   0x080048e4   0x00000080   Code   RO         5039    i.rt_schedule_remove_thread  scheduler.o
    0x08004964   0x08004964   0x000000bc   Code   RO         4256    i.rt_sem_init       ipc.o
    0x08004a20   0x08004a20   0x000000a8   Code   RO         4257    i.rt_sem_release    ipc.o
    0x08004ac8   0x08004ac8   0x000001fc   Code   RO         4258    i.rt_sem_take       ipc.o
    0x08004cc4   0x08004cc4   0x00000028   Code   RO         4569    i.rt_set_errno      kservice.o
    0x08004cec   0x08004cec   0x000000c4   Code   RO         4570    i.rt_show_version   kservice.o
    0x08004db0   0x08004db0   0x00000278   Code   RO         4807    i.rt_smem_alloc     mem.o
    0x08005028   0x08005028   0x000001a4   Code   RO         4809    i.rt_smem_free      mem.o
    0x080051cc   0x080051cc   0x000000f4   Code   RO         4810    i.rt_smem_init      mem.o
    0x080052c0   0x080052c0   0x00000022   Code   RO         4572    i.rt_sprintf        kservice.o
    0x080052e2   0x080052e2   0x00000028   Code   RO         4578    i.rt_strncmp        kservice.o
    0x0800530a   0x0800530a   0x00000034   Code   RO         4579    i.rt_strncpy        kservice.o
    0x0800533e   0x0800533e   0x00000002   PAD
    0x08005340   0x08005340   0x00000078   Code   RO         4582    i.rt_system_heap_init  kservice.o
    0x080053b8   0x080053b8   0x00000038   Code   RO         5042    i.rt_system_scheduler_init  scheduler.o
    0x080053f0   0x080053f0   0x00000028   Code   RO         5043    i.rt_system_scheduler_start  scheduler.o
    0x08005418   0x08005418   0x0000001c   Code   RO         5269    i.rt_system_timer_init  timer_1.o
    0x08005434   0x08005434   0x00000002   Code   RO         5270    i.rt_system_timer_thread_init  timer_1.o
    0x08005436   0x08005436   0x00000002   PAD
    0x08005438   0x08005438   0x000000d4   Code   RO         5121    i.rt_thread_control  thread.o
    0x0800550c   0x0800550c   0x00000050   Code   RO         5122    i.rt_thread_create  thread.o
    0x0800555c   0x0800555c   0x0000003c   Code   RO         4155    i.rt_thread_defunct_dequeue  idle.o
    0x08005598   0x08005598   0x0000001c   Code   RO         4156    i.rt_thread_defunct_enqueue  idle.o
    0x080055b4   0x080055b4   0x000000d8   Code   RO         5125    i.rt_thread_delete  thread.o
    0x0800568c   0x0800568c   0x000000cc   Code   RO         5126    i.rt_thread_detach  thread.o
    0x08005758   0x08005758   0x00000024   Code   RO         4158    i.rt_thread_idle_entry  idle.o
    0x0800577c   0x0800577c   0x00000060   Code   RO         4160    i.rt_thread_idle_init  idle.o
    0x080057dc   0x080057dc   0x00000080   Code   RO         5128    i.rt_thread_init    thread.o
    0x0800585c   0x0800585c   0x00000014   Code   RO         5130    i.rt_thread_mdelay  thread.o
    0x08005870   0x08005870   0x0000009c   Code   RO         5131    i.rt_thread_resume  thread.o
    0x0800590c   0x0800590c   0x0000000c   Code   RO         5133    i.rt_thread_self    thread.o
    0x08005918   0x08005918   0x00000084   Code   RO         5134    i.rt_thread_sleep   thread.o
    0x0800599c   0x0800599c   0x000000bc   Code   RO         5135    i.rt_thread_startup  thread.o
    0x08005a58   0x08005a58   0x000000d8   Code   RO         5136    i.rt_thread_suspend  thread.o
    0x08005b30   0x08005b30   0x00000038   Code   RO         3956    i.rt_tick_from_millisecond  clock.o
    0x08005b68   0x08005b68   0x0000000c   Code   RO         3957    i.rt_tick_get       clock.o
    0x08005b74   0x08005b74   0x00000064   Code   RO         3959    i.rt_tick_increase  clock.o
    0x08005bd8   0x08005bd8   0x000000dc   Code   RO         5271    i.rt_timer_check    timer_1.o
    0x08005cb4   0x08005cb4   0x00000120   Code   RO         5272    i.rt_timer_control  timer_1.o
    0x08005dd4   0x08005dd4   0x000000e0   Code   RO         5275    i.rt_timer_detach   timer_1.o
    0x08005eb4   0x08005eb4   0x000000a4   Code   RO         5278    i.rt_timer_init     timer_1.o
    0x08005f58   0x08005f58   0x00000188   Code   RO         5280    i.rt_timer_start    timer_1.o
    0x080060e0   0x080060e0   0x000000c0   Code   RO         5281    i.rt_timer_stop     timer_1.o
    0x080061a0   0x080061a0   0x00000340   Code   RO         4583    i.rt_vsnprintf      kservice.o
    0x080064e0   0x080064e0   0x00000016   Code   RO         4584    i.rt_vsprintf       kservice.o
    0x080064f6   0x080064f6   0x00000004   Code   RO         4005    i.rti_board_end     components.o
    0x080064fa   0x080064fa   0x00000004   Code   RO         4006    i.rti_board_start   components.o
    0x080064fe   0x080064fe   0x00000004   Code   RO         4007    i.rti_end           components.o
    0x08006502   0x08006502   0x00000004   Code   RO         4008    i.rti_start         components.o
    0x08006506   0x08006506   0x0000002a   Code   RO         4009    i.rtthread_startup  components.o
    0x08006530   0x08006530   0x000000f0   Code   RO         3716    i.sensor_read_thread  main.o
    0x08006620   0x08006620   0x00000026   Code   RO         4585    i.skip_atoi         kservice.o
    0x08006646   0x08006646   0x00000002   PAD
    0x08006648   0x08006648   0x000000b4   Code   RO         3601    i.uart2_init        serial.o
    0x080066fc   0x080066fc   0x00000020   Code   RO         3602    i.uart2_send_byte   serial.o
    0x0800671c   0x0800671c   0x00000016   Code   RO         3603    i.uart2_send_string  serial.o
    0x08006732   0x08006732   0x00000002   PAD
    0x08006734   0x08006734   0x00000074   Code   RO         3604    i.usart1_receive_callback  serial.o
    0x080067a8   0x080067a8   0x00000028   Code   RO         3717    i.user_move_thread  main.o
    0x080067d0   0x080067d0   0x0000001c   Code   RO         3493    i.wireless_clear_buffer  driver_wireless.o
    0x080067ec   0x080067ec   0x00000144   Code   RO         3494    i.wireless_error_handler  driver_wireless.o
    0x08006930   0x08006930   0x00000010   Code   RO         3495    i.wireless_get_receive_flag  driver_wireless.o
    0x08006940   0x08006940   0x00000274   Code   RO         3496    i.wireless_init     driver_wireless.o
    0x08006bb4   0x08006bb4   0x00000070   Code   RO         3497    i.wireless_mqtt_connect_status  driver_wireless.o
    0x08006c24   0x08006c24   0x0000008c   Code   RO         3498    i.wireless_onenet_data_handler  driver_wireless.o
    0x08006cb0   0x08006cb0   0x000002f4   Code   RO         3499    i.wireless_publish_data  driver_wireless.o
    0x08006fa4   0x08006fa4   0x00000058   Code   RO         3500    i.wireless_receive_callback  driver_wireless.o
    0x08006ffc   0x08006ffc   0x0000010c   Code   RO         3501    i.wireless_receive_data_handler  driver_wireless.o
    0x08007108   0x08007108   0x00000094   Code   RO         3502    i.wireless_send_command  driver_wireless.o
    0x0800719c   0x0800719c   0x00000038   Code   RO         3718    i.wireless_send_thread  main.o
    0x080071d4   0x080071d4   0x00000098   Code   RO         3503    i.wireless_system_handler  driver_wireless.o
    0x0800726c   0x0800726c   0x00000044   Code   RO         3504    i.wireless_wifi_connect_status  driver_wireless.o
    0x080072b0   0x080072b0   0x000005f0   Data   RO         3298    .constdata          oled.o
    0x080078a0   0x080078a0   0x00000014   Data   RO         4010    .constdata          components.o
    0x080078b4   0x080078b4   0x000000ba   Data   RO         4082    .constdata          device.o
    0x0800796e   0x0800796e   0x0000021b   Data   RO         4260    .constdata          ipc.o
    0x08007b89   0x08007b89   0x00000043   Data   RO         4587    .constdata          kservice.o
    0x08007bcc   0x08007bcc   0x00000045   Data   RO         4812    .constdata          mem.o
    0x08007c11   0x08007c11   0x00000080   Data   RO         4936    .constdata          object.o
    0x08007c91   0x08007c91   0x0000004e   Data   RO         5045    .constdata          scheduler.o
    0x08007cdf   0x08007cdf   0x000000bb   Data   RO         5139    .constdata          thread.o
    0x08007d9a   0x08007d9a   0x0000006c   Data   RO         5282    .constdata          timer_1.o
    0x08007e06   0x08007e06   0x00000040   Data   RO         6606    .constdata          mc_w.l(ctype_c.o)
    0x08007e46   0x08007e46   0x00000002   PAD
    0x08007e48   0x08007e48   0x000001d9   Data   RO         3506    .conststring        driver_wireless.o
    0x08008021   0x08008021   0x00000003   PAD
    0x08008024   0x08008024   0x0000008b   Data   RO         4261    .conststring        ipc.o
    0x080080af   0x080080af   0x00000001   PAD
    0x080080b0   0x080080b0   0x000001a8   Data   RO         4813    .conststring        mem.o
    0x08008258   0x08008258   0x00000042   Data   RO         5140    .conststring        thread.o
    0x0800829a   0x0800829a   0x00000002   PAD
    0x0800829c   0x0800829c   0x00000004   Data   RO         4011    .rti_fn.0           components.o
    0x080082a0   0x080082a0   0x00000004   Data   RO         4012    .rti_fn.0.end       components.o
    0x080082a4   0x080082a4   0x00000004   Data   RO         4013    .rti_fn.1.end       components.o
    0x080082a8   0x080082a8   0x00000004   Data   RO         4014    .rti_fn.6.end       components.o
    0x080082ac   0x080082ac   0x00000020   Data   RO         6608    Region$$Table       anon$$obj.o


    Execution Region RW_IRAM1 (Exec base: 0x20000000, Load base: 0x080082cc, Size: 0x00002240, Max: 0x00005000, ABSOLUTE, COMPRESSED[0x000000b8])

    Exec Addr    Load Addr    Size         Type   Attr      Idx    E Section Name        Object

    0x20000000   COMPRESSED   0x00000014   Data   RW           28    .data               system_stm32f10x.o
    0x20000014   COMPRESSED   0x00000014   Data   RW         1805    .data               stm32f10x_rcc.o
    0x20000028   COMPRESSED   0x0000001c   Data   RW         3408    .data               lora.o
    0x20000044   COMPRESSED   0x00000001   Data   RW         3463    .data               beep.o
    0x20000045   COMPRESSED   0x00000003   PAD
    0x20000048   COMPRESSED   0x00000087   Data   RW         3507    .data               driver_wireless.o
    0x200000cf   COMPRESSED   0x00000001   PAD
    0x200000d0   COMPRESSED   0x0000000e   Data   RW         3720    .data               main.o
    0x200000de   COMPRESSED   0x00000002   PAD
    0x200000e0   COMPRESSED   0x00000008   Data   RW         3962    .data               clock.o
    0x200000e8   COMPRESSED   0x00000008   Data   RW         4163    .data               idle.o
    0x200000f0   COMPRESSED   0x00000009   Data   RW         4510    .data               irq.o
    0x200000f9   COMPRESSED   0x00000003   PAD
    0x200000fc   COMPRESSED   0x00000018   Data   RW         4588    .data               kservice.o
    0x20000114   COMPRESSED   0x000000b4   Data   RW         4937    .data               object.o
    0x200001c8   COMPRESSED   0x00000018   Data   RW         5046    .data               scheduler.o
    0x200001e0   COMPRESSED   0x0000000c   Data   RW         5141    .data               thread.o
    0x200001ec   COMPRESSED   0x00000014   Data   RW         5283    .data               timer_1.o
    0x20000200   COMPRESSED   0x00000010   Data   RW         5395    .data               cpuport.o
    0x20000210   COMPRESSED   0x00000004   Data   RW         6565    .data               mc_w.l(stdout.o)
    0x20000214        -       0x00000148   Zero   RW         3505    .bss                driver_wireless.o
    0x2000035c        -       0x00000104   Zero   RW         3605    .bss                serial.o
    0x20000460        -       0x000016a8   Zero   RW         3719    .bss                main.o
    0x20001b08        -       0x00000190   Zero   RW         4162    .bss                idle.o
    0x20001c98        -       0x000000a4   Zero   RW         4586    .bss                kservice.o
    0x20001d3c        -       0x00000100   Zero   RW         5044    .bss                scheduler.o
    0x20001e3c   COMPRESSED   0x00000004   PAD
    0x20001e40        -       0x00000400   Zero   RW            1    STACK               startup_stm32f10x_md.o


==============================================================================

Image component sizes


      Code (inc. data)   RO Data    RW Data    ZI Data      Debug   Object Name

       104         24          0          1          0       1507   beep.o
       168         16          0          8          0       2068   clock.o
       218         50         36          0          0       5444   components.o
       244         28          0          0          0        756   context_rvds.o
         0          0          0          0          0       4508   core_cm3.o
       604        328          0         16          0       3558   cpuport.o
        24          0          0          0          0      11858   delay.o
       630        264        186          0          0       6791   device.o
      2728       1268        473        135        328      10464   driver_wireless.o
       228         40          0          0          0      17065   drv_common.o
       280         36          0          8        400       6162   idle.o
      2248        654        678          0          0      34591   ipc.o
       140         26          0          9          0       2234   irq.o
      2300        342         67         24        164      15094   kservice.o
        84         14          0          0          0       1274   led.o
       184         10          0         28          0       2846   lora.o
      1432        318          0         14       5800      16781   main.o
      1528        554        493          0          0       6201   mem.o
       132         22          0          0          0     204715   misc.o
      1032        332        128        180          0      10610   object.o
       774         22       1520          0          0       6827   oled.o
      1076        256         78         24        256       9892   scheduler.o
       604         32          0          0        260       5069   serial.o
        36          8        236          0       1024        800   startup_stm32f10x_md.o
       256         18          0          0          0       1741   step.o
         0          0          0          0          0       1652   stm32f10x_adc.o
       440          6          0          0          0      12494   stm32f10x_gpio.o
        18          0          0          0          0       2447   stm32f10x_it.o
       276         32          0         20          0      12926   stm32f10x_rcc.o
       264         42          0          0          0      24560   stm32f10x_tim.o
       472          6          0          0          0      12415   stm32f10x_usart.o
       328         28          0         20          0      45437   system_stm32f10x.o
      2034        604        253         12          0      14487   thread.o
       128          4          0          0          0        649   timer.o
      1658        534        108         20          0      13213   timer_1.o

    ----------------------------------------------------------------------
     22704       5918       4294        528       8236     529136   Object Totals
         0          0         32          0          0          0   (incl. Generated)
        32          0          6          9          4          0   (incl. Padding)

    ----------------------------------------------------------------------

      Code (inc. data)   RO Data    RW Data    ZI Data      Debug   Library Member Name

        56          8          0          0          0         84   __0sscanf.o
        86          0          0          0          0          0   __dczerorl2.o
        28          0          0          0          0         68   _chval.o
       816          6          0          0          0        112   _scanf.o
       332          0          0          0          0         96   _scanf_int.o
        64          0          0          0          0         84   _sgetc.o
        40          6         64          0          0         68   ctype_c.o
         0          0          0          0          0          0   entry.o
         0          0          0          0          0          0   entry10a.o
         0          0          0          0          0          0   entry11a.o
         4          0          0          0          0          0   entry12b.o
         8          4          0          0          0          0   entry2.o
         4          0          0          0          0          0   entry5.o
         0          0          0          0          0          0   entry7b.o
         0          0          0          0          0          0   entry8b.o
         8          4          0          0          0          0   entry9a.o
        30          0          0          0          0          0   handlers.o
        36          8          0          0          0         68   init.o
        10          0          0          0          0         68   isspace_c.o
         0          0          0          0          0          0   iusefp.o
        30          0          0          0          0         68   llshl.o
        36          0          0          0          0         68   llsshr.o
        32          0          0          0          0         68   llushr.o
        36          0          0          0          0        108   memseta.o
      2292         94          0          0          0        620   printfa.o
        40          8          0          0          0         84   scanf_char.o
       878         12          0          0          0        216   scanf_fp.o
         0          0          0          4          0          0   stdout.o
        36          0          0          0          0         80   strstr.o
        44          0          0          0          0         80   uidiv.o
        98          0          0          0          0         92   uldiv.o
        48          0          0          0          0         68   cdrcmple.o
        20          0          0          0          0         68   cfcmple.o
        56          0          0          0          0         88   d2f.o
       334          0          0          0          0        148   dadd.o
       222          0          0          0          0        100   ddiv.o
       186          0          0          0          0        176   depilogue.o
        48          0          0          0          0         68   dfixul.o
        24          0          0          0          0         76   dfltul.o
       228          0          0          0          0         96   dmul.o
        38          0          0          0          0         68   f2d.o
       110          0          0          0          0        168   fepilogue.o
        40          0          0          0          0         68   ffixui.o
        10          0          0          0          0         68   ffltui.o

    ----------------------------------------------------------------------
      6420        150         66          4          0       3392   Library Totals
        12          0          2          0          0          0   (incl. Padding)

    ----------------------------------------------------------------------

      Code (inc. data)   RO Data    RW Data    ZI Data      Debug   Library Name

      5044        150         64          4          0       2132   mc_w.l
      1364          0          0          0          0       1260   mf_w.l

    ----------------------------------------------------------------------
      6420        150         66          4          0       3392   Library Totals

    ----------------------------------------------------------------------

==============================================================================


      Code (inc. data)   RO Data    RW Data    ZI Data      Debug   

     29124       6068       4360        532       8236     520540   Grand Totals
     29124       6068       4360        184       8236     520540   ELF Image Totals (compressed)
     29124       6068       4360        184          0          0   ROM Totals

==============================================================================

    Total RO  Size (Code + RO Data)                33484 (  32.70kB)
    Total RW  Size (RW Data + ZI Data)              8768 (   8.56kB)
    Total ROM Size (Code + RO Data + RW Data)      33668 (  32.88kB)

==============================================================================

