Component: ARM Compiler 5.06 update 7 (build 960) Tool: armlink [4d3601]

==============================================================================

Section Cross References

    startup_stm32f10x_md.o(RESET) refers to startup_stm32f10x_md.o(STACK) for __initial_sp
    startup_stm32f10x_md.o(RESET) refers to startup_stm32f10x_md.o(.text) for Reset_Handler
    startup_stm32f10x_md.o(RESET) refers to stm32f10x_it.o(i.NMI_Handler) for NMI_Handler
    startup_stm32f10x_md.o(RESET) refers to context_rvds.o(.text) for HardFault_Handler
    startup_stm32f10x_md.o(RESET) refers to stm32f10x_it.o(i.MemManage_Handler) for MemManage_Handler
    startup_stm32f10x_md.o(RESET) refers to stm32f10x_it.o(i.BusFault_Handler) for BusFault_Handler
    startup_stm32f10x_md.o(RESET) refers to stm32f10x_it.o(i.UsageFault_Handler) for UsageFault_Handler
    startup_stm32f10x_md.o(RESET) refers to stm32f10x_it.o(i.SVC_Handler) for SVC_Handler
    startup_stm32f10x_md.o(RESET) refers to stm32f10x_it.o(i.DebugMon_Handler) for DebugMon_Handler
    startup_stm32f10x_md.o(RESET) refers to drv_common.o(i.SysTick_Handler) for SysTick_Handler
    startup_stm32f10x_md.o(RESET) refers to main.o(i.TIM4_IRQHandler) for TIM4_IRQHandler
    startup_stm32f10x_md.o(.text) refers to system_stm32f10x.o(i.SystemInit) for SystemInit
    startup_stm32f10x_md.o(.text) refers to entry.o(.ARM.Collect$$$$00000000) for __main
    system_stm32f10x.o(i.SetSysClock) refers to system_stm32f10x.o(i.SetSysClockTo72) for SetSysClockTo72
    system_stm32f10x.o(i.SystemCoreClockUpdate) refers to system_stm32f10x.o(.data) for SystemCoreClock
    system_stm32f10x.o(i.SystemInit) refers to system_stm32f10x.o(i.SetSysClock) for SetSysClock
    stm32f10x_adc.o(i.ADC_DeInit) refers to stm32f10x_rcc.o(i.RCC_APB2PeriphResetCmd) for RCC_APB2PeriphResetCmd
    stm32f10x_bkp.o(i.BKP_DeInit) refers to stm32f10x_rcc.o(i.RCC_BackupResetCmd) for RCC_BackupResetCmd
    stm32f10x_can.o(i.CAN_DeInit) refers to stm32f10x_rcc.o(i.RCC_APB1PeriphResetCmd) for RCC_APB1PeriphResetCmd
    stm32f10x_can.o(i.CAN_GetITStatus) refers to stm32f10x_can.o(i.CheckITStatus) for CheckITStatus
    stm32f10x_cec.o(i.CEC_DeInit) refers to stm32f10x_rcc.o(i.RCC_APB1PeriphResetCmd) for RCC_APB1PeriphResetCmd
    stm32f10x_dac.o(i.DAC_DeInit) refers to stm32f10x_rcc.o(i.RCC_APB1PeriphResetCmd) for RCC_APB1PeriphResetCmd
    stm32f10x_flash.o(i.FLASH_EnableWriteProtection) refers to stm32f10x_flash.o(i.FLASH_WaitForLastOperation) for FLASH_WaitForLastOperation
    stm32f10x_flash.o(i.FLASH_EraseAllBank1Pages) refers to stm32f10x_flash.o(i.FLASH_WaitForLastBank1Operation) for FLASH_WaitForLastBank1Operation
    stm32f10x_flash.o(i.FLASH_EraseAllPages) refers to stm32f10x_flash.o(i.FLASH_WaitForLastOperation) for FLASH_WaitForLastOperation
    stm32f10x_flash.o(i.FLASH_EraseOptionBytes) refers to stm32f10x_flash.o(i.FLASH_GetReadOutProtectionStatus) for FLASH_GetReadOutProtectionStatus
    stm32f10x_flash.o(i.FLASH_EraseOptionBytes) refers to stm32f10x_flash.o(i.FLASH_WaitForLastOperation) for FLASH_WaitForLastOperation
    stm32f10x_flash.o(i.FLASH_ErasePage) refers to stm32f10x_flash.o(i.FLASH_WaitForLastOperation) for FLASH_WaitForLastOperation
    stm32f10x_flash.o(i.FLASH_ProgramHalfWord) refers to stm32f10x_flash.o(i.FLASH_WaitForLastOperation) for FLASH_WaitForLastOperation
    stm32f10x_flash.o(i.FLASH_ProgramOptionByteData) refers to stm32f10x_flash.o(i.FLASH_WaitForLastOperation) for FLASH_WaitForLastOperation
    stm32f10x_flash.o(i.FLASH_ProgramWord) refers to stm32f10x_flash.o(i.FLASH_WaitForLastOperation) for FLASH_WaitForLastOperation
    stm32f10x_flash.o(i.FLASH_ReadOutProtection) refers to stm32f10x_flash.o(i.FLASH_WaitForLastOperation) for FLASH_WaitForLastOperation
    stm32f10x_flash.o(i.FLASH_UserOptionByteConfig) refers to stm32f10x_flash.o(i.FLASH_WaitForLastOperation) for FLASH_WaitForLastOperation
    stm32f10x_flash.o(i.FLASH_WaitForLastBank1Operation) refers to stm32f10x_flash.o(i.FLASH_GetBank1Status) for FLASH_GetBank1Status
    stm32f10x_flash.o(i.FLASH_WaitForLastOperation) refers to stm32f10x_flash.o(i.FLASH_GetBank1Status) for FLASH_GetBank1Status
    stm32f10x_gpio.o(i.GPIO_AFIODeInit) refers to stm32f10x_rcc.o(i.RCC_APB2PeriphResetCmd) for RCC_APB2PeriphResetCmd
    stm32f10x_gpio.o(i.GPIO_DeInit) refers to stm32f10x_rcc.o(i.RCC_APB2PeriphResetCmd) for RCC_APB2PeriphResetCmd
    stm32f10x_i2c.o(i.I2C_DeInit) refers to stm32f10x_rcc.o(i.RCC_APB1PeriphResetCmd) for RCC_APB1PeriphResetCmd
    stm32f10x_i2c.o(i.I2C_Init) refers to stm32f10x_rcc.o(i.RCC_GetClocksFreq) for RCC_GetClocksFreq
    stm32f10x_pwr.o(i.PWR_DeInit) refers to stm32f10x_rcc.o(i.RCC_APB1PeriphResetCmd) for RCC_APB1PeriphResetCmd
    stm32f10x_rcc.o(i.RCC_GetClocksFreq) refers to stm32f10x_rcc.o(.data) for APBAHBPrescTable
    stm32f10x_rcc.o(i.RCC_WaitForHSEStartUp) refers to stm32f10x_rcc.o(i.RCC_GetFlagStatus) for RCC_GetFlagStatus
[...]
    i.sensor_read_thread                     0x08006b68   Section        0  main.o(i.sensor_read_thread)
    sensor_read_thread                       0x08006b69   Thumb Code    56  main.o(i.sensor_read_thread)
    i.sensor_send_thread                     0x08006bbc   Section        0  main.o(i.sensor_send_thread)
    sensor_send_thread                       0x08006bbd   Thumb Code    92  main.o(i.sensor_send_thread)
    i.skip_atoi                              0x08006c4c   Section        0  kservice.o(i.skip_atoi)
    skip_atoi                                0x08006c4d   Thumb Code    38  kservice.o(i.skip_atoi)
    i.sqrt                                   0x08006c72   Section        0  sqrt.o(i.sqrt)
    .constdata                               0x08006cbe   Section     1520  oled.o(.constdata)
    .constdata                               0x080072ae   Section       20  components.o(.constdata)
    __FUNCTION__                             0x080072ae   Data          20  components.o(.constdata)
    .constdata                               0x080072c2   Section      186  device.o(.constdata)
    __FUNCTION__                             0x080072c2   Data          21  device.o(.constdata)
    __FUNCTION__                             0x080072d7   Data          18  device.o(.constdata)
    __FUNCTION__                             0x080072e9   Data          15  device.o(.constdata)
    __FUNCTION__                             0x080072f8   Data          15  device.o(.constdata)
    __FUNCTION__                             0x08007307   Data          16  device.o(.constdata)
    __FUNCTION__                             0x08007317   Data          15  device.o(.constdata)
    __FUNCTION__                             0x08007326   Data          16  device.o(.constdata)
    __FUNCTION__                             0x08007336   Data          18  device.o(.constdata)
    __FUNCTION__                             0x08007348   Data          26  device.o(.constdata)
    __FUNCTION__                             0x08007362   Data          26  device.o(.constdata)
    .constdata                               0x0800737c   Section      539  ipc.o(.constdata)
    __FUNCTION__                             0x0800737c   Data          18  ipc.o(.constdata)
    __FUNCTION__                             0x0800738e   Data          12  ipc.o(.constdata)
    __FUNCTION__                             0x0800739a   Data          14  ipc.o(.constdata)
    __FUNCTION__                             0x080073a8   Data          14  ipc.o(.constdata)
    __FUNCTION__                             0x080073b6   Data          14  ipc.o(.constdata)
    __FUNCTION__                             0x080073c4   Data          12  ipc.o(.constdata)
    __FUNCTION__                             0x080073d0   Data          15  ipc.o(.constdata)
    __FUNCTION__                             0x080073df   Data          15  ipc.o(.constdata)
    __FUNCTION__                             0x080073ee   Data          14  ipc.o(.constdata)
    __FUNCTION__                             0x080073fc   Data          16  ipc.o(.constdata)
    __FUNCTION__                             0x0800740c   Data          16  ipc.o(.constdata)
    __FUNCTION__                             0x0800741c   Data          16  ipc.o(.constdata)
    __FUNCTION__                             0x0800742c   Data          14  ipc.o(.constdata)
    __FUNCTION__                             0x0800743a   Data          17  ipc.o(.constdata)
    __FUNCTION__                             0x0800744b   Data          17  ipc.o(.constdata)
    __FUNCTION__                             0x0800745c   Data          14  ipc.o(.constdata)
    __FUNCTION__                             0x0800746a   Data          16  ipc.o(.constdata)
    __FUNCTION__                             0x0800747a   Data          16  ipc.o(.constdata)
    __FUNCTION__                             0x0800748a   Data          16  ipc.o(.constdata)
    __FUNCTION__                             0x0800749a   Data          14  ipc.o(.constdata)
    __FUNCTION__                             0x080074a8   Data          14  ipc.o(.constdata)
    __FUNCTION__                             0x080074b6   Data          17  ipc.o(.constdata)
    __FUNCTION__                             0x080074c7   Data          11  ipc.o(.constdata)
    __FUNCTION__                             0x080074d2   Data          13  ipc.o(.constdata)
    __FUNCTION__                             0x080074df   Data          13  ipc.o(.constdata)
    __FUNCTION__                             0x080074ec   Data          13  ipc.o(.constdata)
    __FUNCTION__                             0x080074f9   Data          16  ipc.o(.constdata)
    __FUNCTION__                             0x08007509   Data          13  ipc.o(.constdata)
    __FUNCTION__                             0x08007516   Data          11  ipc.o(.constdata)
    __FUNCTION__                             0x08007521   Data          14  ipc.o(.constdata)
    __FUNCTION__                             0x0800752f   Data          11  ipc.o(.constdata)
    __FUNCTION__                             0x0800753a   Data          13  ipc.o(.constdata)
    __FUNCTION__                             0x08007547   Data          13  ipc.o(.constdata)
    __FUNCTION__                             0x08007554   Data          13  ipc.o(.constdata)
    __FUNCTION__                             0x08007561   Data          16  ipc.o(.constdata)
    __FUNCTION__                             0x08007571   Data          13  ipc.o(.constdata)
    __FUNCTION__                             0x0800757e   Data          11  ipc.o(.constdata)
    __FUNCTION__                             0x08007589   Data          14  ipc.o(.constdata)
    .constdata                               0x08007597   Section       67  kservice.o(.constdata)
    small_digits                             0x08007597   Data          17  kservice.o(.constdata)
    large_digits                             0x080075a8   Data          17  kservice.o(.constdata)
    __FUNCTION__                             0x080075b9   Data          13  kservice.o(.constdata)
    __FUNCTION__                             0x080075c6   Data          20  kservice.o(.constdata)
    .constdata                               0x080075da   Section       69  mem.o(.constdata)
    __FUNCTION__                             0x080075da   Data          11  mem.o(.constdata)
    __FUNCTION__                             0x080075e5   Data          15  mem.o(.constdata)
    __FUNCTION__                             0x080075f4   Data          14  mem.o(.constdata)
    __FUNCTION__                             0x08007602   Data          16  mem.o(.constdata)
    __FUNCTION__                             0x08007612   Data          13  mem.o(.constdata)
    .constdata                               0x0800761f   Section      128  object.o(.constdata)
    __FUNCTION__                             0x0800761f   Data          15  object.o(.constdata)
    __FUNCTION__                             0x0800762e   Data          17  object.o(.constdata)
    __FUNCTION__                             0x0800763f   Data          19  object.o(.constdata)
    __FUNCTION__                             0x08007652   Data          17  object.o(.constdata)
    __FUNCTION__                             0x08007663   Data          26  object.o(.constdata)
    __FUNCTION__                             0x0800767d   Data          19  object.o(.constdata)
    __FUNCTION__                             0x08007690   Data          15  object.o(.constdata)
    .constdata                               0x0800769f   Section       78  scheduler.o(.constdata)
    __FUNCTION__                             0x0800769f   Data          26  scheduler.o(.constdata)
    __FUNCTION__                             0x080076b9   Data          26  scheduler.o(.constdata)
    __FUNCTION__                             0x080076d3   Data          26  scheduler.o(.constdata)
    .constdata                               0x080076ed   Section      187  thread.o(.constdata)
    __FUNCTION__                             0x080076ed   Data          16  thread.o(.constdata)
    __FUNCTION__                             0x080076fd   Data          13  thread.o(.constdata)
    __FUNCTION__                             0x0800770a   Data          15  thread.o(.constdata)
    __FUNCTION__                             0x08007719   Data          18  thread.o(.constdata)
    __FUNCTION__                             0x0800772b   Data          17  thread.o(.constdata)
    __FUNCTION__                             0x0800773c   Data          17  thread.o(.constdata)
    __FUNCTION__                             0x0800774d   Data          16  thread.o(.constdata)
    __FUNCTION__                             0x0800775d   Data          22  thread.o(.constdata)
    __FUNCTION__                             0x08007773   Data          18  thread.o(.constdata)
    __FUNCTION__                             0x08007785   Data          18  thread.o(.constdata)
    __FUNCTION__                             0x08007797   Data          17  thread.o(.constdata)
    .constdata                               0x080077a8   Section      108  timer_1.o(.constdata)
    __FUNCTION__                             0x080077a8   Data          14  timer_1.o(.constdata)
    __FUNCTION__                             0x080077b6   Data          16  timer_1.o(.constdata)
    __FUNCTION__                             0x080077c6   Data          16  timer_1.o(.constdata)
    __FUNCTION__                             0x080077d6   Data          16  timer_1.o(.constdata)
    __FUNCTION__                             0x080077e6   Data          15  timer_1.o(.constdata)
    __FUNCTION__                             0x080077f5   Data          14  timer_1.o(.constdata)
    __FUNCTION__                             0x08007803   Data          17  timer_1.o(.constdata)
    .constdata                               0x08007818   Section      136  pow.o(.constdata)
    bp                                       0x08007818   Data          16  pow.o(.constdata)
    dp_h                                     0x08007828   Data          16  pow.o(.constdata)
    dp_l                                     0x08007838   Data          16  pow.o(.constdata)
    L                                        0x08007848   Data          48  pow.o(.constdata)
    P                                        0x08007878   Data          40  pow.o(.constdata)
    .constdata                               0x080078a0   Section        8  qnan.o(.constdata)
    .conststring                             0x080078a8   Section      139  ipc.o(.conststring)
    .conststring                             0x08007934   Section      424  mem.o(.conststring)
    .conststring                             0x08007adc   Section       66  thread.o(.conststring)
    .rti_fn.0                                0x08007b20   Section        4  components.o(.rti_fn.0)
    __tagsym$$used                           0x08007b20   Number         0  components.o(.rti_fn.0)
    .rti_fn.0.end                            0x08007b24   Section        4  components.o(.rti_fn.0.end)
    __tagsym$$used                           0x08007b24   Number         0  components.o(.rti_fn.0.end)
    .rti_fn.1.end                            0x08007b28   Section        4  components.o(.rti_fn.1.end)
    __tagsym$$used                           0x08007b28   Number         0  components.o(.rti_fn.1.end)
    .rti_fn.6.end                            0x08007b2c   Section        4  components.o(.rti_fn.6.end)
    __tagsym$$used                           0x08007b2c   Number         0  components.o(.rti_fn.6.end)
    .data                                    0x20000000   Section       20  system_stm32f10x.o(.data)
    .data                                    0x20000014   Section       20  stm32f10x_rcc.o(.data)
    APBAHBPrescTable                         0x20000014   Data          16  stm32f10x_rcc.o(.data)
    ADCPrescTable                            0x20000024   Data           4  stm32f10x_rcc.o(.data)
    .data                                    0x20000028   Section        2  dht11.o(.data)
    .data                                    0x2000002c   Section       20  ad.o(.data)
    .data                                    0x20000040   Section        4  main.o(.data)
    sensor_read_timer                        0x20000040   Data           2  main.o(.data)
    sensor_send_timer                        0x20000042   Data           2  main.o(.data)
    .data                                    0x20000044   Section        8  clock.o(.data)
    rt_tick                                  0x20000044   Data           4  clock.o(.data)
    rt_tick_hook                             0x20000048   Data           4  clock.o(.data)
    .data                                    0x2000004c   Section        8  idle.o(.data)
    _rt_thread_defunct                       0x2000004c   Data           8  idle.o(.data)
    .data                                    0x20000054   Section        9  irq.o(.data)
    rt_interrupt_enter_hook                  0x20000054   Data           4  irq.o(.data)
    rt_interrupt_leave_hook                  0x20000058   Data           4  irq.o(.data)
    .data                                    0x20000060   Section       24  kservice.o(.data)
    __rt_errno                               0x20000060   Data           4  kservice.o(.data)
    _console_device                          0x20000064   Data           4  kservice.o(.data)
    rt_malloc_hook                           0x20000068   Data           4  kservice.o(.data)
    rt_free_hook                             0x2000006c   Data           4  kservice.o(.data)
    system_heap                              0x20000070   Data           4  kservice.o(.data)
    .data                                    0x20000078   Section      180  object.o(.data)
    _object_container                        0x20000078   Data         160  object.o(.data)
    rt_object_attach_hook                    0x20000118   Data           4  object.o(.data)
    rt_object_detach_hook                    0x2000011c   Data           4  object.o(.data)
    .data                                    0x2000012c   Section       24  scheduler.o(.data)
    rt_scheduler_lock_nest                   0x20000130   Data           2  scheduler.o(.data)
    rt_scheduler_hook                        0x2000013c   Data           4  scheduler.o(.data)
    rt_scheduler_switch_hook                 0x20000140   Data           4  scheduler.o(.data)
    .data                                    0x20000144   Section       12  thread.o(.data)
    rt_thread_suspend_hook                   0x20000144   Data           4  thread.o(.data)
    rt_thread_resume_hook                    0x20000148   Data           4  thread.o(.data)
    rt_thread_inited_hook                    0x2000014c   Data           4  thread.o(.data)
    .data                                    0x20000150   Section       20  timer_1.o(.data)
    _timer_list                              0x20000150   Data           8  timer_1.o(.data)
    rt_timer_enter_hook                      0x20000158   Data           4  timer_1.o(.data)
    rt_timer_exit_hook                       0x2000015c   Data           4  timer_1.o(.data)
    random_nr                                0x20000160   Data           4  timer_1.o(.data)
    .data                                    0x20000164   Section       16  cpuport.o(.data)
    rt_exception_hook                        0x20000170   Data           4  cpuport.o(.data)
    .data                                    0x20000174   Section        4  errno.o(.data)
    _errno                                   0x20000174   Data           4  errno.o(.data)
    .bss                                     0x20000178   Section     5700  main.o(.bss)
    sensor_read_sem                          0x20000178   Data          32  main.o(.bss)
    oled_update_sem                          0x20000198   Data          32  main.o(.bss)
    sensor_send_sem                          0x200001b8   Data          32  main.o(.bss)
    sns_read_thread_stack                    0x2000023c   Data        2048  main.o(.bss)
    sns_read_thread                          0x20000a3c   Data         128  main.o(.bss)
    sns_oled_thread_stack                    0x20000abc   Data        1024  main.o(.bss)
    sns_oled_thread                          0x20000ebc   Data         128  main.o(.bss)
    sns_send_thread_stack                    0x20000f3c   Data        2048  main.o(.bss)
    sns_send_thread                          0x2000173c   Data         128  main.o(.bss)
    .bss                                     0x200017bc   Section      400  idle.o(.bss)
    idle                                     0x200017bc   Data         128  idle.o(.bss)
    rt_thread_stack                          0x2000183c   Data         256  idle.o(.bss)
    idle_hook_list                           0x2000193c   Data          16  idle.o(.bss)
    .bss                                     0x2000194c   Section      164  kservice.o(.bss)
    _lock                                    0x2000194c   Data          36  kservice.o(.bss)
    rt_log_buf                               0x20001970   Data         128  kservice.o(.bss)
    .bss                                     0x200019f0   Section      256  scheduler.o(.bss)
    STACK                                    0x20001af0   Section     1024  startup_stm32f10x_md.o(STACK)

    Global Symbols

    Symbol Name                              Value     Ov Type        Size  Object(Section)

    BuildAttributes$$THM_ISAv4$P$D$K$B$S$PE$A:L22UL41UL21$X:L11$S22US41US21$IEEE1$IW$USESV6$~STKCKD$USESV7$~SHL$OTIME$ROPI$IEEEX$EBA8$MICROLIB$REQ8$PRES8$EABIv2 0x00000000   Number         0  anon$$obj.o ABSOLUTE
    __ARM_use_no_argv                        0x00000000   Number         0  main.o ABSOLUTE
    _printf_a                                0x00000000   Number         0  stubs.o ABSOLUTE
    _printf_c                                0x00000000   Number         0  stubs.o ABSOLUTE
    _printf_charcount                        0x00000000   Number         0  stubs.o ABSOLUTE
    _printf_d                                0x00000000   Number         0  stubs.o ABSOLUTE
    _printf_e                                0x00000000   Number         0  stubs.o ABSOLUTE
    _printf_f                                0x00000000   Number         0  stubs.o ABSOLUTE
    _printf_flags                            0x00000000   Number         0  stubs.o ABSOLUTE
    _printf_fp_dec                           0x00000000   Number         0  stubs.o ABSOLUTE
    _printf_fp_hex                           0x00000000   Number         0  stubs.o ABSOLUTE
    _printf_g                                0x00000000   Number         0  stubs.o ABSOLUTE
    _printf_i                                0x00000000   Number         0  stubs.o ABSOLUTE
    _printf_int_dec                          0x00000000   Number         0  stubs.o ABSOLUTE
    _printf_l                                0x00000000   Number         0  stubs.o ABSOLUTE
    _printf_lc                               0x00000000   Number         0  stubs.o ABSOLUTE
    _printf_ll                               0x00000000   Number         0  stubs.o ABSOLUTE
    _printf_lld                              0x00000000   Number         0  stubs.o ABSOLUTE
    _printf_lli                              0x00000000   Number         0  stubs.o ABSOLUTE
    _printf_llo                              0x00000000   Number         0  stubs.o ABSOLUTE
    _printf_llu                              0x00000000   Number         0  stubs.o ABSOLUTE
    _printf_llx                              0x00000000   Number         0  stubs.o ABSOLUTE
    _printf_longlong_dec                     0x00000000   Number         0  stubs.o ABSOLUTE
    _printf_longlong_hex                     0x00000000   Number         0  stubs.o ABSOLUTE
    _printf_longlong_oct                     0x00000000   Number         0  stubs.o ABSOLUTE
    _printf_ls                               0x00000000   Number         0  stubs.o ABSOLUTE
    _printf_mbtowc                           0x00000000   Number         0  stubs.o ABSOLUTE
    _printf_n                                0x00000000   Number         0  stubs.o ABSOLUTE
    _printf_o                                0x00000000   Number         0  stubs.o ABSOLUTE
    _printf_p                                0x00000000   Number         0  stubs.o ABSOLUTE
    _printf_percent                          0x00000000   Number         0  stubs.o ABSOLUTE
    _printf_pre_padding                      0x00000000   Number         0  stubs.o ABSOLUTE
    _printf_return_value                     0x00000000   Number         0  stubs.o ABSOLUTE
    _printf_s                                0x00000000   Number         0  stubs.o ABSOLUTE
    _printf_sizespec                         0x00000000   Number         0  stubs.o ABSOLUTE
    _printf_str                              0x00000000   Number         0  stubs.o ABSOLUTE
    _printf_truncate_signed                  0x00000000   Number         0  stubs.o ABSOLUTE
    _printf_truncate_unsigned                0x00000000   Number         0  stubs.o ABSOLUTE
    _printf_u                                0x00000000   Number         0  stubs.o ABSOLUTE
    _printf_wc                               0x00000000   Number         0  stubs.o ABSOLUTE
    _printf_wctomb                           0x00000000   Number         0  stubs.o ABSOLUTE
    _printf_widthprec                        0x00000000   Number         0  stubs.o ABSOLUTE
    _printf_x                                0x00000000   Number         0  stubs.o ABSOLUTE
    __arm_fini_                               - Undefined Weak Reference
    __cpp_initialize__aeabi_                  - Undefined Weak Reference
    __cxa_finalize                            - Undefined Weak Reference
    _clock_init                               - Undefined Weak Reference
    _microlib_exit                            - Undefined Weak Reference
    __Vectors_Size                           0x000000ec   Number         0  startup_stm32f10x_md.o ABSOLUTE
    __Vectors                                0x08000000   Data           4  startup_stm32f10x_md.o(RESET)
    __Vectors_End                            0x080000ec   Data           0  startup_stm32f10x_md.o(RESET)
    __main                                   0x080000ed   Thumb Code     0  entry.o(.ARM.Collect$$$$00000000)
    _main_stk                                0x080000ed   Thumb Code     0  entry2.o(.ARM.Collect$$$$00000001)
    _main_scatterload                        0x080000f1   Thumb Code     0  entry5.o(.ARM.Collect$$$$00000004)
    __main_after_scatterload                 0x080000f5   Thumb Code     0  entry5.o(.ARM.Collect$$$$00000004)
    _main_clock                              0x080000f5   Thumb Code     0  entry7b.o(.ARM.Collect$$$$00000008)
    _main_cpp_init                           0x080000f5   Thumb Code     0  entry8b.o(.ARM.Collect$$$$0000000A)
    _main_init                               0x080000f5   Thumb Code     0  entry9a.o(.ARM.Collect$$$$0000000B)
    __rt_lib_shutdown_fini                   0x080000fd   Thumb Code     0  entry12b.o(.ARM.Collect$$$$0000000E)
    __rt_final_cpp                           0x08000101   Thumb Code     0  entry10a.o(.ARM.Collect$$$$0000000F)
    __rt_final_exit                          0x08000101   Thumb Code     0  entry11a.o(.ARM.Collect$$$$00000011)
    __rt_ffs                                 0x08000105   Thumb Code    16  cpuport.o(.emb_text)
    Reset_Handler                            0x08000115   Thumb Code     8  startup_stm32f10x_md.o(.text)
    ADC1_2_IRQHandler                        0x0800012f   Thumb Code     0  startup_stm32f10x_md.o(.text)
    CAN1_RX1_IRQHandler                      0x0800012f   Thumb Code     0  startup_stm32f10x_md.o(.text)
    CAN1_SCE_IRQHandler                      0x0800012f   Thumb Code     0  startup_stm32f10x_md.o(.text)
    DMA1_Channel1_IRQHandler                 0x0800012f   Thumb Code     0  startup_stm32f10x_md.o(.text)
    DMA1_Channel2_IRQHandler                 0x0800012f   Thumb Code     0  startup_stm32f10x_md.o(.text)
    DMA1_Channel3_IRQHandler                 0x0800012f   Thumb Code     0  startup_stm32f10x_md.o(.text)
    DMA1_Channel4_IRQHandler                 0x0800012f   Thumb Code     0  startup_stm32f10x_md.o(.text)
    DMA1_Channel5_IRQHandler                 0x0800012f   Thumb Code     0  startup_stm32f10x_md.o(.text)
    DMA1_Channel6_IRQHandler                 0x0800012f   Thumb Code     0  startup_stm32f10x_md.o(.text)
    DMA1_Channel7_IRQHandler                 0x0800012f   Thumb Code     0  startup_stm32f10x_md.o(.text)
    EXTI0_IRQHandler                         0x0800012f   Thumb Code     0  startup_stm32f10x_md.o(.text)
    EXTI15_10_IRQHandler                     0x0800012f   Thumb Code     0  startup_stm32f10x_md.o(.text)
    EXTI1_IRQHandler                         0x0800012f   Thumb Code     0  startup_stm32f10x_md.o(.text)
    EXTI2_IRQHandler                         0x0800012f   Thumb Code     0  startup_stm32f10x_md.o(.text)
    EXTI3_IRQHandler                         0x0800012f   Thumb Code     0  startup_stm32f10x_md.o(.text)
    EXTI4_IRQHandler                         0x0800012f   Thumb Code     0  startup_stm32f10x_md.o(.text)
    EXTI9_5_IRQHandler                       0x0800012f   Thumb Code     0  startup_stm32f10x_md.o(.text)
    FLASH_IRQHandler                         0x0800012f   Thumb Code     0  startup_stm32f10x_md.o(.text)
    I2C1_ER_IRQHandler                       0x0800012f   Thumb Code     0  startup_stm32f10x_md.o(.text)
    I2C1_EV_IRQHandler                       0x0800012f   Thumb Code     0  startup_stm32f10x_md.o(.text)
    I2C2_ER_IRQHandler                       0x0800012f   Thumb Code     0  startup_stm32f10x_md.o(.text)
    I2C2_EV_IRQHandler                       0x0800012f   Thumb Code     0  startup_stm32f10x_md.o(.text)
    PVD_IRQHandler                           0x0800012f   Thumb Code     0  startup_stm32f10x_md.o(.text)
    RCC_IRQHandler                           0x0800012f   Thumb Code     0  startup_stm32f10x_md.o(.text)
    RTCAlarm_IRQHandler                      0x0800012f   Thumb Code     0  startup_stm32f10x_md.o(.text)
    RTC_IRQHandler                           0x0800012f   Thumb Code     0  startup_stm32f10x_md.o(.text)
    SPI1_IRQHandler                          0x0800012f   Thumb Code     0  startup_stm32f10x_md.o(.text)
    SPI2_IRQHandler                          0x0800012f   Thumb Code     0  startup_stm32f10x_md.o(.text)
    TAMPER_IRQHandler                        0x0800012f   Thumb Code     0  startup_stm32f10x_md.o(.text)
    TIM1_BRK_IRQHandler                      0x0800012f   Thumb Code     0  startup_stm32f10x_md.o(.text)
    TIM1_CC_IRQHandler                       0x0800012f   Thumb Code     0  startup_stm32f10x_md.o(.text)
    TIM1_TRG_COM_IRQHandler                  0x0800012f   Thumb Code     0  startup_stm32f10x_md.o(.text)
    TIM1_UP_IRQHandler                       0x0800012f   Thumb Code     0  startup_stm32f10x_md.o(.text)
    TIM2_IRQHandler                          0x0800012f   Thumb Code     0  startup_stm32f10x_md.o(.text)
    TIM3_IRQHandler                          0x0800012f   Thumb Code     0  startup_stm32f10x_md.o(.text)
    USART1_IRQHandler                        0x0800012f   Thumb Code     0  startup_stm32f10x_md.o(.text)
    USART2_IRQHandler                        0x0800012f   Thumb Code     0  startup_stm32f10x_md.o(.text)
    USART3_IRQHandler                        0x0800012f   Thumb Code     0  startup_stm32f10x_md.o(.text)
    USBWakeUp_IRQHandler                     0x0800012f   Thumb Code     0  startup_stm32f10x_md.o(.text)
    USB_HP_CAN1_TX_IRQHandler                0x0800012f   Thumb Code     0  startup_stm32f10x_md.o(.text)
    USB_LP_CAN1_RX0_IRQHandler               0x0800012f   Thumb Code     0  startup_stm32f10x_md.o(.text)
    WWDG_IRQHandler                          0x0800012f   Thumb Code     0  startup_stm32f10x_md.o(.text)
    rt_hw_interrupt_disable                  0x08000139   Thumb Code     8  context_rvds.o(.text)
    rt_hw_interrupt_enable                   0x08000141   Thumb Code     6  context_rvds.o(.text)
    rt_hw_context_switch                     0x08000147   Thumb Code    32  context_rvds.o(.text)
    rt_hw_context_switch_interrupt           0x08000147   Thumb Code     0  context_rvds.o(.text)
    PendSV_Handler                           0x08000167   Thumb Code    60  context_rvds.o(.text)
    rt_hw_context_switch_to                  0x080001a3   Thumb Code    56  context_rvds.o(.text)
    rt_hw_interrupt_thread_switch            0x080001db   Thumb Code     2  context_rvds.o(.text)
    HardFault_Handler                        0x080001dd   Thumb Code    52  context_rvds.o(.text)
    __aeabi_fadd                             0x0800022d   Thumb Code   164  fadd.o(.text)
    __aeabi_fsub                             0x080002d1   Thumb Code     6  fadd.o(.text)
    __aeabi_frsub                            0x080002d7   Thumb Code     6  fadd.o(.text)
    __aeabi_fmul                             0x080002dd   Thumb Code   100  fmul.o(.text)
    __aeabi_fdiv                             0x08000341   Thumb Code   124  fdiv.o(.text)
    __aeabi_dmul                             0x080003bd   Thumb Code   228  dmul.o(.text)
    __aeabi_ddiv                             0x080004a1   Thumb Code   222  ddiv.o(.text)
    __aeabi_i2f                              0x0800057f   Thumb Code    18  fflti.o(.text)
    __aeabi_ui2f                             0x08000591   Thumb Code    10  ffltui.o(.text)
    __aeabi_f2uiz                            0x0800059b   Thumb Code    40  ffixui.o(.text)
    __aeabi_f2d                              0x080005c3   Thumb Code    38  f2d.o(.text)
    __aeabi_d2f                              0x080005e9   Thumb Code    56  d2f.o(.text)
    __aeabi_uidiv                            0x08000621   Thumb Code     0  uidiv.o(.text)
    __aeabi_uidivmod                         0x08000621   Thumb Code    44  uidiv.o(.text)
    __aeabi_uldivmod                         0x0800064d   Thumb Code    98  uldiv.o(.text)
    __I$use$fp                               0x080006af   Thumb Code     0  iusefp.o(.text)
    _float_round                             0x080006af   Thumb Code    18  fepilogue.o(.text)
    _float_epilogue                          0x080006c1   Thumb Code    92  fepilogue.o(.text)
    _double_round                            0x0800071d   Thumb Code    30  depilogue.o(.text)
    _double_epilogue                         0x0800073b   Thumb Code   156  depilogue.o(.text)
    __aeabi_dadd                             0x080007d7   Thumb Code   322  dadd.o(.text)
    __aeabi_dsub                             0x08000919   Thumb Code     6  dadd.o(.text)
    __aeabi_drsub                            0x0800091f   Thumb Code     6  dadd.o(.text)
    __ARM_scalbn                             0x08000925   Thumb Code    46  dscalb.o(.text)
    scalbn                                   0x08000925   Thumb Code     0  dscalb.o(.text)
    __aeabi_i2d                              0x08000953   Thumb Code    34  dflti.o(.text)
    __aeabi_d2ulz                            0x08000975   Thumb Code    48  dfixul.o(.text)
    __aeabi_cdrcmple                         0x080009a5   Thumb Code    48  cdrcmple.o(.text)
    __scatterload                            0x080009d5   Thumb Code    28  init.o(.text)
    __scatterload_rt2                        0x080009d5   Thumb Code     0  init.o(.text)
    __aeabi_llsl                             0x080009f9   Thumb Code    30  llshl.o(.text)
    _ll_shift_l                              0x080009f9   Thumb Code     0  llshl.o(.text)
    __aeabi_llsr                             0x08000a17   Thumb Code    32  llushr.o(.text)
    _ll_ushift_r                             0x08000a17   Thumb Code     0  llushr.o(.text)
    __aeabi_lasr                             0x08000a37   Thumb Code    36  llsshr.o(.text)
    _ll_sshift_r                             0x08000a37   Thumb Code     0  llsshr.o(.text)
    _dsqrt                                   0x08000a5b   Thumb Code   162  dsqrt.o(.text)
    __decompress                             0x08000afd   Thumb Code     0  __dczerorl2.o(.text)
    __decompress1                            0x08000afd   Thumb Code    86  __dczerorl2.o(.text)
    main                                     0x08000b53   Thumb Code    10  components.o(i.$Sub$$main)
    ADC_Cmd                                  0x08000b5d   Thumb Code    22  stm32f10x_adc.o(i.ADC_Cmd)
    ADC_DMACmd                               0x08000b73   Thumb Code    22  stm32f10x_adc.o(i.ADC_DMACmd)
    ADC_GetCalibrationStatus                 0x08000b89   Thumb Code    20  stm32f10x_adc.o(i.ADC_GetCalibrationStatus)
    ADC_GetResetCalibrationStatus            0x08000b9d   Thumb Code    20  stm32f10x_adc.o(i.ADC_GetResetCalibrationStatus)
    ADC_Init                                 0x08000bb1   Thumb Code    70  stm32f10x_adc.o(i.ADC_Init)
    ADC_RegularChannelConfig                 0x08000c01   Thumb Code   184  stm32f10x_adc.o(i.ADC_RegularChannelConfig)
    ADC_ResetCalibration                     0x08000cb9   Thumb Code    10  stm32f10x_adc.o(i.ADC_ResetCalibration)
    ADC_SoftwareStartConvCmd                 0x08000cc3   Thumb Code    22  stm32f10x_adc.o(i.ADC_SoftwareStartConvCmd)
    ADC_StartCalibration                     0x08000cd9   Thumb Code    10  stm32f10x_adc.o(i.ADC_StartCalibration)
    AD_GetValue                              0x08000ce5   Thumb Code    54  ad.o(i.AD_GetValue)
    AD_Init                                  0x08000d25   Thumb Code   256  ad.o(i.AD_Init)
    BusFault_Handler                         0x08000e35   Thumb Code     4  stm32f10x_it.o(i.BusFault_Handler)
    DHT11_Check                              0x08000e39   Thumb Code    88  dht11.o(i.DHT11_Check)
    DHT11_Init                               0x08000e95   Thumb Code    58  dht11.o(i.DHT11_Init)
    DHT11_Mode                               0x08000ed5   Thumb Code    52  dht11.o(i.DHT11_Mode)
    DHT11_Read_Bit                           0x08000f0d   Thumb Code    88  dht11.o(i.DHT11_Read_Bit)
    DHT11_Read_Byte                          0x08000f69   Thumb Code    30  dht11.o(i.DHT11_Read_Byte)
    DHT11_Read_Data                          0x08000f87   Thumb Code    88  dht11.o(i.DHT11_Read_Data)
    DHT11_Rst                                0x08000fe1   Thumb Code    42  dht11.o(i.DHT11_Rst)
    DMA_ClearFlag                            0x08001011   Thumb Code    18  stm32f10x_dma.o(i.DMA_ClearFlag)
    DMA_Cmd                                  0x0800102d   Thumb Code    24  stm32f10x_dma.o(i.DMA_Cmd)
    DMA_GetFlagStatus                        0x08001045   Thumb Code    36  stm32f10x_dma.o(i.DMA_GetFlagStatus)
    DMA_Init                                 0x08001071   Thumb Code    60  stm32f10x_dma.o(i.DMA_Init)
    DMA_SetCurrDataCounter                   0x080010ad   Thumb Code     4  stm32f10x_dma.o(i.DMA_SetCurrDataCounter)
    DebugMon_Handler                         0x080010b1   Thumb Code     2  stm32f10x_it.o(i.DebugMon_Handler)
    Delay_ms                                 0x080010b3   Thumb Code    12  delay.o(i.Delay_ms)
    Delay_us                                 0x080010bf   Thumb Code    12  delay.o(i.Delay_us)
    Fire_GetData                             0x080010cd   Thumb Code    72  ad.o(i.Fire_GetData)
    GPIO_Init                                0x0800111d   Thumb Code   278  stm32f10x_gpio.o(i.GPIO_Init)
    GPIO_ReadInputDataBit                    0x08001233   Thumb Code    18  stm32f10x_gpio.o(i.GPIO_ReadInputDataBit)
    GPIO_ResetBits                           0x08001245   Thumb Code     4  stm32f10x_gpio.o(i.GPIO_ResetBits)
    GPIO_SetBits                             0x08001249   Thumb Code     4  stm32f10x_gpio.o(i.GPIO_SetBits)
    GPIO_WriteBit                            0x0800124d   Thumb Code    10  stm32f10x_gpio.o(i.GPIO_WriteBit)
    Lora_SendData                            0x08001257   Thumb Code    56  main.o(i.Lora_SendData)
    MQ2_GetData_PPM                          0x08001291   Thumb Code   206  ad.o(i.MQ2_GetData_PPM)
    MQ7_GetData_PPM                          0x0800137d   Thumb Code   206  ad.o(i.MQ7_GetData_PPM)
    MemManage_Handler                        0x08001469   Thumb Code     4  stm32f10x_it.o(i.MemManage_Handler)
    NMI_Handler                              0x0800146d   Thumb Code     2  stm32f10x_it.o(i.NMI_Handler)
    NVIC_Init                                0x08001471   Thumb Code   100  misc.o(i.NVIC_Init)
    NVIC_PriorityGroupConfig                 0x080014e1   Thumb Code    10  misc.o(i.NVIC_PriorityGroupConfig)
    OLED_Clear                               0x080014f5   Thumb Code    42  oled.o(i.OLED_Clear)
    OLED_I2C_Init                            0x08001521   Thumb Code    76  oled.o(i.OLED_I2C_Init)
    OLED_I2C_SendByte                        0x08001571   Thumb Code    80  oled.o(i.OLED_I2C_SendByte)
    OLED_I2C_Start                           0x080015c5   Thumb Code    48  oled.o(i.OLED_I2C_Start)
    OLED_I2C_Stop                            0x080015f9   Thumb Code    36  oled.o(i.OLED_I2C_Stop)
    OLED_Init                                0x08001621   Thumb Code   174  oled.o(i.OLED_Init)
    OLED_Pow                                 0x080016cf   Thumb Code    20  oled.o(i.OLED_Pow)
    OLED_SetCursor                           0x080016e3   Thumb Code    34  oled.o(i.OLED_SetCursor)
    OLED_ShowChar                            0x08001705   Thumb Code   110  oled.o(i.OLED_ShowChar)
    OLED_ShowNum                             0x08001779   Thumb Code    68  oled.o(i.OLED_ShowNum)
    OLED_WriteCommand                        0x080017bd   Thumb Code    32  oled.o(i.OLED_WriteCommand)
    OLED_WriteData                           0x080017dd   Thumb Code    32  oled.o(i.OLED_WriteData)
    RCC_ADCCLKConfig                         0x080017fd   Thumb Code    18  stm32f10x_rcc.o(i.RCC_ADCCLKConfig)
    RCC_AHBPeriphClockCmd                    0x08001815   Thumb Code    26  stm32f10x_rcc.o(i.RCC_AHBPeriphClockCmd)
    RCC_APB1PeriphClockCmd                   0x08001835   Thumb Code    26  stm32f10x_rcc.o(i.RCC_APB1PeriphClockCmd)
    RCC_APB2PeriphClockCmd                   0x08001855   Thumb Code    26  stm32f10x_rcc.o(i.RCC_APB2PeriphClockCmd)
    RCC_GetClocksFreq                        0x08001875   Thumb Code   192  stm32f10x_rcc.o(i.RCC_GetClocksFreq)
    SVC_Handler                              0x08001949   Thumb Code     2  stm32f10x_it.o(i.SVC_Handler)
    Seria3_Init                              0x0800194d   Thumb Code   174  lora.o(i.Seria3_Init)
    Seria3_SendByte                          0x08001a05   Thumb Code    28  lora.o(i.Seria3_SendByte)
    Seria3_SendString                        0x08001a25   Thumb Code    26  lora.o(i.Seria3_SendString)
    SysTick_Handler                          0x08001b29   Thumb Code    16  drv_common.o(i.SysTick_Handler)
    SystemInit                               0x08001b39   Thumb Code    78  system_stm32f10x.o(i.SystemInit)
    TIM4_IRQHandler                          0x08001b99   Thumb Code    80  main.o(i.TIM4_IRQHandler)
    TIM_ClearFlag                            0x08001bfd   Thumb Code     6  stm32f10x_tim.o(i.TIM_ClearFlag)
    TIM_ClearITPendingBit                    0x08001c03   Thumb Code     6  stm32f10x_tim.o(i.TIM_ClearITPendingBit)
    TIM_Cmd                                  0x08001c09   Thumb Code    24  stm32f10x_tim.o(i.TIM_Cmd)
    TIM_GetITStatus                          0x08001c21   Thumb Code    34  stm32f10x_tim.o(i.TIM_GetITStatus)
    TIM_ITConfig                             0x08001c43   Thumb Code    18  stm32f10x_tim.o(i.TIM_ITConfig)
    TIM_InternalClockConfig                  0x08001c55   Thumb Code    12  stm32f10x_tim.o(i.TIM_InternalClockConfig)
    TIM_TimeBaseInit                         0x08001c61   Thumb Code   122  stm32f10x_tim.o(i.TIM_TimeBaseInit)
    Timer_Init                               0x08001d05   Thumb Code   124  timer.o(i.Timer_Init)
    USART_Cmd                                0x08001d85   Thumb Code    24  stm32f10x_usart.o(i.USART_Cmd)
    USART_GetFlagStatus                      0x08001d9d   Thumb Code    26  stm32f10x_usart.o(i.USART_GetFlagStatus)
    USART_ITConfig                           0x08001db7   Thumb Code    74  stm32f10x_usart.o(i.USART_ITConfig)
    USART_Init                               0x08001e01   Thumb Code   210  stm32f10x_usart.o(i.USART_Init)
    USART_SendData                           0x08001ed9   Thumb Code     8  stm32f10x_usart.o(i.USART_SendData)
    UsageFault_Handler                       0x08001ee1   Thumb Code     4  stm32f10x_it.o(i.UsageFault_Handler)
    __0sprintf                               0x08001ee5   Thumb Code    34  printfa.o(i.__0sprintf)
    __1sprintf                               0x08001ee5   Thumb Code     0  printfa.o(i.__0sprintf)
    __2sprintf                               0x08001ee5   Thumb Code     0  printfa.o(i.__0sprintf)
    __c89sprintf                             0x08001ee5   Thumb Code     0  printfa.o(i.__0sprintf)
    sprintf                                  0x08001ee5   Thumb Code     0  printfa.o(i.__0sprintf)
    __ARM_fpclassify                         0x08001f0d   Thumb Code    40  fpclassify.o(i.__ARM_fpclassify)
    __kernel_poly                            0x08001f35   Thumb Code   170  poly.o(i.__kernel_poly)
    __mathlib_dbl_divzero                    0x08001fe1   Thumb Code    12  dunder.o(i.__mathlib_dbl_divzero)
    __mathlib_dbl_infnan2                    0x08001ff1   Thumb Code     4  dunder.o(i.__mathlib_dbl_infnan2)
    __mathlib_dbl_invalid                    0x08001ff5   Thumb Code    12  dunder.o(i.__mathlib_dbl_invalid)
    __mathlib_dbl_overflow                   0x08002001   Thumb Code    14  dunder.o(i.__mathlib_dbl_overflow)
    __mathlib_dbl_underflow                  0x08002011   Thumb Code    10  dunder.o(i.__mathlib_dbl_underflow)
    __scatterload_copy                       0x08002021   Thumb Code    14  handlers.o(i.__scatterload_copy)
    __scatterload_null                       0x0800202f   Thumb Code     2  handlers.o(i.__scatterload_null)
    __scatterload_zeroinit                   0x08002031   Thumb Code    14  handlers.o(i.__scatterload_zeroinit)
    __set_errno                              0x08002041   Thumb Code     6  errno.o(i.__set_errno)
    $Super$$main                             0x08002cf1   Thumb Code   182  main.o(i.main)
    main_thread_entry                        0x08002e1d   Thumb Code    14  components.o(i.main_thread_entry)
    pow                                      0x08002f99   Thumb Code  2512  pow.o(i.pow)
    rt_application_init                      0x08003b09   Thumb Code    46  components.o(i.rt_application_init)
    rt_assert_handler                        0x08003b59   Thumb Code    56  kservice.o(i.rt_assert_handler)
    rt_components_board_init                 0x08003bcd   Thumb Code    20  components.o(i.rt_components_board_init)
    rt_components_init                       0x08003be9   Thumb Code    20  components.o(i.rt_components_init)
    rt_console_set_device                    0x08003c05   Thumb Code    56  kservice.o(i.rt_console_set_device)
    rt_critical_level                        0x08003c41   Thumb Code     8  scheduler.o(i.rt_critical_level)
    rt_device_close                          0x08003c89   Thumb Code    92  device.o(i.rt_device_close)
    rt_device_find                           0x08003d35   Thumb Code    14  device.o(i.rt_device_find)
    rt_device_open                           0x08003d45   Thumb Code   162  device.o(i.rt_device_open)
    rt_device_write                          0x08003e4d   Thumb Code    98  device.o(i.rt_device_write)
    rt_enter_critical                        0x08003f01   Thumb Code    28  scheduler.o(i.rt_enter_critical)
    rt_exit_critical                         0x08003f21   Thumb Code    60  scheduler.o(i.rt_exit_critical)
    rt_free                                  0x08003f65   Thumb Code    42  kservice.o(i.rt_free)
    rt_hw_board_init                         0x08003f95   Thumb Code   118  drv_common.o(i.rt_hw_board_init)
    rt_hw_console_output                     0x08004029   Thumb Code     2  kservice.o(i.rt_hw_console_output)
    rt_hw_hard_fault_exception               0x0800402d   Thumb Code   190  cpuport.o(i.rt_hw_hard_fault_exception)
    rt_hw_stack_init                         0x0800422d   Thumb Code    70  cpuport.o(i.rt_hw_stack_init)
    rt_hw_us_delay                           0x08004279   Thumb Code    54  drv_common.o(i.rt_hw_us_delay)
    rt_interrupt_enter                       0x080042b9   Thumb Code    46  irq.o(i.rt_interrupt_enter)
    rt_interrupt_get_nest                    0x080042f1   Thumb Code    22  irq.o(i.rt_interrupt_get_nest)
    rt_interrupt_leave                       0x0800430d   Thumb Code    46  irq.o(i.rt_interrupt_leave)
    rt_kprintf                               0x08004345   Thumb Code    68  kservice.o(i.rt_kprintf)
    rt_malloc                                0x0800441d   Thumb Code    52  kservice.o(i.rt_malloc)
    rt_memset                                0x08004459   Thumb Code    72  kservice.o(i.rt_memset)
    rt_mutex_init                            0x080044a1   Thumb Code    62  ipc.o(i.rt_mutex_init)
    rt_mutex_release                         0x080044f9   Thumb Code   346  ipc.o(i.rt_mutex_release)
    rt_mutex_take                            0x080046d9   Thumb Code   432  ipc.o(i.rt_mutex_take)
    rt_object_allocate                       0x0800493d   Thumb Code   158  object.o(i.rt_object_allocate)
    rt_object_delete                         0x08004a29   Thumb Code    88  object.o(i.rt_object_delete)
    rt_object_detach                         0x08004ac9   Thumb Code    62  object.o(i.rt_object_detach)
    rt_object_find                           0x08004b25   Thumb Code   124  object.o(i.rt_object_find)
    rt_object_get_information                0x08004bd1   Thumb Code    36  object.o(i.rt_object_get_information)
    rt_object_get_type                       0x08004bf9   Thumb Code    26  object.o(i.rt_object_get_type)
    rt_object_init                           0x08004c2d   Thumb Code   140  object.o(i.rt_object_init)
    rt_object_is_systemobject                0x08004ce9   Thumb Code    34  object.o(i.rt_object_is_systemobject)
    rt_schedule                              0x08004d25   Thumb Code   318  scheduler.o(i.rt_schedule)
    rt_schedule_insert_thread                0x08004e81   Thumb Code   118  scheduler.o(i.rt_schedule_insert_thread)
    rt_schedule_remove_thread                0x08004f1d   Thumb Code    94  scheduler.o(i.rt_schedule_remove_thread)
    rt_sem_init                              0x08004f9d   Thumb Code    88  ipc.o(i.rt_sem_init)
    rt_sem_release                           0x08005059   Thumb Code   140  ipc.o(i.rt_sem_release)
    rt_sem_take                              0x08005101   Thumb Code   330  ipc.o(i.rt_sem_take)
    rt_set_errno                             0x080052fd   Thumb Code    36  kservice.o(i.rt_set_errno)
    rt_show_version                          0x08005325   Thumb Code    42  kservice.o(i.rt_show_version)
    rt_smem_alloc                            0x080053e9   Thumb Code   450  mem.o(i.rt_smem_alloc)
    rt_smem_free                             0x08005661   Thumb Code   206  mem.o(i.rt_smem_free)
    rt_smem_init                             0x08005805   Thumb Code   176  mem.o(i.rt_smem_init)
    rt_sprintf                               0x080058f9   Thumb Code    34  kservice.o(i.rt_sprintf)
    rt_strncmp                               0x0800591b   Thumb Code    40  kservice.o(i.rt_strncmp)
    rt_strncpy                               0x08005943   Thumb Code    52  kservice.o(i.rt_strncpy)
    rt_system_heap_init                      0x08005979   Thumb Code    66  kservice.o(i.rt_system_heap_init)
    rt_system_scheduler_init                 0x080059f1   Thumb Code    42  scheduler.o(i.rt_system_scheduler_init)
    rt_system_scheduler_start                0x08005a29   Thumb Code    36  scheduler.o(i.rt_system_scheduler_start)
    rt_system_timer_init                     0x08005a51   Thumb Code    24  timer_1.o(i.rt_system_timer_init)
    rt_system_timer_thread_init              0x08005a6d   Thumb Code     2  timer_1.o(i.rt_system_timer_thread_init)
    rt_thread_control                        0x08005a71   Thumb Code   182  thread.o(i.rt_thread_control)
    rt_thread_create                         0x08005b45   Thumb Code    80  thread.o(i.rt_thread_create)
    rt_thread_defunct_dequeue                0x08005b95   Thumb Code    56  idle.o(i.rt_thread_defunct_dequeue)
    rt_thread_defunct_enqueue                0x08005bd1   Thumb Code    24  idle.o(i.rt_thread_defunct_enqueue)
    rt_thread_delete                         0x08005bed   Thumb Code   128  thread.o(i.rt_thread_delete)
    rt_thread_detach                         0x08005cc5   Thumb Code   128  thread.o(i.rt_thread_detach)
    rt_thread_idle_init                      0x08005db5   Thumb Code    74  idle.o(i.rt_thread_idle_init)
    rt_thread_init                           0x08005e15   Thumb Code    78  thread.o(i.rt_thread_init)
    rt_thread_mdelay                         0x08005e95   Thumb Code    20  thread.o(i.rt_thread_mdelay)
    rt_thread_resume                         0x08005ea9   Thumb Code   122  thread.o(i.rt_thread_resume)
    rt_thread_self                           0x08005f45   Thumb Code     6  thread.o(i.rt_thread_self)
    rt_thread_sleep                          0x08005f51   Thumb Code   104  thread.o(i.rt_thread_sleep)
    rt_thread_startup                        0x08005fd5   Thumb Code   102  thread.o(i.rt_thread_startup)
    rt_thread_suspend                        0x08006091   Thumb Code   154  thread.o(i.rt_thread_suspend)
    rt_tick_from_millisecond                 0x08006169   Thumb Code    56  clock.o(i.rt_tick_from_millisecond)
    rt_tick_get                              0x080061a1   Thumb Code     6  clock.o(i.rt_tick_get)
    rt_tick_increase                         0x080061ad   Thumb Code    90  clock.o(i.rt_tick_increase)
    rt_timer_check                           0x08006211   Thumb Code   208  timer_1.o(i.rt_timer_check)
    rt_timer_control                         0x080062ed   Thumb Code   162  timer_1.o(i.rt_timer_control)
    rt_timer_detach                          0x0800640d   Thumb Code    96  timer_1.o(i.rt_timer_detach)
    rt_timer_init                            0x080064ed   Thumb Code    94  timer_1.o(i.rt_timer_init)
    rt_timer_start                           0x08006591   Thumb Code   294  timer_1.o(i.rt_timer_start)
    rt_timer_stop                            0x08006719   Thumb Code   102  timer_1.o(i.rt_timer_stop)
    rt_vsnprintf                             0x080067d9   Thumb Code   824  kservice.o(i.rt_vsnprintf)
    rt_vsprintf                              0x08006b19   Thumb Code    22  kservice.o(i.rt_vsprintf)
    rtthread_startup                         0x08006b3f   Thumb Code    42  components.o(i.rtthread_startup)
    sqrt                                     0x08006c73   Thumb Code    76  sqrt.o(i.sqrt)
    OLED_F8x16                               0x08006cbe   Data        1520  oled.o(.constdata)
    __mathlib_zero                           0x080078a0   Data           8  qnan.o(.constdata)
    __rt_init_rti_start                      0x08007b20   Data           4  components.o(.rti_fn.0)
    __rt_init_rti_board_start                0x08007b24   Data           4  components.o(.rti_fn.0.end)
    __rt_init_rti_board_end                  0x08007b28   Data           4  components.o(.rti_fn.1.end)
    __rt_init_rti_end                        0x08007b2c   Data           4  components.o(.rti_fn.6.end)
    Region$$Table$$Base                      0x08007b30   Number         0  anon$$obj.o(Region$$Table)
    Region$$Table$$Limit                     0x08007b50   Number         0  anon$$obj.o(Region$$Table)
    SystemCoreClock                          0x20000000   Data           4  system_stm32f10x.o(.data)
    AHBPrescTable                            0x20000004   Data          16  system_stm32f10x.o(.data)
    wendu                                    0x20000028   Data           1  dht11.o(.data)
    shidu                                    0x20000029   Data           1  dht11.o(.data)
    AD_Value                                 0x2000002c   Data           6  ad.o(.data)
    MQ2_PPM                                  0x20000034   Data           4  ad.o(.data)
    FR                                       0x20000038   Data           4  ad.o(.data)
    MQ7_PPM                                  0x2000003c   Data           4  ad.o(.data)
    rt_interrupt_nest                        0x2000005c   Data           1  irq.o(.data)
    rt_assert_hook                           0x20000074   Data           4  kservice.o(.data)
    rt_object_trytake_hook                   0x20000120   Data           4  object.o(.data)
    rt_object_take_hook                      0x20000124   Data           4  object.o(.data)
    rt_object_put_hook                       0x20000128   Data           4  object.o(.data)
    rt_thread_ready_priority_group           0x2000012c   Data           4  scheduler.o(.data)
    rt_current_thread                        0x20000134   Data           4  scheduler.o(.data)
    rt_current_priority                      0x20000138   Data           1  scheduler.o(.data)
    rt_interrupt_from_thread                 0x20000164   Data           4  cpuport.o(.data)
    rt_interrupt_to_thread                   0x20000168   Data           4  cpuport.o(.data)
    rt_thread_switch_interrupt_flag          0x2000016c   Data           4  cpuport.o(.data)
    str_m                                    0x200001d8   Data         100  main.o(.bss)
    rt_thread_priority_table                 0x200019f0   Data         256  scheduler.o(.bss)
    Image$$RW_IRAM1$$ZI$$Limit               0x20001ef0   Number         0  anon$$obj.o ABSOLUTE
    __initial_sp                             0x20001ef0   Data           0  startup_stm32f10x_md.o(STACK)



==============================================================================

Memory Map of the image

  Image Entry point : 0x080000ed

  Load Region LR_IROM1 (Base: 0x08000000, Size: 0x00007cc8, Max: 0x00010000, ABSOLUTE, COMPRESSED[0x00007bcc])

    Execution Region ER_IROM1 (Exec base: 0x08000000, Load base: 0x08000000, Size: 0x00007b50, Max: 0x00010000, ABSOLUTE)

    Exec Addr    Load Addr    Size         Type   Attr      Idx    E Section Name        Object

    0x08000000   0x08000000   0x000000ec   Data   RO            3    RESET               startup_stm32f10x_md.o
    0x080000ec   0x080000ec   0x00000000   Code   RO         5242  * .ARM.Collect$$$$00000000  mc_w.l(entry.o)
    0x080000ec   0x080000ec   0x00000004   Code   RO         5553    .ARM.Collect$$$$00000001  mc_w.l(entry2.o)
    0x080000f0   0x080000f0   0x00000004   Code   RO         5556    .ARM.Collect$$$$00000004  mc_w.l(entry5.o)
    0x080000f4   0x080000f4   0x00000000   Code   RO         5558    .ARM.Collect$$$$00000008  mc_w.l(entry7b.o)
    0x080000f4   0x080000f4   0x00000000   Code   RO         5560    .ARM.Collect$$$$0000000A  mc_w.l(entry8b.o)
    0x080000f4   0x080000f4   0x00000008   Code   RO         5561    .ARM.Collect$$$$0000000B  mc_w.l(entry9a.o)
    0x080000fc   0x080000fc   0x00000004   Code   RO         5568    .ARM.Collect$$$$0000000E  mc_w.l(entry12b.o)
    0x08000100   0x08000100   0x00000000   Code   RO         5563    .ARM.Collect$$$$0000000F  mc_w.l(entry10a.o)
    0x08000100   0x08000100   0x00000000   Code   RO         5565    .ARM.Collect$$$$00000011  mc_w.l(entry11a.o)
    0x08000100   0x08000100   0x00000004   Code   RO         5554    .ARM.Collect$$$$00002712  mc_w.l(entry2.o)
    0x08000104   0x08000104   0x00000010   Code   RO         5089    .emb_text           cpuport.o
    0x08000114   0x08000114   0x00000024   Code   RO            4    .text               startup_stm32f10x_md.o
    0x08000138   0x08000138   0x000000f4   Code   RO         5167    .text               context_rvds.o
    0x0800022c   0x0800022c   0x000000b0   Code   RO         5506    .text               mf_w.l(fadd.o)
    0x080002dc   0x080002dc   0x00000064   Code   RO         5508    .text               mf_w.l(fmul.o)
    0x08000340   0x08000340   0x0000007c   Code   RO         5510    .text               mf_w.l(fdiv.o)
    0x080003bc   0x080003bc   0x000000e4   Code   RO         5512    .text               mf_w.l(dmul.o)
    0x080004a0   0x080004a0   0x000000de   Code   RO         5514    .text               mf_w.l(ddiv.o)
    0x0800057e   0x0800057e   0x00000012   Code   RO         5516    .text               mf_w.l(fflti.o)
    0x08000590   0x08000590   0x0000000a   Code   RO         5518    .text               mf_w.l(ffltui.o)
    0x0800059a   0x0800059a   0x00000028   Code   RO         5520    .text               mf_w.l(ffixui.o)
    0x080005c2   0x080005c2   0x00000026   Code   RO         5522    .text               mf_w.l(f2d.o)
    0x080005e8   0x080005e8   0x00000038   Code   RO         5524    .text               mf_w.l(d2f.o)
    0x08000620   0x08000620   0x0000002c   Code   RO         5572    .text               mc_w.l(uidiv.o)
    0x0800064c   0x0800064c   0x00000062   Code   RO         5574    .text               mc_w.l(uldiv.o)
    0x080006ae   0x080006ae   0x00000000   Code   RO         5583    .text               mc_w.l(iusefp.o)
    0x080006ae   0x080006ae   0x0000006e   Code   RO         5584    .text               mf_w.l(fepilogue.o)
    0x0800071c   0x0800071c   0x000000ba   Code   RO         5586    .text               mf_w.l(depilogue.o)
    0x080007d6   0x080007d6   0x0000014e   Code   RO         5588    .text               mf_w.l(dadd.o)
    0x08000924   0x08000924   0x0000002e   Code   RO         5590    .text               mf_w.l(dscalb.o)
    0x08000952   0x08000952   0x00000022   Code   RO         5592    .text               mf_w.l(dflti.o)
    0x08000974   0x08000974   0x00000030   Code   RO         5594    .text               mf_w.l(dfixul.o)
    0x080009a4   0x080009a4   0x00000030   Code   RO         5596    .text               mf_w.l(cdrcmple.o)
    0x080009d4   0x080009d4   0x00000024   Code   RO         5598    .text               mc_w.l(init.o)
    0x080009f8   0x080009f8   0x0000001e   Code   RO         5601    .text               mc_w.l(llshl.o)
    0x08000a16   0x08000a16   0x00000020   Code   RO         5603    .text               mc_w.l(llushr.o)
    0x08000a36   0x08000a36   0x00000024   Code   RO         5605    .text               mc_w.l(llsshr.o)
    0x08000a5a   0x08000a5a   0x000000a2   Code   RO         5608    .text               mf_w.l(dsqrt.o)
    0x08000afc   0x08000afc   0x00000056   Code   RO         5620    .text               mc_w.l(__dczerorl2.o)
    0x08000b52   0x08000b52   0x0000000a   Code   RO         3701    i.$Sub$$main        components.o
    0x08000b5c   0x08000b5c   0x00000016   Code   RO          202    i.ADC_Cmd           stm32f10x_adc.o
    0x08000b72   0x08000b72   0x00000016   Code   RO          203    i.ADC_DMACmd        stm32f10x_adc.o
    0x08000b88   0x08000b88   0x00000014   Code   RO          210    i.ADC_GetCalibrationStatus  stm32f10x_adc.o
    0x08000b9c   0x08000b9c   0x00000014   Code   RO          216    i.ADC_GetResetCalibrationStatus  stm32f10x_adc.o
    0x08000bb0   0x08000bb0   0x00000050   Code   RO          220    i.ADC_Init          stm32f10x_adc.o
    0x08000c00   0x08000c00   0x000000b8   Code   RO          224    i.ADC_RegularChannelConfig  stm32f10x_adc.o
    0x08000cb8   0x08000cb8   0x0000000a   Code   RO          225    i.ADC_ResetCalibration  stm32f10x_adc.o
    0x08000cc2   0x08000cc2   0x00000016   Code   RO          227    i.ADC_SoftwareStartConvCmd  stm32f10x_adc.o
    0x08000cd8   0x08000cd8   0x0000000a   Code   RO          229    i.ADC_StartCalibration  stm32f10x_adc.o
    0x08000ce2   0x08000ce2   0x00000002   PAD
    0x08000ce4   0x08000ce4   0x00000040   Code   RO         3447    i.AD_GetValue       ad.o
    0x08000d24   0x08000d24   0x00000110   Code   RO         3448    i.AD_Init           ad.o
    0x08000e34   0x08000e34   0x00000004   Code   RO         3612    i.BusFault_Handler  stm32f10x_it.o
    0x08000e38   0x08000e38   0x0000005c   Code   RO         3390    i.DHT11_Check       dht11.o
    0x08000e94   0x08000e94   0x00000040   Code   RO         3391    i.DHT11_Init        dht11.o
    0x08000ed4   0x08000ed4   0x00000038   Code   RO         3392    i.DHT11_Mode        dht11.o
    0x08000f0c   0x08000f0c   0x0000005c   Code   RO         3393    i.DHT11_Read_Bit    dht11.o
    0x08000f68   0x08000f68   0x0000001e   Code   RO         3394    i.DHT11_Read_Byte   dht11.o
    0x08000f86   0x08000f86   0x00000058   Code   RO         3395    i.DHT11_Read_Data   dht11.o
    0x08000fde   0x08000fde   0x00000002   PAD
    0x08000fe0   0x08000fe0   0x00000030   Code   RO         3396    i.DHT11_Rst         dht11.o
    0x08001010   0x08001010   0x0000001c   Code   RO          909    i.DMA_ClearFlag     stm32f10x_dma.o
    0x0800102c   0x0800102c   0x00000018   Code   RO          911    i.DMA_Cmd           stm32f10x_dma.o
    0x08001044   0x08001044   0x0000002c   Code   RO          914    i.DMA_GetFlagStatus  stm32f10x_dma.o
    0x08001070   0x08001070   0x0000003c   Code   RO          917    i.DMA_Init          stm32f10x_dma.o
    0x080010ac   0x080010ac   0x00000004   Code   RO          918    i.DMA_SetCurrDataCounter  stm32f10x_dma.o
    0x080010b0   0x080010b0   0x00000002   Code   RO         3613    i.DebugMon_Handler  stm32f10x_it.o
    0x080010b2   0x080010b2   0x0000000c   Code   RO         3196    i.Delay_ms          delay.o
    0x080010be   0x080010be   0x0000000c   Code   RO         3198    i.Delay_us          delay.o
    0x080010ca   0x080010ca   0x00000002   PAD
    0x080010cc   0x080010cc   0x00000050   Code   RO         3449    i.Fire_GetData      ad.o
    0x0800111c   0x0800111c   0x00000116   Code   RO         1347    i.GPIO_Init         stm32f10x_gpio.o
    0x08001232   0x08001232   0x00000012   Code   RO         1351    i.GPIO_ReadInputDataBit  stm32f10x_gpio.o
    0x08001244   0x08001244   0x00000004   Code   RO         1354    i.GPIO_ResetBits    stm32f10x_gpio.o
    0x08001248   0x08001248   0x00000004   Code   RO         1355    i.GPIO_SetBits      stm32f10x_gpio.o
    0x0800124c   0x0800124c   0x0000000a   Code   RO         1358    i.GPIO_WriteBit     stm32f10x_gpio.o
    0x08001256   0x08001256   0x00000038   Code   RO         3548    i.Lora_SendData     main.o
    0x0800128e   0x0800128e   0x00000002   PAD
    0x08001290   0x08001290   0x000000ec   Code   RO         3450    i.MQ2_GetData_PPM   ad.o
    0x0800137c   0x0800137c   0x000000ec   Code   RO         3451    i.MQ7_GetData_PPM   ad.o
    0x08001468   0x08001468   0x00000004   Code   RO         3614    i.MemManage_Handler  stm32f10x_it.o
    0x0800146c   0x0800146c   0x00000002   Code   RO         3615    i.NMI_Handler       stm32f10x_it.o
    0x0800146e   0x0800146e   0x00000002   PAD
    0x08001470   0x08001470   0x00000070   Code   RO          137    i.NVIC_Init         misc.o
    0x080014e0   0x080014e0   0x00000014   Code   RO          138    i.NVIC_PriorityGroupConfig  misc.o
    0x080014f4   0x080014f4   0x0000002a   Code   RO         3282    i.OLED_Clear        oled.o
    0x0800151e   0x0800151e   0x00000002   PAD
    0x08001520   0x08001520   0x00000050   Code   RO         3283    i.OLED_I2C_Init     oled.o
    0x08001570   0x08001570   0x00000054   Code   RO         3284    i.OLED_I2C_SendByte  oled.o
    0x080015c4   0x080015c4   0x00000034   Code   RO         3285    i.OLED_I2C_Start    oled.o
    0x080015f8   0x080015f8   0x00000028   Code   RO         3286    i.OLED_I2C_Stop     oled.o
    0x08001620   0x08001620   0x000000ae   Code   RO         3287    i.OLED_Init         oled.o
    0x080016ce   0x080016ce   0x00000014   Code   RO         3288    i.OLED_Pow          oled.o
    0x080016e2   0x080016e2   0x00000022   Code   RO         3289    i.OLED_SetCursor    oled.o
    0x08001704   0x08001704   0x00000074   Code   RO         3291    i.OLED_ShowChar     oled.o
    0x08001778   0x08001778   0x00000044   Code   RO         3293    i.OLED_ShowNum      oled.o
    0x080017bc   0x080017bc   0x00000020   Code   RO         3296    i.OLED_WriteCommand  oled.o
    0x080017dc   0x080017dc   0x00000020   Code   RO         3297    i.OLED_WriteData    oled.o
    0x080017fc   0x080017fc   0x00000018   Code   RO         1773    i.RCC_ADCCLKConfig  stm32f10x_rcc.o
    0x08001814   0x08001814   0x00000020   Code   RO         1774    i.RCC_AHBPeriphClockCmd  stm32f10x_rcc.o
    0x08001834   0x08001834   0x00000020   Code   RO         1775    i.RCC_APB1PeriphClockCmd  stm32f10x_rcc.o
    0x08001854   0x08001854   0x00000020   Code   RO         1777    i.RCC_APB2PeriphClockCmd  stm32f10x_rcc.o
    0x08001874   0x08001874   0x000000d4   Code   RO         1785    i.RCC_GetClocksFreq  stm32f10x_rcc.o
    0x08001948   0x08001948   0x00000002   Code   RO         3616    i.SVC_Handler       stm32f10x_it.o
    0x0800194a   0x0800194a   0x00000002   PAD
    0x0800194c   0x0800194c   0x000000b8   Code   RO         3505    i.Seria3_Init       lora.o
    0x08001a04   0x08001a04   0x00000020   Code   RO         3507    i.Seria3_SendByte   lora.o
    0x08001a24   0x08001a24   0x0000001a   Code   RO         3508    i.Seria3_SendString  lora.o
    0x08001a3e   0x08001a3e   0x00000008   Code   RO           24    i.SetSysClock       system_stm32f10x.o
    0x08001a46   0x08001a46   0x00000002   PAD
    0x08001a48   0x08001a48   0x000000e0   Code   RO           25    i.SetSysClockTo72   system_stm32f10x.o
    0x08001b28   0x08001b28   0x00000010   Code   RO         5175    i.SysTick_Handler   drv_common.o
    0x08001b38   0x08001b38   0x00000060   Code   RO           27    i.SystemInit        system_stm32f10x.o
    0x08001b98   0x08001b98   0x00000064   Code   RO         3549    i.TIM4_IRQHandler   main.o
    0x08001bfc   0x08001bfc   0x00000006   Code   RO         2415    i.TIM_ClearFlag     stm32f10x_tim.o
    0x08001c02   0x08001c02   0x00000006   Code   RO         2416    i.TIM_ClearITPendingBit  stm32f10x_tim.o
    0x08001c08   0x08001c08   0x00000018   Code   RO         2421    i.TIM_Cmd           stm32f10x_tim.o
    0x08001c20   0x08001c20   0x00000022   Code   RO         2442    i.TIM_GetITStatus   stm32f10x_tim.o
    0x08001c42   0x08001c42   0x00000012   Code   RO         2446    i.TIM_ITConfig      stm32f10x_tim.o
    0x08001c54   0x08001c54   0x0000000c   Code   RO         2448    i.TIM_InternalClockConfig  stm32f10x_tim.o
    0x08001c60   0x08001c60   0x000000a4   Code   RO         2492    i.TIM_TimeBaseInit  stm32f10x_tim.o
    0x08001d04   0x08001d04   0x00000080   Code   RO         3493    i.Timer_Init        timer.o
    0x08001d84   0x08001d84   0x00000018   Code   RO         2960    i.USART_Cmd         stm32f10x_usart.o
    0x08001d9c   0x08001d9c   0x0000001a   Code   RO         2963    i.USART_GetFlagStatus  stm32f10x_usart.o
    0x08001db6   0x08001db6   0x0000004a   Code   RO         2966    i.USART_ITConfig    stm32f10x_usart.o
    0x08001e00   0x08001e00   0x000000d8   Code   RO         2967    i.USART_Init        stm32f10x_usart.o
    0x08001ed8   0x08001ed8   0x00000008   Code   RO         2977    i.USART_SendData    stm32f10x_usart.o
    0x08001ee0   0x08001ee0   0x00000004   Code   RO         3617    i.UsageFault_Handler  stm32f10x_it.o
    0x08001ee4   0x08001ee4   0x00000028   Code   RO         5480    i.__0sprintf        mc_w.l(printfa.o)
    0x08001f0c   0x08001f0c   0x00000028   Code   RO         5540    i.__ARM_fpclassify  m_ws.l(fpclassify.o)
    0x08001f34   0x08001f34   0x000000aa   Code   RO         5542    i.__kernel_poly     m_ws.l(poly.o)
    0x08001fde   0x08001fde   0x00000002   PAD
    0x08001fe0   0x08001fe0   0x00000010   Code   RO         5526    i.__mathlib_dbl_divzero  m_ws.l(dunder.o)
    0x08001ff0   0x08001ff0   0x00000004   Code   RO         5528    i.__mathlib_dbl_infnan2  m_ws.l(dunder.o)
    0x08001ff4   0x08001ff4   0x0000000c   Code   RO         5529    i.__mathlib_dbl_invalid  m_ws.l(dunder.o)
    0x08002000   0x08002000   0x0000000e   Code   RO         5530    i.__mathlib_dbl_overflow  m_ws.l(dunder.o)
    0x0800200e   0x0800200e   0x00000002   PAD
    0x08002010   0x08002010   0x00000010   Code   RO         5532    i.__mathlib_dbl_underflow  m_ws.l(dunder.o)
    0x08002020   0x08002020   0x0000000e   Code   RO         5614    i.__scatterload_copy  mc_w.l(handlers.o)
    0x0800202e   0x0800202e   0x00000002   Code   RO         5615    i.__scatterload_null  mc_w.l(handlers.o)
    0x08002030   0x08002030   0x0000000e   Code   RO         5616    i.__scatterload_zeroinit  mc_w.l(handlers.o)
    0x0800203e   0x0800203e   0x00000002   PAD
    0x08002040   0x08002040   0x0000000c   Code   RO         5578    i.__set_errno       mc_w.l(errno.o)
    0x0800204c   0x0800204c   0x00000184   Code   RO         5485    i._fp_digits        mc_w.l(printfa.o)
    0x080021d0   0x080021d0   0x0000001c   Code   RO         4245    i._heap_lock        kservice.o
    0x080021ec   0x080021ec   0x00000038   Code   RO         4246    i._heap_unlock      kservice.o
    0x08002224   0x08002224   0x00000018   Code   RO         3913    i._ipc_list_resume  ipc.o
    0x0800223c   0x0800223c   0x00000080   Code   RO         3915    i._ipc_list_suspend  ipc.o
    0x080022bc   0x080022bc   0x00000010   Code   RO         3916    i._ipc_object_init  ipc.o
    0x080022cc   0x080022cc   0x000006b4   Code   RO         5486    i._printf_core      mc_w.l(printfa.o)
    0x08002980   0x08002980   0x00000024   Code   RO         5487    i._printf_post_padding  mc_w.l(printfa.o)
    0x080029a4   0x080029a4   0x0000002e   Code   RO         5488    i._printf_pre_padding  mc_w.l(printfa.o)
    0x080029d2   0x080029d2   0x00000002   PAD
    0x080029d4   0x080029d4   0x000000c4   Code   RO         4733    i._rt_scheduler_stack_check  scheduler.o
    0x08002a98   0x08002a98   0x00000028   Code   RO         4734    i._scheduler_get_highest_priority_thread  scheduler.o
    0x08002ac0   0x08002ac0   0x0000000a   Code   RO         5490    i._sputc            mc_w.l(printfa.o)
    0x08002aca   0x08002aca   0x00000034   Code   RO         4818    i._thread_exit      thread.o
    0x08002afe   0x08002afe   0x00000002   PAD
    0x08002b00   0x08002b00   0x000000d4   Code   RO         4819    i._thread_init      thread.o
    0x08002bd4   0x08002bd4   0x000000bc   Code   RO         4820    i._thread_timeout   thread.o
    0x08002c90   0x08002c90   0x00000042   Code   RO         4963    i._timer_init       timer_1.o
    0x08002cd2   0x08002cd2   0x0000001c   Code   RO         4965    i._timer_remove     timer_1.o
    0x08002cee   0x08002cee   0x00000002   PAD
    0x08002cf0   0x08002cf0   0x0000012c   Code   RO         3550    i.main              main.o
    0x08002e1c   0x08002e1c   0x0000000e   Code   RO         3702    i.main_thread_entry  components.o
    0x08002e2a   0x08002e2a   0x00000002   PAD
    0x08002e2c   0x08002e2c   0x00000084   Code   RO         3551    i.oled_display_thread  main.o
    0x08002eb0   0x08002eb0   0x000000e8   Code   RO         4507    i.plug_holes        mem.o
    0x08002f98   0x08002f98   0x000009d8   Code   RO         5233    i.pow               m_ws.l(pow.o)
    0x08003970   0x08003970   0x00000198   Code   RO         4248    i.print_number      kservice.o
    0x08003b08   0x08003b08   0x00000050   Code   RO         3703    i.rt_application_init  components.o
    0x08003b58   0x08003b58   0x00000074   Code   RO         4249    i.rt_assert_handler  kservice.o
    0x08003bcc   0x08003bcc   0x0000001c   Code   RO         3704    i.rt_components_board_init  components.o
    0x08003be8   0x08003be8   0x0000001c   Code   RO         3705    i.rt_components_init  components.o
    0x08003c04   0x08003c04   0x0000003c   Code   RO         4253    i.rt_console_set_device  kservice.o
    0x08003c40   0x08003c40   0x0000000c   Code   RO         4735    i.rt_critical_level  scheduler.o
    0x08003c4c   0x08003c4c   0x0000003c   Code   RO         3855    i.rt_defunct_execute  idle.o
    0x08003c88   0x08003c88   0x000000ac   Code   RO         3770    i.rt_device_close   device.o
    0x08003d34   0x08003d34   0x0000000e   Code   RO         3774    i.rt_device_find    device.o
    0x08003d42   0x08003d42   0x00000002   PAD
    0x08003d44   0x08003d44   0x00000108   Code   RO         3776    i.rt_device_open    device.o
    0x08003e4c   0x08003e4c   0x000000b4   Code   RO         3782    i.rt_device_write   device.o
    0x08003f00   0x08003f00   0x00000020   Code   RO         4736    i.rt_enter_critical  scheduler.o
    0x08003f20   0x08003f20   0x00000044   Code   RO         4737    i.rt_exit_critical  scheduler.o
    0x08003f64   0x08003f64   0x00000030   Code   RO         4254    i.rt_free           kservice.o
    0x08003f94   0x08003f94   0x00000094   Code   RO         5177    i.rt_hw_board_init  drv_common.o
    0x08004028   0x08004028   0x00000002   Code   RO         4258    i.rt_hw_console_output  kservice.o
    0x0800402a   0x0800402a   0x00000002   PAD
    0x0800402c   0x0800402c   0x00000200   Code   RO         5093    i.rt_hw_hard_fault_exception  cpuport.o
    0x0800422c   0x0800422c   0x0000004c   Code   RO         5094    i.rt_hw_stack_init  cpuport.o
    0x08004278   0x08004278   0x00000040   Code   RO         5178    i.rt_hw_us_delay    drv_common.o
    0x080042b8   0x080042b8   0x00000038   Code   RO         4206    i.rt_interrupt_enter  irq.o
    0x080042f0   0x080042f0   0x0000001c   Code   RO         4208    i.rt_interrupt_get_nest  irq.o
    0x0800430c   0x0800430c   0x00000038   Code   RO         4209    i.rt_interrupt_leave  irq.o
    0x08004344   0x08004344   0x0000004c   Code   RO         4259    i.rt_kprintf        kservice.o
    0x08004390   0x08004390   0x00000006   Code   RO         3924    i.rt_list_init      ipc.o
    0x08004396   0x08004396   0x00000006   Code   RO         4966    i.rt_list_init      timer_1.o
    0x0800439c   0x0800439c   0x0000000e   Code   RO         4620    i.rt_list_insert_after  object.o
    0x080043aa   0x080043aa   0x0000000e   Code   RO         4967    i.rt_list_insert_after  timer_1.o
    0x080043b8   0x080043b8   0x0000000e   Code   RO         3925    i.rt_list_insert_before  ipc.o
    0x080043c6   0x080043c6   0x00000010   Code   RO         3926    i.rt_list_isempty   ipc.o
    0x080043d6   0x080043d6   0x00000010   Code   RO         4968    i.rt_list_isempty   timer_1.o
    0x080043e6   0x080043e6   0x00000012   Code   RO         4621    i.rt_list_remove    object.o
    0x080043f8   0x080043f8   0x00000012   Code   RO         4821    i.rt_list_remove    thread.o
    0x0800440a   0x0800440a   0x00000012   Code   RO         4969    i.rt_list_remove    timer_1.o
    0x0800441c   0x0800441c   0x0000003c   Code   RO         4261    i.rt_malloc         kservice.o
    0x08004458   0x08004458   0x00000048   Code   RO         4268    i.rt_memset         kservice.o
    0x080044a0   0x080044a0   0x00000058   Code   RO         3949    i.rt_mutex_init     ipc.o
    0x080044f8   0x080044f8   0x000001e0   Code   RO         3950    i.rt_mutex_release  ipc.o
    0x080046d8   0x080046d8   0x00000264   Code   RO         3951    i.rt_mutex_take     ipc.o
    0x0800493c   0x0800493c   0x000000ec   Code   RO         4622    i.rt_object_allocate  object.o
    0x08004a28   0x08004a28   0x000000a0   Code   RO         4624    i.rt_object_delete  object.o
    0x08004ac8   0x08004ac8   0x0000005c   Code   RO         4625    i.rt_object_detach  object.o
    0x08004b24   0x08004b24   0x000000ac   Code   RO         4627    i.rt_object_find    object.o
    0x08004bd0   0x08004bd0   0x00000028   Code   RO         4628    i.rt_object_get_information  object.o
    0x08004bf8   0x08004bf8   0x00000034   Code   RO         4631    i.rt_object_get_type  object.o
    0x08004c2c   0x08004c2c   0x000000bc   Code   RO         4632    i.rt_object_init    object.o
    0x08004ce8   0x08004ce8   0x0000003c   Code   RO         4633    i.rt_object_is_systemobject  object.o
    0x08004d24   0x08004d24   0x0000015c   Code   RO         4738    i.rt_schedule       scheduler.o
    0x08004e80   0x08004e80   0x0000009c   Code   RO         4739    i.rt_schedule_insert_thread  scheduler.o
    0x08004f1c   0x08004f1c   0x00000080   Code   RO         4740    i.rt_schedule_remove_thread  scheduler.o
    0x08004f9c   0x08004f9c   0x000000bc   Code   RO         3957    i.rt_sem_init       ipc.o
    0x08005058   0x08005058   0x000000a8   Code   RO         3958    i.rt_sem_release    ipc.o
    0x08005100   0x08005100   0x000001fc   Code   RO         3959    i.rt_sem_take       ipc.o
    0x080052fc   0x080052fc   0x00000028   Code   RO         4270    i.rt_set_errno      kservice.o
    0x08005324   0x08005324   0x000000c4   Code   RO         4271    i.rt_show_version   kservice.o
    0x080053e8   0x080053e8   0x00000278   Code   RO         4508    i.rt_smem_alloc     mem.o
    0x08005660   0x08005660   0x000001a4   Code   RO         4510    i.rt_smem_free      mem.o
    0x08005804   0x08005804   0x000000f4   Code   RO         4511    i.rt_smem_init      mem.o
    0x080058f8   0x080058f8   0x00000022   Code   RO         4273    i.rt_sprintf        kservice.o
    0x0800591a   0x0800591a   0x00000028   Code   RO         4279    i.rt_strncmp        kservice.o
    0x08005942   0x08005942   0x00000034   Code   RO         4280    i.rt_strncpy        kservice.o
    0x08005976   0x08005976   0x00000002   PAD
    0x08005978   0x08005978   0x00000078   Code   RO         4283    i.rt_system_heap_init  kservice.o
    0x080059f0   0x080059f0   0x00000038   Code   RO         4743    i.rt_system_scheduler_init  scheduler.o
    0x08005a28   0x08005a28   0x00000028   Code   RO         4744    i.rt_system_scheduler_start  scheduler.o
    0x08005a50   0x08005a50   0x0000001c   Code   RO         4970    i.rt_system_timer_init  timer_1.o
    0x08005a6c   0x08005a6c   0x00000002   Code   RO         4971    i.rt_system_timer_thread_init  timer_1.o
    0x08005a6e   0x08005a6e   0x00000002   PAD
    0x08005a70   0x08005a70   0x000000d4   Code   RO         4822    i.rt_thread_control  thread.o
    0x08005b44   0x08005b44   0x00000050   Code   RO         4823    i.rt_thread_create  thread.o
    0x08005b94   0x08005b94   0x0000003c   Code   RO         3856    i.rt_thread_defunct_dequeue  idle.o
    0x08005bd0   0x08005bd0   0x0000001c   Code   RO         3857    i.rt_thread_defunct_enqueue  idle.o
    0x08005bec   0x08005bec   0x000000d8   Code   RO         4826    i.rt_thread_delete  thread.o
    0x08005cc4   0x08005cc4   0x000000cc   Code   RO         4827    i.rt_thread_detach  thread.o
    0x08005d90   0x08005d90   0x00000024   Code   RO         3859    i.rt_thread_idle_entry  idle.o
    0x08005db4   0x08005db4   0x00000060   Code   RO         3861    i.rt_thread_idle_init  idle.o
    0x08005e14   0x08005e14   0x00000080   Code   RO         4829    i.rt_thread_init    thread.o
    0x08005e94   0x08005e94   0x00000014   Code   RO         4831    i.rt_thread_mdelay  thread.o
    0x08005ea8   0x08005ea8   0x0000009c   Code   RO         4832    i.rt_thread_resume  thread.o
    0x08005f44   0x08005f44   0x0000000c   Code   RO         4834    i.rt_thread_self    thread.o
    0x08005f50   0x08005f50   0x00000084   Code   RO         4835    i.rt_thread_sleep   thread.o
    0x08005fd4   0x08005fd4   0x000000bc   Code   RO         4836    i.rt_thread_startup  thread.o
    0x08006090   0x08006090   0x000000d8   Code   RO         4837    i.rt_thread_suspend  thread.o
    0x08006168   0x08006168   0x00000038   Code   RO         3657    i.rt_tick_from_millisecond  clock.o
    0x080061a0   0x080061a0   0x0000000c   Code   RO         3658    i.rt_tick_get       clock.o
    0x080061ac   0x080061ac   0x00000064   Code   RO         3660    i.rt_tick_increase  clock.o
    0x08006210   0x08006210   0x000000dc   Code   RO         4972    i.rt_timer_check    timer_1.o
    0x080062ec   0x080062ec   0x00000120   Code   RO         4973    i.rt_timer_control  timer_1.o
    0x0800640c   0x0800640c   0x000000e0   Code   RO         4976    i.rt_timer_detach   timer_1.o
    0x080064ec   0x080064ec   0x000000a4   Code   RO         4979    i.rt_timer_init     timer_1.o
    0x08006590   0x08006590   0x00000188   Code   RO         4981    i.rt_timer_start    timer_1.o
    0x08006718   0x08006718   0x000000c0   Code   RO         4982    i.rt_timer_stop     timer_1.o
    0x080067d8   0x080067d8   0x00000340   Code   RO         4284    i.rt_vsnprintf      kservice.o
    0x08006b18   0x08006b18   0x00000016   Code   RO         4285    i.rt_vsprintf       kservice.o
    0x08006b2e   0x08006b2e   0x00000004   Code   RO         3706    i.rti_board_end     components.o
    0x08006b32   0x08006b32   0x00000004   Code   RO         3707    i.rti_board_start   components.o
    0x08006b36   0x08006b36   0x00000004   Code   RO         3708    i.rti_end           components.o
    0x08006b3a   0x08006b3a   0x00000004   Code   RO         3709    i.rti_start         components.o
    0x08006b3e   0x08006b3e   0x0000002a   Code   RO         3710    i.rtthread_startup  components.o
    0x08006b68   0x08006b68   0x00000054   Code   RO         3552    i.sensor_read_thread  main.o
    0x08006bbc   0x08006bbc   0x00000090   Code   RO         3553    i.sensor_send_thread  main.o
    0x08006c4c   0x08006c4c   0x00000026   Code   RO         4286    i.skip_atoi         kservice.o
    0x08006c72   0x08006c72   0x0000004c   Code   RO         5546    i.sqrt              m_ws.l(sqrt.o)
    0x08006cbe   0x08006cbe   0x000005f0   Data   RO         3298    .constdata          oled.o
    0x080072ae   0x080072ae   0x00000014   Data   RO         3711    .constdata          components.o
    0x080072c2   0x080072c2   0x000000ba   Data   RO         3783    .constdata          device.o
    0x0800737c   0x0800737c   0x0000021b   Data   RO         3961    .constdata          ipc.o
    0x08007597   0x08007597   0x00000043   Data   RO         4288    .constdata          kservice.o
    0x080075da   0x080075da   0x00000045   Data   RO         4513    .constdata          mem.o
    0x0800761f   0x0800761f   0x00000080   Data   RO         4637    .constdata          object.o
    0x0800769f   0x0800769f   0x0000004e   Data   RO         4746    .constdata          scheduler.o
    0x080076ed   0x080076ed   0x000000bb   Data   RO         4840    .constdata          thread.o
    0x080077a8   0x080077a8   0x0000006c   Data   RO         4983    .constdata          timer_1.o
    0x08007814   0x08007814   0x00000004   PAD
    0x08007818   0x08007818   0x00000088   Data   RO         5234    .constdata          m_ws.l(pow.o)
    0x080078a0   0x080078a0   0x00000008   Data   RO         5544    .constdata          m_ws.l(qnan.o)
    0x080078a8   0x080078a8   0x0000008b   Data   RO         3962    .conststring        ipc.o
    0x08007933   0x08007933   0x00000001   PAD
    0x08007934   0x08007934   0x000001a8   Data   RO         4514    .conststring        mem.o
    0x08007adc   0x08007adc   0x00000042   Data   RO         4841    .conststring        thread.o
    0x08007b1e   0x08007b1e   0x00000002   PAD
    0x08007b20   0x08007b20   0x00000004   Data   RO         3712    .rti_fn.0           components.o
    0x08007b24   0x08007b24   0x00000004   Data   RO         3713    .rti_fn.0.end       components.o
    0x08007b28   0x08007b28   0x00000004   Data   RO         3714    .rti_fn.1.end       components.o
    0x08007b2c   0x08007b2c   0x00000004   Data   RO         3715    .rti_fn.6.end       components.o
    0x08007b30   0x08007b30   0x00000020   Data   RO         5612    Region$$Table       anon$$obj.o


    Execution Region RW_IRAM1 (Exec base: 0x20000000, Load base: 0x08007b50, Size: 0x00001ef0, Max: 0x00005000, ABSOLUTE, COMPRESSED[0x0000007c])

    Exec Addr    Load Addr    Size         Type   Attr      Idx    E Section Name        Object

    0x20000000   COMPRESSED   0x00000014   Data   RW           28    .data               system_stm32f10x.o
    0x20000014   COMPRESSED   0x00000014   Data   RW         1805    .data               stm32f10x_rcc.o
    0x20000028   COMPRESSED   0x00000002   Data   RW         3397    .data               dht11.o
    0x2000002a   COMPRESSED   0x00000002   PAD
    0x2000002c   COMPRESSED   0x00000014   Data   RW         3452    .data               ad.o
    0x20000040   COMPRESSED   0x00000004   Data   RW         3555    .data               main.o
    0x20000044   COMPRESSED   0x00000008   Data   RW         3663    .data               clock.o
    0x2000004c   COMPRESSED   0x00000008   Data   RW         3864    .data               idle.o
    0x20000054   COMPRESSED   0x00000009   Data   RW         4211    .data               irq.o
    0x2000005d   COMPRESSED   0x00000003   PAD
    0x20000060   COMPRESSED   0x00000018   Data   RW         4289    .data               kservice.o
    0x20000078   COMPRESSED   0x000000b4   Data   RW         4638    .data               object.o
    0x2000012c   COMPRESSED   0x00000018   Data   RW         4747    .data               scheduler.o
    0x20000144   COMPRESSED   0x0000000c   Data   RW         4842    .data               thread.o
    0x20000150   COMPRESSED   0x00000014   Data   RW         4984    .data               timer_1.o
    0x20000164   COMPRESSED   0x00000010   Data   RW         5096    .data               cpuport.o
    0x20000174   COMPRESSED   0x00000004   Data   RW         5579    .data               mc_w.l(errno.o)
    0x20000178        -       0x00001644   Zero   RW         3554    .bss                main.o
    0x200017bc        -       0x00000190   Zero   RW         3863    .bss                idle.o
    0x2000194c        -       0x000000a4   Zero   RW         4287    .bss                kservice.o
    0x200019f0        -       0x00000100   Zero   RW         4745    .bss                scheduler.o
    0x20001af0        -       0x00000400   Zero   RW            1    STACK               startup_stm32f10x_md.o


==============================================================================

Image component sizes


      Code (inc. data)   RO Data    RW Data    ZI Data      Debug   Object Name

       888         94          0         20          0       3729   ad.o
       168         16          0          8          0       2128   clock.o
       218         50         36          0          0       5588   components.o
       244         28          0          0          0        764   context_rvds.o
         0          0          0          0          0       4508   core_cm3.o
       604        328          0         16          0       3618   cpuport.o
        24          0          0          0          0      11894   delay.o
       630        264        186          0          0       6923   device.o
       470         24          0          2          0       4491   dht11.o
       228         40          0          0          0      17113   drv_common.o
       280         36          0          8        400       6258   idle.o
      2248        654        678          0          0      35131   ipc.o
       140         26          0          9          0       2294   irq.o
      2300        342         67         24        164      15346   kservice.o
       242         14          0          0          0       1728   lora.o
       816        242          0          4       5700       4237   main.o
      1528        554        493          0          0       6285   mem.o
       132         22          0          0          0     213795   misc.o
      1032        332        128        180          0      10766   object.o
       774         22       1520          0          0       6995   oled.o
      1076        256         78         24        256      10048   scheduler.o
        36          8        236          0       1024        812   startup_stm32f10x_md.o
       390         10          0          0          0      17761   stm32f10x_adc.o
       160         18          0          0          0      14062   stm32f10x_dma.o
       314          0          0          0          0      12368   stm32f10x_gpio.o
        18          0          0          0          0       2519   stm32f10x_it.o
       332         44          0         20          0      14057   stm32f10x_rcc.o
       264         42          0          0          0      24668   stm32f10x_tim.o
       348          6          0          0          0      10677   stm32f10x_usart.o
       328         28          0         20          0      55357   system_stm32f10x.o
      2034        604        253         12          0      14715   thread.o
       128          4          0          0          0        661   timer.o
      1658        534        108         20          0      13441   timer_1.o

    ----------------------------------------------------------------------
     20082       4642       3822        372       7544     554737   Object Totals
         0          0         32          0          0          0   (incl. Generated)
        30          0          7          5          0          0   (incl. Padding)

    ----------------------------------------------------------------------

      Code (inc. data)   RO Data    RW Data    ZI Data      Debug   Library Member Name

        62         10          0          0          0        340   dunder.o
        40          0          0          0          0         68   fpclassify.o
       170          0          0          0          0         96   poly.o
      2520        190        136          0          0        324   pow.o
         0          0          8          0          0          0   qnan.o
        76          0          0          0          0         84   sqrt.o
        86          0          0          0          0          0   __dczerorl2.o
         0          0          0          0          0          0   entry.o
         0          0          0          0          0          0   entry10a.o
         0          0          0          0          0          0   entry11a.o
         4          0          0          0          0          0   entry12b.o
         8          4          0          0          0          0   entry2.o
         4          0          0          0          0          0   entry5.o
         0          0          0          0          0          0   entry7b.o
         0          0          0          0          0          0   entry8b.o
         8          4          0          0          0          0   entry9a.o
        12          6          0          4          0         68   errno.o
        30          0          0          0          0          0   handlers.o
        36          8          0          0          0         68   init.o
         0          0          0          0          0          0   iusefp.o
        30          0          0          0          0         68   llshl.o
        36          0          0          0          0         68   llsshr.o
        32          0          0          0          0         68   llushr.o
      2236         86          0          0          0        532   printfa.o
        44          0          0          0          0         80   uidiv.o
        98          0          0          0          0         92   uldiv.o
        48          0          0          0          0         68   cdrcmple.o
        56          0          0          0          0         88   d2f.o
       334          0          0          0          0        148   dadd.o
       222          0          0          0          0        100   ddiv.o
       186          0          0          0          0        176   depilogue.o
        48          0          0          0          0         68   dfixul.o
        34          0          0          0          0         76   dflti.o
       228          0          0          0          0         96   dmul.o
        46          0          0          0          0         80   dscalb.o
       162          0          0          0          0        100   dsqrt.o
        38          0          0          0          0         68   f2d.o
       176          0          0          0          0        140   fadd.o
       124          0          0          0          0         88   fdiv.o
       110          0          0          0          0        168   fepilogue.o
        40          0          0          0          0         68   ffixui.o
        18          0          0          0          0         68   fflti.o
        10          0          0          0          0         68   ffltui.o
       100          0          0          0          0         76   fmul.o

    ----------------------------------------------------------------------
      7520        308        144          4          0       3700   Library Totals
         8          0          0          0          0          0   (incl. Padding)

    ----------------------------------------------------------------------

      Code (inc. data)   RO Data    RW Data    ZI Data      Debug   Library Name

      2868        200        144          0          0        912   m_ws.l
      2664        108          0          4          0       1044   mc_w.l
      1980          0          0          0          0       1744   mf_w.l

    ----------------------------------------------------------------------
      7520        308        144          4          0       3700   Library Totals

    ----------------------------------------------------------------------

==============================================================================


      Code (inc. data)   RO Data    RW Data    ZI Data      Debug   

     27602       4950       3966        376       7544     546605   Grand Totals
     27602       4950       3966        124       7544     546605   ELF Image Totals (compressed)
     27602       4950       3966        124          0          0   ROM Totals

==============================================================================

    Total RO  Size (Code + RO Data)                31568 (  30.83kB)
    Total RW  Size (RW Data + ZI Data)              7920 (   7.73kB)
    Total ROM Size (Code + RO Data + RW Data)      31692 (  30.95kB)

==============================================================================

