Component: ARM Compiler 5.06 update 7 (build 960) Tool: armlink [4d3601]

==============================================================================

Section Cross References

    startup_stm32f10x_md.o(RESET) refers to startup_stm32f10x_md.o(STACK) for __initial_sp
    startup_stm32f10x_md.o(RESET) refers to startup_stm32f10x_md.o(.text) for Reset_Handler
    startup_stm32f10x_md.o(RESET) refers to stm32f10x_it.o(i.NMI_Handler) for NMI_Handler
    startup_stm32f10x_md.o(RESET) refers to context_rvds.o(.text) for HardFault_Handler
    startup_stm32f10x_md.o(RESET) refers to stm32f10x_it.o(i.MemManage_Handler) for MemManage_Handler
    startup_stm32f10x_md.o(RESET) refers to stm32f10x_it.o(i.BusFault_Handler) for BusFault_Handler
    startup_stm32f10x_md.o(RESET) refers to stm32f10x_it.o(i.UsageFault_Handler) for UsageFault_Handler
    startup_stm32f10x_md.o(RESET) refers to stm32f10x_it.o(i.SVC_Handler) for SVC_Handler
    startup_stm32f10x_md.o(RESET) refers to stm32f10x_it.o(i.DebugMon_Handler) for DebugMon_Handler
    startup_stm32f10x_md.o(RESET) refers to drv_common.o(i.SysTick_Handler) for SysTick_Handler
    startup_stm32f10x_md.o(RESET) refers to main.o(i.TIM4_IRQHandler) for TIM4_IRQHandler
    startup_stm32f10x_md.o(RESET) refers to main.o(i.USART1_IRQHandler) for USART1_IRQHandler
    startup_stm32f10x_md.o(RESET) refers to main.o(i.USART2_IRQHandler) for USART2_IRQHandler
    startup_stm32f10x_md.o(.text) refers to system_stm32f10x.o(i.SystemInit) for SystemInit
    startup_stm32f10x_md.o(.text) refers to entry.o(.ARM.Collect$$$$00000000) for __main
    system_stm32f10x.o(i.SetSysClock) refers to system_stm32f10x.o(i.SetSysClockTo72) for SetSysClockTo72
    system_stm32f10x.o(i.SystemCoreClockUpdate) refers to system_stm32f10x.o(.data) for SystemCoreClock
    system_stm32f10x.o(i.SystemInit) refers to system_stm32f10x.o(i.SetSysClock) for SetSysClock
    stm32f10x_adc.o(i.ADC_DeInit) refers to stm32f10x_rcc.o(i.RCC_APB2PeriphResetCmd) for RCC_APB2PeriphResetCmd
    stm32f10x_bkp.o(i.BKP_DeInit) refers to stm32f10x_rcc.o(i.RCC_BackupResetCmd) for RCC_BackupResetCmd
    stm32f10x_can.o(i.CAN_DeInit) refers to stm32f10x_rcc.o(i.RCC_APB1PeriphResetCmd) for RCC_APB1PeriphResetCmd
    stm32f10x_can.o(i.CAN_GetITStatus) refers to stm32f10x_can.o(i.CheckITStatus) for CheckITStatus
    stm32f10x_cec.o(i.CEC_DeInit) refers to stm32f10x_rcc.o(i.RCC_APB1PeriphResetCmd) for RCC_APB1PeriphResetCmd
    stm32f10x_dac.o(i.DAC_DeInit) refers to stm32f10x_rcc.o(i.RCC_APB1PeriphResetCmd) for RCC_APB1PeriphResetCmd
    stm32f10x_flash.o(i.FLASH_EnableWriteProtection) refers to stm32f10x_flash.o(i.FLASH_WaitForLastOperation) for FLASH_WaitForLastOperation
    stm32f10x_flash.o(i.FLASH_EraseAllBank1Pages) refers to stm32f10x_flash.o(i.FLASH_WaitForLastBank1Operation) for FLASH_WaitForLastBank1Operation
    stm32f10x_flash.o(i.FLASH_EraseAllPages) refers to stm32f10x_flash.o(i.FLASH_WaitForLastOperation) for FLASH_WaitForLastOperation
    stm32f10x_flash.o(i.FLASH_EraseOptionBytes) refers to stm32f10x_flash.o(i.FLASH_GetReadOutProtectionStatus) for FLASH_GetReadOutProtectionStatus
    stm32f10x_flash.o(i.FLASH_EraseOptionBytes) refers to stm32f10x_flash.o(i.FLASH_WaitForLastOperation) for FLASH_WaitForLastOperation
    stm32f10x_flash.o(i.FLASH_ErasePage) refers to stm32f10x_flash.o(i.FLASH_WaitForLastOperation) for FLASH_WaitForLastOperation
    stm32f10x_flash.o(i.FLASH_ProgramHalfWord) refers to stm32f10x_flash.o(i.FLASH_WaitForLastOperation) for FLASH_WaitForLastOperation
    stm32f10x_flash.o(i.FLASH_ProgramOptionByteData) refers to stm32f10x_flash.o(i.FLASH_WaitForLastOperation) for FLASH_WaitForLastOperation
    stm32f10x_flash.o(i.FLASH_ProgramWord) refers to stm32f10x_flash.o(i.FLASH_WaitForLastOperation) for FLASH_WaitForLastOperation
    stm32f10x_flash.o(i.FLASH_ReadOutProtection) refers to stm32f10x_flash.o(i.FLASH_WaitForLastOperation) for FLASH_WaitForLastOperation
    stm32f10x_flash.o(i.FLASH_UserOptionByteConfig) refers to stm32f10x_flash.o(i.FLASH_WaitForLastOperation) for FLASH_WaitForLastOperation
    stm32f10x_flash.o(i.FLASH_WaitForLastBank1Operation) refers to stm32f10x_flash.o(i.FLASH_GetBank1Status) for FLASH_GetBank1Status
    stm32f10x_flash.o(i.FLASH_WaitForLastOperation) refers to stm32f10x_flash.o(i.FLASH_GetBank1Status) for FLASH_GetBank1Status
    stm32f10x_gpio.o(i.GPIO_AFIODeInit) refers to stm32f10x_rcc.o(i.RCC_APB2PeriphResetCmd) for RCC_APB2PeriphResetCmd
    stm32f10x_gpio.o(i.GPIO_DeInit) refers to stm32f10x_rcc.o(i.RCC_APB2PeriphResetCmd) for RCC_APB2PeriphResetCmd
    stm32f10x_i2c.o(i.I2C_DeInit) refers to stm32f10x_rcc.o(i.RCC_APB1PeriphResetCmd) for RCC_APB1PeriphResetCmd
    stm32f10x_i2c.o(i.I2C_Init) refers to stm32f10x_rcc.o(i.RCC_GetClocksFreq) for RCC_GetClocksFreq
    stm32f10x_pwr.o(i.PWR_DeInit) refers to stm32f10x_rcc.o(i.RCC_APB1PeriphResetCmd) for RCC_APB1PeriphResetCmd
[...]
    rt_list_insert_before                    0x08002c19   Thumb Code    14  ipc.o(i.rt_list_insert_before)
    i.rt_list_isempty                        0x08002c26   Section        0  ipc.o(i.rt_list_isempty)
    rt_list_isempty                          0x08002c27   Thumb Code    16  ipc.o(i.rt_list_isempty)
    i.rt_list_isempty                        0x08002c36   Section        0  timer_1.o(i.rt_list_isempty)
    rt_list_isempty                          0x08002c37   Thumb Code    16  timer_1.o(i.rt_list_isempty)
    i.rt_list_remove                         0x08002c46   Section        0  object.o(i.rt_list_remove)
    rt_list_remove                           0x08002c47   Thumb Code    18  object.o(i.rt_list_remove)
    i.rt_list_remove                         0x08002c58   Section        0  thread.o(i.rt_list_remove)
    rt_list_remove                           0x08002c59   Thumb Code    18  thread.o(i.rt_list_remove)
    i.rt_list_remove                         0x08002c6a   Section        0  timer_1.o(i.rt_list_remove)
    rt_list_remove                           0x08002c6b   Thumb Code    18  timer_1.o(i.rt_list_remove)
    i.rt_malloc                              0x08002c7c   Section        0  kservice.o(i.rt_malloc)
    i.rt_memset                              0x08002cb8   Section        0  kservice.o(i.rt_memset)
    i.rt_mutex_init                          0x08002d00   Section        0  ipc.o(i.rt_mutex_init)
    i.rt_mutex_release                       0x08002d58   Section        0  ipc.o(i.rt_mutex_release)
    i.rt_mutex_take                          0x08002f38   Section        0  ipc.o(i.rt_mutex_take)
    i.rt_object_allocate                     0x0800319c   Section        0  object.o(i.rt_object_allocate)
    i.rt_object_delete                       0x08003288   Section        0  object.o(i.rt_object_delete)
    i.rt_object_detach                       0x08003328   Section        0  object.o(i.rt_object_detach)
    i.rt_object_find                         0x08003384   Section        0  object.o(i.rt_object_find)
    i.rt_object_get_information              0x08003430   Section        0  object.o(i.rt_object_get_information)
    i.rt_object_get_type                     0x08003458   Section        0  object.o(i.rt_object_get_type)
    i.rt_object_init                         0x0800348c   Section        0  object.o(i.rt_object_init)
    i.rt_object_is_systemobject              0x08003548   Section        0  object.o(i.rt_object_is_systemobject)
    i.rt_schedule                            0x08003584   Section        0  scheduler.o(i.rt_schedule)
    i.rt_schedule_insert_thread              0x080036e0   Section        0  scheduler.o(i.rt_schedule_insert_thread)
    i.rt_schedule_remove_thread              0x0800377c   Section        0  scheduler.o(i.rt_schedule_remove_thread)
    i.rt_sem_init                            0x080037fc   Section        0  ipc.o(i.rt_sem_init)
    i.rt_sem_release                         0x080038b8   Section        0  ipc.o(i.rt_sem_release)
    i.rt_sem_take                            0x08003960   Section        0  ipc.o(i.rt_sem_take)
    i.rt_set_errno                           0x08003b5c   Section        0  kservice.o(i.rt_set_errno)
    i.rt_show_version                        0x08003b84   Section        0  kservice.o(i.rt_show_version)
    i.rt_smem_alloc                          0x08003c48   Section        0  mem.o(i.rt_smem_alloc)
    i.rt_smem_free                           0x08003ec0   Section        0  mem.o(i.rt_smem_free)
    i.rt_smem_init                           0x08004064   Section        0  mem.o(i.rt_smem_init)
    i.rt_sprintf                             0x08004158   Section        0  kservice.o(i.rt_sprintf)
    i.rt_strncmp                             0x0800417a   Section        0  kservice.o(i.rt_strncmp)
    i.rt_strncpy                             0x080041a2   Section        0  kservice.o(i.rt_strncpy)
    i.rt_system_heap_init                    0x080041d8   Section        0  kservice.o(i.rt_system_heap_init)
    i.rt_system_scheduler_init               0x08004250   Section        0  scheduler.o(i.rt_system_scheduler_init)
    i.rt_system_scheduler_start              0x08004288   Section        0  scheduler.o(i.rt_system_scheduler_start)
    i.rt_system_timer_init                   0x080042b0   Section        0  timer_1.o(i.rt_system_timer_init)
    i.rt_system_timer_thread_init            0x080042cc   Section        0  timer_1.o(i.rt_system_timer_thread_init)
    i.rt_thread_control                      0x080042d0   Section        0  thread.o(i.rt_thread_control)
    i.rt_thread_create                       0x080043a4   Section        0  thread.o(i.rt_thread_create)
    i.rt_thread_defunct_dequeue              0x080043f4   Section        0  idle.o(i.rt_thread_defunct_dequeue)
    i.rt_thread_defunct_enqueue              0x08004430   Section        0  idle.o(i.rt_thread_defunct_enqueue)
    i.rt_thread_delete                       0x0800444c   Section        0  thread.o(i.rt_thread_delete)
    i.rt_thread_detach                       0x08004524   Section        0  thread.o(i.rt_thread_detach)
    i.rt_thread_idle_entry                   0x080045f0   Section        0  idle.o(i.rt_thread_idle_entry)
    rt_thread_idle_entry                     0x080045f1   Thumb Code    30  idle.o(i.rt_thread_idle_entry)
    i.rt_thread_idle_init                    0x08004614   Section        0  idle.o(i.rt_thread_idle_init)
    i.rt_thread_init                         0x08004674   Section        0  thread.o(i.rt_thread_init)
    i.rt_thread_mdelay                       0x080046f4   Section        0  thread.o(i.rt_thread_mdelay)
    i.rt_thread_resume                       0x08004708   Section        0  thread.o(i.rt_thread_resume)
    i.rt_thread_self                         0x080047a4   Section        0  thread.o(i.rt_thread_self)
    i.rt_thread_sleep                        0x080047b0   Section        0  thread.o(i.rt_thread_sleep)
    i.rt_thread_startup                      0x08004834   Section        0  thread.o(i.rt_thread_startup)
    i.rt_thread_suspend                      0x080048f0   Section        0  thread.o(i.rt_thread_suspend)
    i.rt_tick_from_millisecond               0x080049c8   Section        0  clock.o(i.rt_tick_from_millisecond)
    i.rt_tick_get                            0x08004a00   Section        0  clock.o(i.rt_tick_get)
    i.rt_tick_increase                       0x08004a0c   Section        0  clock.o(i.rt_tick_increase)
    i.rt_timer_check                         0x08004a70   Section        0  timer_1.o(i.rt_timer_check)
    i.rt_timer_control                       0x08004b4c   Section        0  timer_1.o(i.rt_timer_control)
    i.rt_timer_detach                        0x08004c6c   Section        0  timer_1.o(i.rt_timer_detach)
    i.rt_timer_init                          0x08004d4c   Section        0  timer_1.o(i.rt_timer_init)
    i.rt_timer_start                         0x08004df0   Section        0  timer_1.o(i.rt_timer_start)
    i.rt_timer_stop                          0x08004f78   Section        0  timer_1.o(i.rt_timer_stop)
    i.rt_vsnprintf                           0x08005038   Section        0  kservice.o(i.rt_vsnprintf)
    i.rt_vsprintf                            0x08005378   Section        0  kservice.o(i.rt_vsprintf)
    i.rti_board_end                          0x0800538e   Section        0  components.o(i.rti_board_end)
    rti_board_end                            0x0800538f   Thumb Code     4  components.o(i.rti_board_end)
    i.rti_board_start                        0x08005392   Section        0  components.o(i.rti_board_start)
    rti_board_start                          0x08005393   Thumb Code     4  components.o(i.rti_board_start)
    i.rti_end                                0x08005396   Section        0  components.o(i.rti_end)
    rti_end                                  0x08005397   Thumb Code     4  components.o(i.rti_end)
    i.rti_start                              0x0800539a   Section        0  components.o(i.rti_start)
    rti_start                                0x0800539b   Thumb Code     4  components.o(i.rti_start)
    i.rtthread_startup                       0x0800539e   Section        0  components.o(i.rtthread_startup)
    i.sensor_send_thread                     0x080053c8   Section        0  main.o(i.sensor_send_thread)
    sensor_send_thread                       0x080053c9   Thumb Code    52  main.o(i.sensor_send_thread)
    i.skip_atoi                              0x08005414   Section        0  kservice.o(i.skip_atoi)
    skip_atoi                                0x08005415   Thumb Code    38  kservice.o(i.skip_atoi)
    .constdata                               0x0800543a   Section     1520  oled.o(.constdata)
    .constdata                               0x08005a2a   Section       20  components.o(.constdata)
    __FUNCTION__                             0x08005a2a   Data          20  components.o(.constdata)
    .constdata                               0x08005a3e   Section      186  device.o(.constdata)
    __FUNCTION__                             0x08005a3e   Data          21  device.o(.constdata)
    __FUNCTION__                             0x08005a53   Data          18  device.o(.constdata)
    __FUNCTION__                             0x08005a65   Data          15  device.o(.constdata)
    __FUNCTION__                             0x08005a74   Data          15  device.o(.constdata)
    __FUNCTION__                             0x08005a83   Data          16  device.o(.constdata)
    __FUNCTION__                             0x08005a93   Data          15  device.o(.constdata)
    __FUNCTION__                             0x08005aa2   Data          16  device.o(.constdata)
    __FUNCTION__                             0x08005ab2   Data          18  device.o(.constdata)
    __FUNCTION__                             0x08005ac4   Data          26  device.o(.constdata)
    __FUNCTION__                             0x08005ade   Data          26  device.o(.constdata)
    .constdata                               0x08005af8   Section      539  ipc.o(.constdata)
    __FUNCTION__                             0x08005af8   Data          18  ipc.o(.constdata)
    __FUNCTION__                             0x08005b0a   Data          12  ipc.o(.constdata)
    __FUNCTION__                             0x08005b16   Data          14  ipc.o(.constdata)
    __FUNCTION__                             0x08005b24   Data          14  ipc.o(.constdata)
    __FUNCTION__                             0x08005b32   Data          14  ipc.o(.constdata)
    __FUNCTION__                             0x08005b40   Data          12  ipc.o(.constdata)
    __FUNCTION__                             0x08005b4c   Data          15  ipc.o(.constdata)
    __FUNCTION__                             0x08005b5b   Data          15  ipc.o(.constdata)
    __FUNCTION__                             0x08005b6a   Data          14  ipc.o(.constdata)
    __FUNCTION__                             0x08005b78   Data          16  ipc.o(.constdata)
    __FUNCTION__                             0x08005b88   Data          16  ipc.o(.constdata)
    __FUNCTION__                             0x08005b98   Data          16  ipc.o(.constdata)
    __FUNCTION__                             0x08005ba8   Data          14  ipc.o(.constdata)
    __FUNCTION__                             0x08005bb6   Data          17  ipc.o(.constdata)
    __FUNCTION__                             0x08005bc7   Data          17  ipc.o(.constdata)
    __FUNCTION__                             0x08005bd8   Data          14  ipc.o(.constdata)
    __FUNCTION__                             0x08005be6   Data          16  ipc.o(.constdata)
    __FUNCTION__                             0x08005bf6   Data          16  ipc.o(.constdata)
    __FUNCTION__                             0x08005c06   Data          16  ipc.o(.constdata)
    __FUNCTION__                             0x08005c16   Data          14  ipc.o(.constdata)
    __FUNCTION__                             0x08005c24   Data          14  ipc.o(.constdata)
    __FUNCTION__                             0x08005c32   Data          17  ipc.o(.constdata)
    __FUNCTION__                             0x08005c43   Data          11  ipc.o(.constdata)
    __FUNCTION__                             0x08005c4e   Data          13  ipc.o(.constdata)
    __FUNCTION__                             0x08005c5b   Data          13  ipc.o(.constdata)
    __FUNCTION__                             0x08005c68   Data          13  ipc.o(.constdata)
    __FUNCTION__                             0x08005c75   Data          16  ipc.o(.constdata)
    __FUNCTION__                             0x08005c85   Data          13  ipc.o(.constdata)
    __FUNCTION__                             0x08005c92   Data          11  ipc.o(.constdata)
    __FUNCTION__                             0x08005c9d   Data          14  ipc.o(.constdata)
    __FUNCTION__                             0x08005cab   Data          11  ipc.o(.constdata)
    __FUNCTION__                             0x08005cb6   Data          13  ipc.o(.constdata)
    __FUNCTION__                             0x08005cc3   Data          13  ipc.o(.constdata)
    __FUNCTION__                             0x08005cd0   Data          13  ipc.o(.constdata)
    __FUNCTION__                             0x08005cdd   Data          16  ipc.o(.constdata)
    __FUNCTION__                             0x08005ced   Data          13  ipc.o(.constdata)
    __FUNCTION__                             0x08005cfa   Data          11  ipc.o(.constdata)
    __FUNCTION__                             0x08005d05   Data          14  ipc.o(.constdata)
    .constdata                               0x08005d13   Section       67  kservice.o(.constdata)
    small_digits                             0x08005d13   Data          17  kservice.o(.constdata)
    large_digits                             0x08005d24   Data          17  kservice.o(.constdata)
    __FUNCTION__                             0x08005d35   Data          13  kservice.o(.constdata)
    __FUNCTION__                             0x08005d42   Data          20  kservice.o(.constdata)
    .constdata                               0x08005d56   Section       69  mem.o(.constdata)
    __FUNCTION__                             0x08005d56   Data          11  mem.o(.constdata)
    __FUNCTION__                             0x08005d61   Data          15  mem.o(.constdata)
    __FUNCTION__                             0x08005d70   Data          14  mem.o(.constdata)
    __FUNCTION__                             0x08005d7e   Data          16  mem.o(.constdata)
    __FUNCTION__                             0x08005d8e   Data          13  mem.o(.constdata)
    .constdata                               0x08005d9b   Section      128  object.o(.constdata)
    __FUNCTION__                             0x08005d9b   Data          15  object.o(.constdata)
    __FUNCTION__                             0x08005daa   Data          17  object.o(.constdata)
    __FUNCTION__                             0x08005dbb   Data          19  object.o(.constdata)
    __FUNCTION__                             0x08005dce   Data          17  object.o(.constdata)
    __FUNCTION__                             0x08005ddf   Data          26  object.o(.constdata)
    __FUNCTION__                             0x08005df9   Data          19  object.o(.constdata)
    __FUNCTION__                             0x08005e0c   Data          15  object.o(.constdata)
    .constdata                               0x08005e1b   Section       78  scheduler.o(.constdata)
    __FUNCTION__                             0x08005e1b   Data          26  scheduler.o(.constdata)
    __FUNCTION__                             0x08005e35   Data          26  scheduler.o(.constdata)
    __FUNCTION__                             0x08005e4f   Data          26  scheduler.o(.constdata)
    .constdata                               0x08005e69   Section      187  thread.o(.constdata)
    __FUNCTION__                             0x08005e69   Data          16  thread.o(.constdata)
    __FUNCTION__                             0x08005e79   Data          13  thread.o(.constdata)
    __FUNCTION__                             0x08005e86   Data          15  thread.o(.constdata)
    __FUNCTION__                             0x08005e95   Data          18  thread.o(.constdata)
    __FUNCTION__                             0x08005ea7   Data          17  thread.o(.constdata)
    __FUNCTION__                             0x08005eb8   Data          17  thread.o(.constdata)
    __FUNCTION__                             0x08005ec9   Data          16  thread.o(.constdata)
    __FUNCTION__                             0x08005ed9   Data          22  thread.o(.constdata)
    __FUNCTION__                             0x08005eef   Data          18  thread.o(.constdata)
    __FUNCTION__                             0x08005f01   Data          18  thread.o(.constdata)
    __FUNCTION__                             0x08005f13   Data          17  thread.o(.constdata)
    .constdata                               0x08005f24   Section      108  timer_1.o(.constdata)
    __FUNCTION__                             0x08005f24   Data          14  timer_1.o(.constdata)
    __FUNCTION__                             0x08005f32   Data          16  timer_1.o(.constdata)
    __FUNCTION__                             0x08005f42   Data          16  timer_1.o(.constdata)
    __FUNCTION__                             0x08005f52   Data          16  timer_1.o(.constdata)
    __FUNCTION__                             0x08005f62   Data          15  timer_1.o(.constdata)
    __FUNCTION__                             0x08005f71   Data          14  timer_1.o(.constdata)
    __FUNCTION__                             0x08005f7f   Data          17  timer_1.o(.constdata)
    .conststring                             0x08005f90   Section      139  ipc.o(.conststring)
    .conststring                             0x0800601c   Section      424  mem.o(.conststring)
    .conststring                             0x080061c4   Section       66  thread.o(.conststring)
    .rti_fn.0                                0x08006208   Section        4  components.o(.rti_fn.0)
    __tagsym$$used                           0x08006208   Number         0  components.o(.rti_fn.0)
    .rti_fn.0.end                            0x0800620c   Section        4  components.o(.rti_fn.0.end)
    __tagsym$$used                           0x0800620c   Number         0  components.o(.rti_fn.0.end)
    .rti_fn.1.end                            0x08006210   Section        4  components.o(.rti_fn.1.end)
    __tagsym$$used                           0x08006210   Number         0  components.o(.rti_fn.1.end)
    .rti_fn.6.end                            0x08006214   Section        4  components.o(.rti_fn.6.end)
    __tagsym$$used                           0x08006214   Number         0  components.o(.rti_fn.6.end)
    .data                                    0x20000000   Section       20  system_stm32f10x.o(.data)
    .data                                    0x20000014   Section       20  stm32f10x_rcc.o(.data)
    APBAHBPrescTable                         0x20000014   Data          16  stm32f10x_rcc.o(.data)
    ADCPrescTable                            0x20000024   Data           4  stm32f10x_rcc.o(.data)
    .data                                    0x20000028   Section       14  as608.o(.data)
    .data                                    0x20000036   Section        1  gate.o(.data)
    .data                                    0x20000037   Section        1  openmv.o(.data)
    .data                                    0x20000038   Section       64  pid.o(.data)
    .data                                    0x20000078   Section       20  main.o(.data)
    RxState                                  0x20000084   Data           1  main.o(.data)
    pRxPacket                                0x20000085   Data           1  main.o(.data)
    RxState                                  0x20000086   Data           1  main.o(.data)
    pRxPacket                                0x20000087   Data           1  main.o(.data)
    sensor_send_timer                        0x20000088   Data           2  main.o(.data)
    face_tracking_timer                      0x2000008a   Data           2  main.o(.data)
    .data                                    0x2000008c   Section        8  clock.o(.data)
    rt_tick                                  0x2000008c   Data           4  clock.o(.data)
    rt_tick_hook                             0x20000090   Data           4  clock.o(.data)
    .data                                    0x20000094   Section        8  idle.o(.data)
    _rt_thread_defunct                       0x20000094   Data           8  idle.o(.data)
    .data                                    0x2000009c   Section        9  irq.o(.data)
    rt_interrupt_enter_hook                  0x2000009c   Data           4  irq.o(.data)
    rt_interrupt_leave_hook                  0x200000a0   Data           4  irq.o(.data)
    .data                                    0x200000a8   Section       24  kservice.o(.data)
    __rt_errno                               0x200000a8   Data           4  kservice.o(.data)
    _console_device                          0x200000ac   Data           4  kservice.o(.data)
    rt_malloc_hook                           0x200000b0   Data           4  kservice.o(.data)
    rt_free_hook                             0x200000b4   Data           4  kservice.o(.data)
    system_heap                              0x200000b8   Data           4  kservice.o(.data)
    .data                                    0x200000c0   Section      180  object.o(.data)
    _object_container                        0x200000c0   Data         160  object.o(.data)
    rt_object_attach_hook                    0x20000160   Data           4  object.o(.data)
    rt_object_detach_hook                    0x20000164   Data           4  object.o(.data)
    .data                                    0x20000174   Section       24  scheduler.o(.data)
    rt_scheduler_lock_nest                   0x20000178   Data           2  scheduler.o(.data)
    rt_scheduler_hook                        0x20000184   Data           4  scheduler.o(.data)
    rt_scheduler_switch_hook                 0x20000188   Data           4  scheduler.o(.data)
    .data                                    0x2000018c   Section       12  thread.o(.data)
    rt_thread_suspend_hook                   0x2000018c   Data           4  thread.o(.data)
    rt_thread_resume_hook                    0x20000190   Data           4  thread.o(.data)
    rt_thread_inited_hook                    0x20000194   Data           4  thread.o(.data)
    .data                                    0x20000198   Section       20  timer_1.o(.data)
    _timer_list                              0x20000198   Data           8  timer_1.o(.data)
    rt_timer_enter_hook                      0x200001a0   Data           4  timer_1.o(.data)
    rt_timer_exit_hook                       0x200001a4   Data           4  timer_1.o(.data)
    random_nr                                0x200001a8   Data           4  timer_1.o(.data)
    .data                                    0x200001ac   Section       16  cpuport.o(.data)
    rt_exception_hook                        0x200001b8   Data           4  cpuport.o(.data)
    .bss                                     0x200001bc   Section       15  as608.o(.bss)
    .bss                                     0x200001cb   Section      100  openmv.o(.bss)
    .bss                                     0x20000230   Section     4676  main.o(.bss)
    sem_sensor_send                          0x20000294   Data          32  main.o(.bss)
    sem_face_tracking                        0x200002b4   Data          32  main.o(.bss)
    sem_oled_display                         0x200002d4   Data          32  main.o(.bss)
    sns_send_thread_stack                    0x200002f4   Data        2048  main.o(.bss)
    sns_read_thread                          0x20000af4   Data         128  main.o(.bss)
    face_thread_stack                        0x20000b74   Data        1024  main.o(.bss)
    face_thread                              0x20000f74   Data         128  main.o(.bss)
    oled_thread_stack                        0x20000ff4   Data        1024  main.o(.bss)
    oled_thread                              0x200013f4   Data         128  main.o(.bss)
    .bss                                     0x20001474   Section      400  idle.o(.bss)
    idle                                     0x20001474   Data         128  idle.o(.bss)
    rt_thread_stack                          0x200014f4   Data         256  idle.o(.bss)
    idle_hook_list                           0x200015f4   Data          16  idle.o(.bss)
    .bss                                     0x20001604   Section      164  kservice.o(.bss)
    _lock                                    0x20001604   Data          36  kservice.o(.bss)
    rt_log_buf                               0x20001628   Data         128  kservice.o(.bss)
    .bss                                     0x200016a8   Section      256  scheduler.o(.bss)
    STACK                                    0x200017a8   Section     1024  startup_stm32f10x_md.o(STACK)

    Global Symbols

    Symbol Name                              Value     Ov Type        Size  Object(Section)

    BuildAttributes$$THM_ISAv4$P$D$K$B$S$PE$A:L22UL41UL21$X:L11$S22US41US21$IEEE1$IW$USESV6$~STKCKD$USESV7$~SHL$OTIME$ROPI$EBA8$MICROLIB$REQ8$PRES8$EABIv2 0x00000000   Number         0  anon$$obj.o ABSOLUTE
    __ARM_use_no_argv                        0x00000000   Number         0  main.o ABSOLUTE
    _printf_a                                0x00000000   Number         0  stubs.o ABSOLUTE
    _printf_c                                0x00000000   Number         0  stubs.o ABSOLUTE
    _printf_charcount                        0x00000000   Number         0  stubs.o ABSOLUTE
    _printf_d                                0x00000000   Number         0  stubs.o ABSOLUTE
    _printf_e                                0x00000000   Number         0  stubs.o ABSOLUTE
    _printf_f                                0x00000000   Number         0  stubs.o ABSOLUTE
    _printf_flags                            0x00000000   Number         0  stubs.o ABSOLUTE
    _printf_fp_dec                           0x00000000   Number         0  stubs.o ABSOLUTE
    _printf_fp_hex                           0x00000000   Number         0  stubs.o ABSOLUTE
    _printf_g                                0x00000000   Number         0  stubs.o ABSOLUTE
    _printf_i                                0x00000000   Number         0  stubs.o ABSOLUTE
    _printf_int_dec                          0x00000000   Number         0  stubs.o ABSOLUTE
    _printf_l                                0x00000000   Number         0  stubs.o ABSOLUTE
    _printf_lc                               0x00000000   Number         0  stubs.o ABSOLUTE
    _printf_ll                               0x00000000   Number         0  stubs.o ABSOLUTE
    _printf_lld                              0x00000000   Number         0  stubs.o ABSOLUTE
    _printf_lli                              0x00000000   Number         0  stubs.o ABSOLUTE
    _printf_llo                              0x00000000   Number         0  stubs.o ABSOLUTE
    _printf_llu                              0x00000000   Number         0  stubs.o ABSOLUTE
    _printf_llx                              0x00000000   Number         0  stubs.o ABSOLUTE
    _printf_longlong_dec                     0x00000000   Number         0  stubs.o ABSOLUTE
    _printf_longlong_hex                     0x00000000   Number         0  stubs.o ABSOLUTE
    _printf_longlong_oct                     0x00000000   Number         0  stubs.o ABSOLUTE
    _printf_ls                               0x00000000   Number         0  stubs.o ABSOLUTE
    _printf_mbtowc                           0x00000000   Number         0  stubs.o ABSOLUTE
    _printf_n                                0x00000000   Number         0  stubs.o ABSOLUTE
    _printf_o                                0x00000000   Number         0  stubs.o ABSOLUTE
    _printf_p                                0x00000000   Number         0  stubs.o ABSOLUTE
    _printf_percent                          0x00000000   Number         0  stubs.o ABSOLUTE
    _printf_pre_padding                      0x00000000   Number         0  stubs.o ABSOLUTE
    _printf_return_value                     0x00000000   Number         0  stubs.o ABSOLUTE
    _printf_s                                0x00000000   Number         0  stubs.o ABSOLUTE
    _printf_sizespec                         0x00000000   Number         0  stubs.o ABSOLUTE
    _printf_str                              0x00000000   Number         0  stubs.o ABSOLUTE
    _printf_truncate_signed                  0x00000000   Number         0  stubs.o ABSOLUTE
    _printf_truncate_unsigned                0x00000000   Number         0  stubs.o ABSOLUTE
    _printf_u                                0x00000000   Number         0  stubs.o ABSOLUTE
    _printf_wc                               0x00000000   Number         0  stubs.o ABSOLUTE
    _printf_wctomb                           0x00000000   Number         0  stubs.o ABSOLUTE
    _printf_widthprec                        0x00000000   Number         0  stubs.o ABSOLUTE
    _printf_x                                0x00000000   Number         0  stubs.o ABSOLUTE
    __arm_fini_                               - Undefined Weak Reference
    __cpp_initialize__aeabi_                  - Undefined Weak Reference
    __cxa_finalize                            - Undefined Weak Reference
    _clock_init                               - Undefined Weak Reference
    _microlib_exit                            - Undefined Weak Reference
    __Vectors_Size                           0x000000ec   Number         0  startup_stm32f10x_md.o ABSOLUTE
    __Vectors                                0x08000000   Data           4  startup_stm32f10x_md.o(RESET)
    __Vectors_End                            0x080000ec   Data           0  startup_stm32f10x_md.o(RESET)
    __main                                   0x080000ed   Thumb Code     0  entry.o(.ARM.Collect$$$$00000000)
    _main_stk                                0x080000ed   Thumb Code     0  entry2.o(.ARM.Collect$$$$00000001)
    _main_scatterload                        0x080000f1   Thumb Code     0  entry5.o(.ARM.Collect$$$$00000004)
    __main_after_scatterload                 0x080000f5   Thumb Code     0  entry5.o(.ARM.Collect$$$$00000004)
    _main_clock                              0x080000f5   Thumb Code     0  entry7b.o(.ARM.Collect$$$$00000008)
    _main_cpp_init                           0x080000f5   Thumb Code     0  entry8b.o(.ARM.Collect$$$$0000000A)
    _main_init                               0x080000f5   Thumb Code     0  entry9a.o(.ARM.Collect$$$$0000000B)
    __rt_lib_shutdown_fini                   0x080000fd   Thumb Code     0  entry12b.o(.ARM.Collect$$$$0000000E)
    __rt_final_cpp                           0x08000101   Thumb Code     0  entry10a.o(.ARM.Collect$$$$0000000F)
    __rt_final_exit                          0x08000101   Thumb Code     0  entry11a.o(.ARM.Collect$$$$00000011)
    __rt_ffs                                 0x08000105   Thumb Code    16  cpuport.o(.emb_text)
    Reset_Handler                            0x08000115   Thumb Code     8  startup_stm32f10x_md.o(.text)
    ADC1_2_IRQHandler                        0x0800012f   Thumb Code     0  startup_stm32f10x_md.o(.text)
    CAN1_RX1_IRQHandler                      0x0800012f   Thumb Code     0  startup_stm32f10x_md.o(.text)
    CAN1_SCE_IRQHandler                      0x0800012f   Thumb Code     0  startup_stm32f10x_md.o(.text)
    DMA1_Channel1_IRQHandler                 0x0800012f   Thumb Code     0  startup_stm32f10x_md.o(.text)
    DMA1_Channel2_IRQHandler                 0x0800012f   Thumb Code     0  startup_stm32f10x_md.o(.text)
    DMA1_Channel3_IRQHandler                 0x0800012f   Thumb Code     0  startup_stm32f10x_md.o(.text)
    DMA1_Channel4_IRQHandler                 0x0800012f   Thumb Code     0  startup_stm32f10x_md.o(.text)
    DMA1_Channel5_IRQHandler                 0x0800012f   Thumb Code     0  startup_stm32f10x_md.o(.text)
    DMA1_Channel6_IRQHandler                 0x0800012f   Thumb Code     0  startup_stm32f10x_md.o(.text)
    DMA1_Channel7_IRQHandler                 0x0800012f   Thumb Code     0  startup_stm32f10x_md.o(.text)
    EXTI0_IRQHandler                         0x0800012f   Thumb Code     0  startup_stm32f10x_md.o(.text)
    EXTI15_10_IRQHandler                     0x0800012f   Thumb Code     0  startup_stm32f10x_md.o(.text)
    EXTI1_IRQHandler                         0x0800012f   Thumb Code     0  startup_stm32f10x_md.o(.text)
    EXTI2_IRQHandler                         0x0800012f   Thumb Code     0  startup_stm32f10x_md.o(.text)
    EXTI3_IRQHandler                         0x0800012f   Thumb Code     0  startup_stm32f10x_md.o(.text)
    EXTI4_IRQHandler                         0x0800012f   Thumb Code     0  startup_stm32f10x_md.o(.text)
    EXTI9_5_IRQHandler                       0x0800012f   Thumb Code     0  startup_stm32f10x_md.o(.text)
    FLASH_IRQHandler                         0x0800012f   Thumb Code     0  startup_stm32f10x_md.o(.text)
    I2C1_ER_IRQHandler                       0x0800012f   Thumb Code     0  startup_stm32f10x_md.o(.text)
    I2C1_EV_IRQHandler                       0x0800012f   Thumb Code     0  startup_stm32f10x_md.o(.text)
    I2C2_ER_IRQHandler                       0x0800012f   Thumb Code     0  startup_stm32f10x_md.o(.text)
    I2C2_EV_IRQHandler                       0x0800012f   Thumb Code     0  startup_stm32f10x_md.o(.text)
    PVD_IRQHandler                           0x0800012f   Thumb Code     0  startup_stm32f10x_md.o(.text)
    RCC_IRQHandler                           0x0800012f   Thumb Code     0  startup_stm32f10x_md.o(.text)
    RTCAlarm_IRQHandler                      0x0800012f   Thumb Code     0  startup_stm32f10x_md.o(.text)
    RTC_IRQHandler                           0x0800012f   Thumb Code     0  startup_stm32f10x_md.o(.text)
    SPI1_IRQHandler                          0x0800012f   Thumb Code     0  startup_stm32f10x_md.o(.text)
    SPI2_IRQHandler                          0x0800012f   Thumb Code     0  startup_stm32f10x_md.o(.text)
    TAMPER_IRQHandler                        0x0800012f   Thumb Code     0  startup_stm32f10x_md.o(.text)
    TIM1_BRK_IRQHandler                      0x0800012f   Thumb Code     0  startup_stm32f10x_md.o(.text)
    TIM1_CC_IRQHandler                       0x0800012f   Thumb Code     0  startup_stm32f10x_md.o(.text)
    TIM1_TRG_COM_IRQHandler                  0x0800012f   Thumb Code     0  startup_stm32f10x_md.o(.text)
    TIM1_UP_IRQHandler                       0x0800012f   Thumb Code     0  startup_stm32f10x_md.o(.text)
    TIM2_IRQHandler                          0x0800012f   Thumb Code     0  startup_stm32f10x_md.o(.text)
    TIM3_IRQHandler                          0x0800012f   Thumb Code     0  startup_stm32f10x_md.o(.text)
    USART3_IRQHandler                        0x0800012f   Thumb Code     0  startup_stm32f10x_md.o(.text)
    USBWakeUp_IRQHandler                     0x0800012f   Thumb Code     0  startup_stm32f10x_md.o(.text)
    USB_HP_CAN1_TX_IRQHandler                0x0800012f   Thumb Code     0  startup_stm32f10x_md.o(.text)
    USB_LP_CAN1_RX0_IRQHandler               0x0800012f   Thumb Code     0  startup_stm32f10x_md.o(.text)
    WWDG_IRQHandler                          0x0800012f   Thumb Code     0  startup_stm32f10x_md.o(.text)
    rt_hw_interrupt_disable                  0x08000139   Thumb Code     8  context_rvds.o(.text)
    rt_hw_interrupt_enable                   0x08000141   Thumb Code     6  context_rvds.o(.text)
    rt_hw_context_switch                     0x08000147   Thumb Code    32  context_rvds.o(.text)
    rt_hw_context_switch_interrupt           0x08000147   Thumb Code     0  context_rvds.o(.text)
    PendSV_Handler                           0x08000167   Thumb Code    60  context_rvds.o(.text)
    rt_hw_context_switch_to                  0x080001a3   Thumb Code    56  context_rvds.o(.text)
    rt_hw_interrupt_thread_switch            0x080001db   Thumb Code     2  context_rvds.o(.text)
    HardFault_Handler                        0x080001dd   Thumb Code    52  context_rvds.o(.text)
    __aeabi_fadd                             0x0800022d   Thumb Code   164  fadd.o(.text)
    __aeabi_fsub                             0x080002d1   Thumb Code     6  fadd.o(.text)
    __aeabi_frsub                            0x080002d7   Thumb Code     6  fadd.o(.text)
    __aeabi_fmul                             0x080002dd   Thumb Code   100  fmul.o(.text)
    __aeabi_i2f                              0x08000341   Thumb Code    18  fflti.o(.text)
    __aeabi_f2iz                             0x08000353   Thumb Code    50  ffixi.o(.text)
    __aeabi_uidiv                            0x08000385   Thumb Code     0  uidiv.o(.text)
    __aeabi_uidivmod                         0x08000385   Thumb Code    44  uidiv.o(.text)
    __I$use$fp                               0x080003b1   Thumb Code     0  iusefp.o(.text)
    _float_round                             0x080003b1   Thumb Code    18  fepilogue.o(.text)
    _float_epilogue                          0x080003c3   Thumb Code    92  fepilogue.o(.text)
    __scatterload                            0x08000421   Thumb Code    28  init.o(.text)
    __scatterload_rt2                        0x08000421   Thumb Code     0  init.o(.text)
    __decompress                             0x08000445   Thumb Code     0  __dczerorl2.o(.text)
    __decompress1                            0x08000445   Thumb Code    86  __dczerorl2.o(.text)
    main                                     0x0800049b   Thumb Code    10  components.o(i.$Sub$$main)
    AS608_SendPacket                         0x080004a5   Thumb Code    12  main.o(i.AS608_SendPacket)
    AS608_read                               0x080004b5   Thumb Code    92  main.o(i.AS608_read)
    BusFault_Handler                         0x08000521   Thumb Code     4  stm32f10x_it.o(i.BusFault_Handler)
    DebugMon_Handler                         0x08000525   Thumb Code     2  stm32f10x_it.o(i.DebugMon_Handler)
    Delay_ms                                 0x08000527   Thumb Code    12  delay.o(i.Delay_ms)
    GATE_GetData                             0x08000535   Thumb Code    42  gate.o(i.GATE_GetData)
    GATE_Init                                0x08000565   Thumb Code    40  gate.o(i.GATE_Init)
    GPIO_Init                                0x08000591   Thumb Code   278  stm32f10x_gpio.o(i.GPIO_Init)
    GPIO_ReadInputDataBit                    0x080006a7   Thumb Code    18  stm32f10x_gpio.o(i.GPIO_ReadInputDataBit)
    GPIO_WriteBit                            0x080006b9   Thumb Code    10  stm32f10x_gpio.o(i.GPIO_WriteBit)
    Key_Init                                 0x080006c5   Thumb Code    40  key.o(i.Key_Init)
    Lora_SendData                            0x080006f1   Thumb Code    56  main.o(i.Lora_SendData)
    MemManage_Handler                        0x08000729   Thumb Code     4  stm32f10x_it.o(i.MemManage_Handler)
    NMI_Handler                              0x0800072d   Thumb Code     2  stm32f10x_it.o(i.NMI_Handler)
    NVIC_Init                                0x08000731   Thumb Code   100  misc.o(i.NVIC_Init)
    NVIC_PriorityGroupConfig                 0x080007a1   Thumb Code    10  misc.o(i.NVIC_PriorityGroupConfig)
    OLED_Clear                               0x080007b5   Thumb Code    42  oled.o(i.OLED_Clear)
    OLED_I2C_Init                            0x080007e1   Thumb Code    76  oled.o(i.OLED_I2C_Init)
    OLED_I2C_SendByte                        0x08000831   Thumb Code    80  oled.o(i.OLED_I2C_SendByte)
    OLED_I2C_Start                           0x08000885   Thumb Code    48  oled.o(i.OLED_I2C_Start)
    OLED_I2C_Stop                            0x080008b9   Thumb Code    36  oled.o(i.OLED_I2C_Stop)
    OLED_Init                                0x080008e1   Thumb Code   174  oled.o(i.OLED_Init)
    OLED_Pow                                 0x0800098f   Thumb Code    20  oled.o(i.OLED_Pow)
    OLED_SetCursor                           0x080009a3   Thumb Code    34  oled.o(i.OLED_SetCursor)
    OLED_ShowChar                            0x080009c5   Thumb Code   110  oled.o(i.OLED_ShowChar)
    OLED_ShowNum                             0x08000a39   Thumb Code    68  oled.o(i.OLED_ShowNum)
    OLED_ShowString                          0x08000a7d   Thumb Code    40  oled.o(i.OLED_ShowString)
    OLED_WriteCommand                        0x08000aa5   Thumb Code    32  oled.o(i.OLED_WriteCommand)
    OLED_WriteData                           0x08000ac5   Thumb Code    32  oled.o(i.OLED_WriteData)
    Openmv_read                              0x08000ae5   Thumb Code    96  main.o(i.Openmv_read)
    PWM_Init                                 0x08000b61   Thumb Code   154  pwm.o(i.PWM_Init)
    PWM_SetCompare1                          0x08000c01   Thumb Code    16  pwm.o(i.PWM_SetCompare1)
    PWM_SetCompare2                          0x08000c11   Thumb Code    16  pwm.o(i.PWM_SetCompare2)
    RCC_APB1PeriphClockCmd                   0x08000c21   Thumb Code    26  stm32f10x_rcc.o(i.RCC_APB1PeriphClockCmd)
    RCC_APB2PeriphClockCmd                   0x08000c41   Thumb Code    26  stm32f10x_rcc.o(i.RCC_APB2PeriphClockCmd)
    RCC_GetClocksFreq                        0x08000c61   Thumb Code   192  stm32f10x_rcc.o(i.RCC_GetClocksFreq)
    SVC_Handler                              0x08000d35   Thumb Code     2  stm32f10x_it.o(i.SVC_Handler)
    Seria2_Init                              0x08000d39   Thumb Code   170  openmv.o(i.Seria2_Init)
    Seria3_Init                              0x08000ded   Thumb Code   174  lora.o(i.Seria3_Init)
    Seria3_SendByte                          0x08000ea5   Thumb Code    28  lora.o(i.Seria3_SendByte)
    Seria3_SendString                        0x08000ec5   Thumb Code    26  lora.o(i.Seria3_SendString)
    Serial_Init                              0x08000ee1   Thumb Code   200  as608.o(i.Serial_Init)
    Serial_SendArray                         0x08000fb1   Thumb Code    26  as608.o(i.Serial_SendArray)
    Serial_SendByte                          0x08000fcd   Thumb Code    28  as608.o(i.Serial_SendByte)
    SysTick_Handler                          0x080010d5   Thumb Code    16  drv_common.o(i.SysTick_Handler)
    SystemInit                               0x080010e5   Thumb Code    78  system_stm32f10x.o(i.SystemInit)
    TIM4_IRQHandler                          0x08001145   Thumb Code    82  main.o(i.TIM4_IRQHandler)
    TIM_ClearFlag                            0x080011ad   Thumb Code     6  stm32f10x_tim.o(i.TIM_ClearFlag)
    TIM_ClearITPendingBit                    0x080011b3   Thumb Code     6  stm32f10x_tim.o(i.TIM_ClearITPendingBit)
    TIM_Cmd                                  0x080011b9   Thumb Code    24  stm32f10x_tim.o(i.TIM_Cmd)
    TIM_GetITStatus                          0x080011d1   Thumb Code    34  stm32f10x_tim.o(i.TIM_GetITStatus)
    TIM_ITConfig                             0x080011f3   Thumb Code    18  stm32f10x_tim.o(i.TIM_ITConfig)
    TIM_InternalClockConfig                  0x08001205   Thumb Code    12  stm32f10x_tim.o(i.TIM_InternalClockConfig)
    TIM_OC1Init                              0x08001211   Thumb Code   132  stm32f10x_tim.o(i.TIM_OC1Init)
    TIM_OC2Init                              0x080012a9   Thumb Code   154  stm32f10x_tim.o(i.TIM_OC2Init)
    TIM_OCStructInit                         0x0800134d   Thumb Code    20  stm32f10x_tim.o(i.TIM_OCStructInit)
    TIM_SetCompare1                          0x08001361   Thumb Code     4  stm32f10x_tim.o(i.TIM_SetCompare1)
    TIM_SetCompare2                          0x08001365   Thumb Code     4  stm32f10x_tim.o(i.TIM_SetCompare2)
    TIM_TimeBaseInit                         0x08001369   Thumb Code   122  stm32f10x_tim.o(i.TIM_TimeBaseInit)
    Timer_Init                               0x0800140d   Thumb Code   124  timer.o(i.Timer_Init)
    USART1_IRQHandler                        0x0800148d   Thumb Code   106  main.o(i.USART1_IRQHandler)
    USART2_IRQHandler                        0x0800150d   Thumb Code   126  main.o(i.USART2_IRQHandler)
    USART_ClearITPendingBit                  0x080015a1   Thumb Code    30  stm32f10x_usart.o(i.USART_ClearITPendingBit)
    USART_Cmd                                0x080015bf   Thumb Code    24  stm32f10x_usart.o(i.USART_Cmd)
    USART_GetFlagStatus                      0x080015d7   Thumb Code    26  stm32f10x_usart.o(i.USART_GetFlagStatus)
    USART_GetITStatus                        0x080015f1   Thumb Code    84  stm32f10x_usart.o(i.USART_GetITStatus)
    USART_ITConfig                           0x08001645   Thumb Code    74  stm32f10x_usart.o(i.USART_ITConfig)
    USART_Init                               0x08001691   Thumb Code   210  stm32f10x_usart.o(i.USART_Init)
    USART_ReceiveData                        0x08001769   Thumb Code    10  stm32f10x_usart.o(i.USART_ReceiveData)
    USART_SendData                           0x08001773   Thumb Code     8  stm32f10x_usart.o(i.USART_SendData)
    UsageFault_Handler                       0x0800177b   Thumb Code     4  stm32f10x_it.o(i.UsageFault_Handler)
    __0sprintf$1                             0x08001781   Thumb Code    34  printf1.o(i.__0sprintf$1)
    __1sprintf$1                             0x08001781   Thumb Code     0  printf1.o(i.__0sprintf$1)
    __2sprintf                               0x08001781   Thumb Code     0  printf1.o(i.__0sprintf$1)
    __scatterload_copy                       0x080017a9   Thumb Code    14  handlers.o(i.__scatterload_copy)
    __scatterload_null                       0x080017b7   Thumb Code     2  handlers.o(i.__scatterload_null)
    __scatterload_zeroinit                   0x080017b9   Thumb Code    14  handlers.o(i.__scatterload_zeroinit)
    $Super$$main                             0x08001d6d   Thumb Code   206  main.o(i.main)
    main_thread_entry                        0x08001ead   Thumb Code    14  components.o(i.main_thread_entry)
    pid_S_X                                  0x08001f59   Thumb Code   196  pid.o(i.pid_S_X)
    pid_S_Y                                  0x08002041   Thumb Code   196  pid.o(i.pid_S_Y)
    rt_application_init                      0x080023a9   Thumb Code    46  components.o(i.rt_application_init)
    rt_assert_handler                        0x080023f9   Thumb Code    56  kservice.o(i.rt_assert_handler)
    rt_components_board_init                 0x0800246d   Thumb Code    20  components.o(i.rt_components_board_init)
    rt_components_init                       0x08002489   Thumb Code    20  components.o(i.rt_components_init)
    rt_console_set_device                    0x080024a5   Thumb Code    56  kservice.o(i.rt_console_set_device)
    rt_critical_level                        0x080024e1   Thumb Code     8  scheduler.o(i.rt_critical_level)
    rt_device_close                          0x08002529   Thumb Code    92  device.o(i.rt_device_close)
    rt_device_find                           0x080025d5   Thumb Code    14  device.o(i.rt_device_find)
    rt_device_open                           0x080025e5   Thumb Code   162  device.o(i.rt_device_open)
    rt_device_write                          0x080026ed   Thumb Code    98  device.o(i.rt_device_write)
    rt_enter_critical                        0x080027a1   Thumb Code    28  scheduler.o(i.rt_enter_critical)
    rt_exit_critical                         0x080027c1   Thumb Code    60  scheduler.o(i.rt_exit_critical)
    rt_free                                  0x08002805   Thumb Code    42  kservice.o(i.rt_free)
    rt_hw_board_init                         0x08002835   Thumb Code   118  drv_common.o(i.rt_hw_board_init)
    rt_hw_console_output                     0x080028c9   Thumb Code     2  kservice.o(i.rt_hw_console_output)
    rt_hw_hard_fault_exception               0x080028cd   Thumb Code   190  cpuport.o(i.rt_hw_hard_fault_exception)
    rt_hw_stack_init                         0x08002acd   Thumb Code    70  cpuport.o(i.rt_hw_stack_init)
    rt_interrupt_enter                       0x08002b19   Thumb Code    46  irq.o(i.rt_interrupt_enter)
    rt_interrupt_get_nest                    0x08002b51   Thumb Code    22  irq.o(i.rt_interrupt_get_nest)
    rt_interrupt_leave                       0x08002b6d   Thumb Code    46  irq.o(i.rt_interrupt_leave)
    rt_kprintf                               0x08002ba5   Thumb Code    68  kservice.o(i.rt_kprintf)
    rt_malloc                                0x08002c7d   Thumb Code    52  kservice.o(i.rt_malloc)
    rt_memset                                0x08002cb9   Thumb Code    72  kservice.o(i.rt_memset)
    rt_mutex_init                            0x08002d01   Thumb Code    62  ipc.o(i.rt_mutex_init)
    rt_mutex_release                         0x08002d59   Thumb Code   346  ipc.o(i.rt_mutex_release)
    rt_mutex_take                            0x08002f39   Thumb Code   432  ipc.o(i.rt_mutex_take)
    rt_object_allocate                       0x0800319d   Thumb Code   158  object.o(i.rt_object_allocate)
    rt_object_delete                         0x08003289   Thumb Code    88  object.o(i.rt_object_delete)
    rt_object_detach                         0x08003329   Thumb Code    62  object.o(i.rt_object_detach)
    rt_object_find                           0x08003385   Thumb Code   124  object.o(i.rt_object_find)
    rt_object_get_information                0x08003431   Thumb Code    36  object.o(i.rt_object_get_information)
    rt_object_get_type                       0x08003459   Thumb Code    26  object.o(i.rt_object_get_type)
    rt_object_init                           0x0800348d   Thumb Code   140  object.o(i.rt_object_init)
    rt_object_is_systemobject                0x08003549   Thumb Code    34  object.o(i.rt_object_is_systemobject)
    rt_schedule                              0x08003585   Thumb Code   318  scheduler.o(i.rt_schedule)
    rt_schedule_insert_thread                0x080036e1   Thumb Code   118  scheduler.o(i.rt_schedule_insert_thread)
    rt_schedule_remove_thread                0x0800377d   Thumb Code    94  scheduler.o(i.rt_schedule_remove_thread)
    rt_sem_init                              0x080037fd   Thumb Code    88  ipc.o(i.rt_sem_init)
    rt_sem_release                           0x080038b9   Thumb Code   140  ipc.o(i.rt_sem_release)
    rt_sem_take                              0x08003961   Thumb Code   330  ipc.o(i.rt_sem_take)
    rt_set_errno                             0x08003b5d   Thumb Code    36  kservice.o(i.rt_set_errno)
    rt_show_version                          0x08003b85   Thumb Code    42  kservice.o(i.rt_show_version)
    rt_smem_alloc                            0x08003c49   Thumb Code   450  mem.o(i.rt_smem_alloc)
    rt_smem_free                             0x08003ec1   Thumb Code   206  mem.o(i.rt_smem_free)
    rt_smem_init                             0x08004065   Thumb Code   176  mem.o(i.rt_smem_init)
    rt_sprintf                               0x08004159   Thumb Code    34  kservice.o(i.rt_sprintf)
    rt_strncmp                               0x0800417b   Thumb Code    40  kservice.o(i.rt_strncmp)
    rt_strncpy                               0x080041a3   Thumb Code    52  kservice.o(i.rt_strncpy)
    rt_system_heap_init                      0x080041d9   Thumb Code    66  kservice.o(i.rt_system_heap_init)
    rt_system_scheduler_init                 0x08004251   Thumb Code    42  scheduler.o(i.rt_system_scheduler_init)
    rt_system_scheduler_start                0x08004289   Thumb Code    36  scheduler.o(i.rt_system_scheduler_start)
    rt_system_timer_init                     0x080042b1   Thumb Code    24  timer_1.o(i.rt_system_timer_init)
    rt_system_timer_thread_init              0x080042cd   Thumb Code     2  timer_1.o(i.rt_system_timer_thread_init)
    rt_thread_control                        0x080042d1   Thumb Code   182  thread.o(i.rt_thread_control)
    rt_thread_create                         0x080043a5   Thumb Code    80  thread.o(i.rt_thread_create)
    rt_thread_defunct_dequeue                0x080043f5   Thumb Code    56  idle.o(i.rt_thread_defunct_dequeue)
    rt_thread_defunct_enqueue                0x08004431   Thumb Code    24  idle.o(i.rt_thread_defunct_enqueue)
    rt_thread_delete                         0x0800444d   Thumb Code   128  thread.o(i.rt_thread_delete)
    rt_thread_detach                         0x08004525   Thumb Code   128  thread.o(i.rt_thread_detach)
    rt_thread_idle_init                      0x08004615   Thumb Code    74  idle.o(i.rt_thread_idle_init)
    rt_thread_init                           0x08004675   Thumb Code    78  thread.o(i.rt_thread_init)
    rt_thread_mdelay                         0x080046f5   Thumb Code    20  thread.o(i.rt_thread_mdelay)
    rt_thread_resume                         0x08004709   Thumb Code   122  thread.o(i.rt_thread_resume)
    rt_thread_self                           0x080047a5   Thumb Code     6  thread.o(i.rt_thread_self)
    rt_thread_sleep                          0x080047b1   Thumb Code   104  thread.o(i.rt_thread_sleep)
    rt_thread_startup                        0x08004835   Thumb Code   102  thread.o(i.rt_thread_startup)
    rt_thread_suspend                        0x080048f1   Thumb Code   154  thread.o(i.rt_thread_suspend)
    rt_tick_from_millisecond                 0x080049c9   Thumb Code    56  clock.o(i.rt_tick_from_millisecond)
    rt_tick_get                              0x08004a01   Thumb Code     6  clock.o(i.rt_tick_get)
    rt_tick_increase                         0x08004a0d   Thumb Code    90  clock.o(i.rt_tick_increase)
    rt_timer_check                           0x08004a71   Thumb Code   208  timer_1.o(i.rt_timer_check)
    rt_timer_control                         0x08004b4d   Thumb Code   162  timer_1.o(i.rt_timer_control)
    rt_timer_detach                          0x08004c6d   Thumb Code    96  timer_1.o(i.rt_timer_detach)
    rt_timer_init                            0x08004d4d   Thumb Code    94  timer_1.o(i.rt_timer_init)
    rt_timer_start                           0x08004df1   Thumb Code   294  timer_1.o(i.rt_timer_start)
    rt_timer_stop                            0x08004f79   Thumb Code   102  timer_1.o(i.rt_timer_stop)
    rt_vsnprintf                             0x08005039   Thumb Code   824  kservice.o(i.rt_vsnprintf)
    rt_vsprintf                              0x08005379   Thumb Code    22  kservice.o(i.rt_vsprintf)
    rtthread_startup                         0x0800539f   Thumb Code    42  components.o(i.rtthread_startup)
    OLED_F8x16                               0x0800543a   Data        1520  oled.o(.constdata)
    __rt_init_rti_start                      0x08006208   Data           4  components.o(.rti_fn.0)
    __rt_init_rti_board_start                0x0800620c   Data           4  components.o(.rti_fn.0.end)
    __rt_init_rti_board_end                  0x08006210   Data           4  components.o(.rti_fn.1.end)
    __rt_init_rti_end                        0x08006214   Data           4  components.o(.rti_fn.6.end)
    Region$$Table$$Base                      0x08006218   Number         0  anon$$obj.o(Region$$Table)
    Region$$Table$$Limit                     0x08006238   Number         0  anon$$obj.o(Region$$Table)
    SystemCoreClock                          0x20000000   Data           4  system_stm32f10x.o(.data)
    AHBPrescTable                            0x20000004   Data          16  system_stm32f10x.o(.data)
    Serial_TxPacket                          0x20000028   Data          12  as608.o(.data)
    Serial_RxFlag                            0x20000034   Data           1  as608.o(.data)
    Face_status                              0x20000035   Data           1  as608.o(.data)
    GT                                       0x20000036   Data           1  gate.o(.data)
    Seria2_RxFlag                            0x20000037   Data           1  openmv.o(.data)
    Err_X                                    0x20000038   Data           2  pid.o(.data)
    Err_Y                                    0x2000003a   Data           2  pid.o(.data)
    x_pwm                                    0x2000003c   Data           2  pid.o(.data)
    now_x                                    0x2000003e   Data           2  pid.o(.data)
    y_pwm                                    0x20000040   Data           2  pid.o(.data)
    now_y                                    0x20000042   Data           2  pid.o(.data)
    ks                                       0x20000044   Data           2  pid.o(.data)
    Err_S_y                                  0x20000048   Data           4  pid.o(.data)
    last_err_S_Y                             0x2000004c   Data           4  pid.o(.data)
    integral_Y                               0x20000050   Data           4  pid.o(.data)
    p_S_Y                                    0x20000054   Data           4  pid.o(.data)
    i_S_Y                                    0x20000058   Data           4  pid.o(.data)
    d_S_Y                                    0x2000005c   Data           4  pid.o(.data)
    Err_S_X                                  0x20000060   Data           4  pid.o(.data)
    last_err_S_X                             0x20000064   Data           4  pid.o(.data)
    integral_X                               0x20000068   Data           4  pid.o(.data)
    p_S_X                                    0x2000006c   Data           4  pid.o(.data)
    i_S_X                                    0x20000070   Data           4  pid.o(.data)
    d_S_X                                    0x20000074   Data           4  pid.o(.data)
    AS_status                                0x20000078   Data           1  main.o(.data)
    as                                       0x20000079   Data           1  main.o(.data)
    Pass_status                              0x2000007a   Data           1  main.o(.data)
    x                                        0x2000007c   Data           4  main.o(.data)
    y                                        0x20000080   Data           4  main.o(.data)
    rt_interrupt_nest                        0x200000a4   Data           1  irq.o(.data)
    rt_assert_hook                           0x200000bc   Data           4  kservice.o(.data)
    rt_object_trytake_hook                   0x20000168   Data           4  object.o(.data)
    rt_object_take_hook                      0x2000016c   Data           4  object.o(.data)
    rt_object_put_hook                       0x20000170   Data           4  object.o(.data)
    rt_thread_ready_priority_group           0x20000174   Data           4  scheduler.o(.data)
    rt_current_thread                        0x2000017c   Data           4  scheduler.o(.data)
    rt_current_priority                      0x20000180   Data           1  scheduler.o(.data)
    rt_interrupt_from_thread                 0x200001ac   Data           4  cpuport.o(.data)
    rt_interrupt_to_thread                   0x200001b0   Data           4  cpuport.o(.data)
    rt_thread_switch_interrupt_flag          0x200001b4   Data           4  cpuport.o(.data)
    Serial_RxPacket                          0x200001bc   Data          15  as608.o(.bss)
    Seria2_RxPacket                          0x200001cb   Data         100  openmv.o(.bss)
    str_n                                    0x20000230   Data         100  main.o(.bss)
    rt_thread_priority_table                 0x200016a8   Data         256  scheduler.o(.bss)
    Image$$RW_IRAM1$$ZI$$Limit               0x20001ba8   Number         0  anon$$obj.o ABSOLUTE
    __initial_sp                             0x20001ba8   Data           0  startup_stm32f10x_md.o(STACK)



==============================================================================

Memory Map of the image

  Image Entry point : 0x080000ed

  Load Region LR_IROM1 (Base: 0x08000000, Size: 0x000063f4, Max: 0x00010000, ABSOLUTE, COMPRESSED[0x000062dc])

    Execution Region ER_IROM1 (Exec base: 0x08000000, Load base: 0x08000000, Size: 0x00006238, Max: 0x00010000, ABSOLUTE)

    Exec Addr    Load Addr    Size         Type   Attr      Idx    E Section Name        Object

    0x08000000   0x08000000   0x000000ec   Data   RO            3    RESET               startup_stm32f10x_md.o
    0x080000ec   0x080000ec   0x00000000   Code   RO         5331  * .ARM.Collect$$$$00000000  mc_w.l(entry.o)
    0x080000ec   0x080000ec   0x00000004   Code   RO         5603    .ARM.Collect$$$$00000001  mc_w.l(entry2.o)
    0x080000f0   0x080000f0   0x00000004   Code   RO         5606    .ARM.Collect$$$$00000004  mc_w.l(entry5.o)
    0x080000f4   0x080000f4   0x00000000   Code   RO         5608    .ARM.Collect$$$$00000008  mc_w.l(entry7b.o)
    0x080000f4   0x080000f4   0x00000000   Code   RO         5610    .ARM.Collect$$$$0000000A  mc_w.l(entry8b.o)
    0x080000f4   0x080000f4   0x00000008   Code   RO         5611    .ARM.Collect$$$$0000000B  mc_w.l(entry9a.o)
    0x080000fc   0x080000fc   0x00000004   Code   RO         5618    .ARM.Collect$$$$0000000E  mc_w.l(entry12b.o)
    0x08000100   0x08000100   0x00000000   Code   RO         5613    .ARM.Collect$$$$0000000F  mc_w.l(entry10a.o)
    0x08000100   0x08000100   0x00000000   Code   RO         5615    .ARM.Collect$$$$00000011  mc_w.l(entry11a.o)
    0x08000100   0x08000100   0x00000004   Code   RO         5604    .ARM.Collect$$$$00002712  mc_w.l(entry2.o)
    0x08000104   0x08000104   0x00000010   Code   RO         5188    .emb_text           cpuport.o
    0x08000114   0x08000114   0x00000024   Code   RO            4    .text               startup_stm32f10x_md.o
    0x08000138   0x08000138   0x000000f4   Code   RO         5266    .text               context_rvds.o
    0x0800022c   0x0800022c   0x000000b0   Code   RO         5595    .text               mf_w.l(fadd.o)
    0x080002dc   0x080002dc   0x00000064   Code   RO         5597    .text               mf_w.l(fmul.o)
    0x08000340   0x08000340   0x00000012   Code   RO         5599    .text               mf_w.l(fflti.o)
    0x08000352   0x08000352   0x00000032   Code   RO         5601    .text               mf_w.l(ffixi.o)
    0x08000384   0x08000384   0x0000002c   Code   RO         5622    .text               mc_w.l(uidiv.o)
    0x080003b0   0x080003b0   0x00000000   Code   RO         5626    .text               mc_w.l(iusefp.o)
    0x080003b0   0x080003b0   0x0000006e   Code   RO         5627    .text               mf_w.l(fepilogue.o)
    0x0800041e   0x0800041e   0x00000002   PAD
    0x08000420   0x08000420   0x00000024   Code   RO         5639    .text               mc_w.l(init.o)
    0x08000444   0x08000444   0x00000056   Code   RO         5659    .text               mc_w.l(__dczerorl2.o)
    0x0800049a   0x0800049a   0x0000000a   Code   RO         3800    i.$Sub$$main        components.o
    0x080004a4   0x080004a4   0x00000010   Code   RO         3600    i.AS608_SendPacket  main.o
    0x080004b4   0x080004b4   0x0000006c   Code   RO         3601    i.AS608_read        main.o
    0x08000520   0x08000520   0x00000004   Code   RO         3711    i.BusFault_Handler  stm32f10x_it.o
    0x08000524   0x08000524   0x00000002   Code   RO         3712    i.DebugMon_Handler  stm32f10x_it.o
    0x08000526   0x08000526   0x0000000c   Code   RO         3196    i.Delay_ms          delay.o
    0x08000532   0x08000532   0x00000002   PAD
    0x08000534   0x08000534   0x00000030   Code   RO         3473    i.GATE_GetData      gate.o
    0x08000564   0x08000564   0x0000002c   Code   RO         3474    i.GATE_Init         gate.o
    0x08000590   0x08000590   0x00000116   Code   RO         1347    i.GPIO_Init         stm32f10x_gpio.o
    0x080006a6   0x080006a6   0x00000012   Code   RO         1351    i.GPIO_ReadInputDataBit  stm32f10x_gpio.o
    0x080006b8   0x080006b8   0x0000000a   Code   RO         1358    i.GPIO_WriteBit     stm32f10x_gpio.o
    0x080006c2   0x080006c2   0x00000002   PAD
    0x080006c4   0x080006c4   0x0000002c   Code   RO         3498    i.Key_Init          key.o
    0x080006f0   0x080006f0   0x00000038   Code   RO         3602    i.Lora_SendData     main.o
    0x08000728   0x08000728   0x00000004   Code   RO         3713    i.MemManage_Handler  stm32f10x_it.o
    0x0800072c   0x0800072c   0x00000002   Code   RO         3714    i.NMI_Handler       stm32f10x_it.o
    0x0800072e   0x0800072e   0x00000002   PAD
    0x08000730   0x08000730   0x00000070   Code   RO          137    i.NVIC_Init         misc.o
    0x080007a0   0x080007a0   0x00000014   Code   RO          138    i.NVIC_PriorityGroupConfig  misc.o
    0x080007b4   0x080007b4   0x0000002a   Code   RO         3282    i.OLED_Clear        oled.o
    0x080007de   0x080007de   0x00000002   PAD
    0x080007e0   0x080007e0   0x00000050   Code   RO         3283    i.OLED_I2C_Init     oled.o
    0x08000830   0x08000830   0x00000054   Code   RO         3284    i.OLED_I2C_SendByte  oled.o
    0x08000884   0x08000884   0x00000034   Code   RO         3285    i.OLED_I2C_Start    oled.o
    0x080008b8   0x080008b8   0x00000028   Code   RO         3286    i.OLED_I2C_Stop     oled.o
    0x080008e0   0x080008e0   0x000000ae   Code   RO         3287    i.OLED_Init         oled.o
    0x0800098e   0x0800098e   0x00000014   Code   RO         3288    i.OLED_Pow          oled.o
    0x080009a2   0x080009a2   0x00000022   Code   RO         3289    i.OLED_SetCursor    oled.o
    0x080009c4   0x080009c4   0x00000074   Code   RO         3291    i.OLED_ShowChar     oled.o
    0x08000a38   0x08000a38   0x00000044   Code   RO         3293    i.OLED_ShowNum      oled.o
    0x08000a7c   0x08000a7c   0x00000028   Code   RO         3295    i.OLED_ShowString   oled.o
    0x08000aa4   0x08000aa4   0x00000020   Code   RO         3296    i.OLED_WriteCommand  oled.o
    0x08000ac4   0x08000ac4   0x00000020   Code   RO         3297    i.OLED_WriteData    oled.o
    0x08000ae4   0x08000ae4   0x0000007c   Code   RO         3603    i.Openmv_read       main.o
    0x08000b60   0x08000b60   0x000000a0   Code   RO         3576    i.PWM_Init          pwm.o
    0x08000c00   0x08000c00   0x00000010   Code   RO         3577    i.PWM_SetCompare1   pwm.o
    0x08000c10   0x08000c10   0x00000010   Code   RO         3578    i.PWM_SetCompare2   pwm.o
    0x08000c20   0x08000c20   0x00000020   Code   RO         1775    i.RCC_APB1PeriphClockCmd  stm32f10x_rcc.o
    0x08000c40   0x08000c40   0x00000020   Code   RO         1777    i.RCC_APB2PeriphClockCmd  stm32f10x_rcc.o
    0x08000c60   0x08000c60   0x000000d4   Code   RO         1785    i.RCC_GetClocksFreq  stm32f10x_rcc.o
    0x08000d34   0x08000d34   0x00000002   Code   RO         3715    i.SVC_Handler       stm32f10x_it.o
    0x08000d36   0x08000d36   0x00000002   PAD
    0x08000d38   0x08000d38   0x000000b4   Code   RO         3515    i.Seria2_Init       openmv.o
    0x08000dec   0x08000dec   0x000000b8   Code   RO         3402    i.Seria3_Init       lora.o
    0x08000ea4   0x08000ea4   0x00000020   Code   RO         3404    i.Seria3_SendByte   lora.o
    0x08000ec4   0x08000ec4   0x0000001a   Code   RO         3405    i.Seria3_SendString  lora.o
    0x08000ede   0x08000ede   0x00000002   PAD
    0x08000ee0   0x08000ee0   0x000000d0   Code   RO         3445    i.Serial_Init       as608.o
    0x08000fb0   0x08000fb0   0x0000001a   Code   RO         3446    i.Serial_SendArray  as608.o
    0x08000fca   0x08000fca   0x00000002   PAD
    0x08000fcc   0x08000fcc   0x00000020   Code   RO         3447    i.Serial_SendByte   as608.o
    0x08000fec   0x08000fec   0x00000008   Code   RO           24    i.SetSysClock       system_stm32f10x.o
    0x08000ff4   0x08000ff4   0x000000e0   Code   RO           25    i.SetSysClockTo72   system_stm32f10x.o
    0x080010d4   0x080010d4   0x00000010   Code   RO         5274    i.SysTick_Handler   drv_common.o
    0x080010e4   0x080010e4   0x00000060   Code   RO           27    i.SystemInit        system_stm32f10x.o
    0x08001144   0x08001144   0x00000068   Code   RO         3604    i.TIM4_IRQHandler   main.o
    0x080011ac   0x080011ac   0x00000006   Code   RO         2415    i.TIM_ClearFlag     stm32f10x_tim.o
    0x080011b2   0x080011b2   0x00000006   Code   RO         2416    i.TIM_ClearITPendingBit  stm32f10x_tim.o
    0x080011b8   0x080011b8   0x00000018   Code   RO         2421    i.TIM_Cmd           stm32f10x_tim.o
    0x080011d0   0x080011d0   0x00000022   Code   RO         2442    i.TIM_GetITStatus   stm32f10x_tim.o
    0x080011f2   0x080011f2   0x00000012   Code   RO         2446    i.TIM_ITConfig      stm32f10x_tim.o
    0x08001204   0x08001204   0x0000000c   Code   RO         2448    i.TIM_InternalClockConfig  stm32f10x_tim.o
    0x08001210   0x08001210   0x00000098   Code   RO         2450    i.TIM_OC1Init       stm32f10x_tim.o
    0x080012a8   0x080012a8   0x000000a4   Code   RO         2455    i.TIM_OC2Init       stm32f10x_tim.o
    0x0800134c   0x0800134c   0x00000014   Code   RO         2468    i.TIM_OCStructInit  stm32f10x_tim.o
    0x08001360   0x08001360   0x00000004   Code   RO         2482    i.TIM_SetCompare1   stm32f10x_tim.o
    0x08001364   0x08001364   0x00000004   Code   RO         2483    i.TIM_SetCompare2   stm32f10x_tim.o
    0x08001368   0x08001368   0x000000a4   Code   RO         2492    i.TIM_TimeBaseInit  stm32f10x_tim.o
    0x0800140c   0x0800140c   0x00000080   Code   RO         3390    i.Timer_Init        timer.o
    0x0800148c   0x0800148c   0x00000080   Code   RO         3605    i.USART1_IRQHandler  main.o
    0x0800150c   0x0800150c   0x00000094   Code   RO         3606    i.USART2_IRQHandler  main.o
    0x080015a0   0x080015a0   0x0000001e   Code   RO         2957    i.USART_ClearITPendingBit  stm32f10x_usart.o
    0x080015be   0x080015be   0x00000018   Code   RO         2960    i.USART_Cmd         stm32f10x_usart.o
    0x080015d6   0x080015d6   0x0000001a   Code   RO         2963    i.USART_GetFlagStatus  stm32f10x_usart.o
    0x080015f0   0x080015f0   0x00000054   Code   RO         2964    i.USART_GetITStatus  stm32f10x_usart.o
    0x08001644   0x08001644   0x0000004a   Code   RO         2966    i.USART_ITConfig    stm32f10x_usart.o
    0x0800168e   0x0800168e   0x00000002   PAD
    0x08001690   0x08001690   0x000000d8   Code   RO         2967    i.USART_Init        stm32f10x_usart.o
    0x08001768   0x08001768   0x0000000a   Code   RO         2974    i.USART_ReceiveData  stm32f10x_usart.o
    0x08001772   0x08001772   0x00000008   Code   RO         2977    i.USART_SendData    stm32f10x_usart.o
    0x0800177a   0x0800177a   0x00000004   Code   RO         3716    i.UsageFault_Handler  stm32f10x_it.o
    0x0800177e   0x0800177e   0x00000002   PAD
    0x08001780   0x08001780   0x00000028   Code   RO         5381    i.__0sprintf$1      mc_w.l(printf1.o)
    0x080017a8   0x080017a8   0x0000000e   Code   RO         5653    i.__scatterload_copy  mc_w.l(handlers.o)
    0x080017b6   0x080017b6   0x00000002   Code   RO         5654    i.__scatterload_null  mc_w.l(handlers.o)
    0x080017b8   0x080017b8   0x0000000e   Code   RO         5655    i.__scatterload_zeroinit  mc_w.l(handlers.o)
    0x080017c6   0x080017c6   0x00000002   PAD
    0x080017c8   0x080017c8   0x0000001c   Code   RO         4344    i._heap_lock        kservice.o
    0x080017e4   0x080017e4   0x00000038   Code   RO         4345    i._heap_unlock      kservice.o
    0x0800181c   0x0800181c   0x00000018   Code   RO         4012    i._ipc_list_resume  ipc.o
    0x08001834   0x08001834   0x00000080   Code   RO         4014    i._ipc_list_suspend  ipc.o
    0x080018b4   0x080018b4   0x00000010   Code   RO         4015    i._ipc_object_init  ipc.o
    0x080018c4   0x080018c4   0x00000154   Code   RO         5386    i._printf_core      mc_w.l(printf1.o)
    0x08001a18   0x08001a18   0x000000c4   Code   RO         4832    i._rt_scheduler_stack_check  scheduler.o
    0x08001adc   0x08001adc   0x00000028   Code   RO         4833    i._scheduler_get_highest_priority_thread  scheduler.o
    0x08001b04   0x08001b04   0x0000000a   Code   RO         5388    i._sputc            mc_w.l(printf1.o)
    0x08001b0e   0x08001b0e   0x00000034   Code   RO         4917    i._thread_exit      thread.o
    0x08001b42   0x08001b42   0x00000002   PAD
    0x08001b44   0x08001b44   0x000000d4   Code   RO         4918    i._thread_init      thread.o
    0x08001c18   0x08001c18   0x000000bc   Code   RO         4919    i._thread_timeout   thread.o
    0x08001cd4   0x08001cd4   0x00000042   Code   RO         5062    i._timer_init       timer_1.o
    0x08001d16   0x08001d16   0x0000001c   Code   RO         5064    i._timer_remove     timer_1.o
    0x08001d32   0x08001d32   0x00000002   PAD
    0x08001d34   0x08001d34   0x00000038   Code   RO         3607    i.face_tracking_thread  main.o
    0x08001d6c   0x08001d6c   0x00000140   Code   RO         3608    i.main              main.o
    0x08001eac   0x08001eac   0x0000000e   Code   RO         3801    i.main_thread_entry  components.o
    0x08001eba   0x08001eba   0x00000002   PAD
    0x08001ebc   0x08001ebc   0x0000009c   Code   RO         3609    i.oled_display_thread  main.o
    0x08001f58   0x08001f58   0x000000e8   Code   RO         3549    i.pid_S_X           pid.o
    0x08002040   0x08002040   0x000000e8   Code   RO         3550    i.pid_S_Y           pid.o
    0x08002128   0x08002128   0x000000e8   Code   RO         4606    i.plug_holes        mem.o
    0x08002210   0x08002210   0x00000198   Code   RO         4347    i.print_number      kservice.o
    0x080023a8   0x080023a8   0x00000050   Code   RO         3802    i.rt_application_init  components.o
    0x080023f8   0x080023f8   0x00000074   Code   RO         4348    i.rt_assert_handler  kservice.o
    0x0800246c   0x0800246c   0x0000001c   Code   RO         3803    i.rt_components_board_init  components.o
    0x08002488   0x08002488   0x0000001c   Code   RO         3804    i.rt_components_init  components.o
    0x080024a4   0x080024a4   0x0000003c   Code   RO         4352    i.rt_console_set_device  kservice.o
    0x080024e0   0x080024e0   0x0000000c   Code   RO         4834    i.rt_critical_level  scheduler.o
    0x080024ec   0x080024ec   0x0000003c   Code   RO         3954    i.rt_defunct_execute  idle.o
    0x08002528   0x08002528   0x000000ac   Code   RO         3869    i.rt_device_close   device.o
    0x080025d4   0x080025d4   0x0000000e   Code   RO         3873    i.rt_device_find    device.o
    0x080025e2   0x080025e2   0x00000002   PAD
    0x080025e4   0x080025e4   0x00000108   Code   RO         3875    i.rt_device_open    device.o
    0x080026ec   0x080026ec   0x000000b4   Code   RO         3881    i.rt_device_write   device.o
    0x080027a0   0x080027a0   0x00000020   Code   RO         4835    i.rt_enter_critical  scheduler.o
    0x080027c0   0x080027c0   0x00000044   Code   RO         4836    i.rt_exit_critical  scheduler.o
    0x08002804   0x08002804   0x00000030   Code   RO         4353    i.rt_free           kservice.o
    0x08002834   0x08002834   0x00000094   Code   RO         5276    i.rt_hw_board_init  drv_common.o
    0x080028c8   0x080028c8   0x00000002   Code   RO         4357    i.rt_hw_console_output  kservice.o
    0x080028ca   0x080028ca   0x00000002   PAD
    0x080028cc   0x080028cc   0x00000200   Code   RO         5192    i.rt_hw_hard_fault_exception  cpuport.o
    0x08002acc   0x08002acc   0x0000004c   Code   RO         5193    i.rt_hw_stack_init  cpuport.o
    0x08002b18   0x08002b18   0x00000038   Code   RO         4305    i.rt_interrupt_enter  irq.o
    0x08002b50   0x08002b50   0x0000001c   Code   RO         4307    i.rt_interrupt_get_nest  irq.o
    0x08002b6c   0x08002b6c   0x00000038   Code   RO         4308    i.rt_interrupt_leave  irq.o
    0x08002ba4   0x08002ba4   0x0000004c   Code   RO         4358    i.rt_kprintf        kservice.o
    0x08002bf0   0x08002bf0   0x00000006   Code   RO         4023    i.rt_list_init      ipc.o
    0x08002bf6   0x08002bf6   0x00000006   Code   RO         5065    i.rt_list_init      timer_1.o
    0x08002bfc   0x08002bfc   0x0000000e   Code   RO         4719    i.rt_list_insert_after  object.o
    0x08002c0a   0x08002c0a   0x0000000e   Code   RO         5066    i.rt_list_insert_after  timer_1.o
    0x08002c18   0x08002c18   0x0000000e   Code   RO         4024    i.rt_list_insert_before  ipc.o
    0x08002c26   0x08002c26   0x00000010   Code   RO         4025    i.rt_list_isempty   ipc.o
    0x08002c36   0x08002c36   0x00000010   Code   RO         5067    i.rt_list_isempty   timer_1.o
    0x08002c46   0x08002c46   0x00000012   Code   RO         4720    i.rt_list_remove    object.o
    0x08002c58   0x08002c58   0x00000012   Code   RO         4920    i.rt_list_remove    thread.o
    0x08002c6a   0x08002c6a   0x00000012   Code   RO         5068    i.rt_list_remove    timer_1.o
    0x08002c7c   0x08002c7c   0x0000003c   Code   RO         4360    i.rt_malloc         kservice.o
    0x08002cb8   0x08002cb8   0x00000048   Code   RO         4367    i.rt_memset         kservice.o
    0x08002d00   0x08002d00   0x00000058   Code   RO         4048    i.rt_mutex_init     ipc.o
    0x08002d58   0x08002d58   0x000001e0   Code   RO         4049    i.rt_mutex_release  ipc.o
    0x08002f38   0x08002f38   0x00000264   Code   RO         4050    i.rt_mutex_take     ipc.o
    0x0800319c   0x0800319c   0x000000ec   Code   RO         4721    i.rt_object_allocate  object.o
    0x08003288   0x08003288   0x000000a0   Code   RO         4723    i.rt_object_delete  object.o
    0x08003328   0x08003328   0x0000005c   Code   RO         4724    i.rt_object_detach  object.o
    0x08003384   0x08003384   0x000000ac   Code   RO         4726    i.rt_object_find    object.o
    0x08003430   0x08003430   0x00000028   Code   RO         4727    i.rt_object_get_information  object.o
    0x08003458   0x08003458   0x00000034   Code   RO         4730    i.rt_object_get_type  object.o
    0x0800348c   0x0800348c   0x000000bc   Code   RO         4731    i.rt_object_init    object.o
    0x08003548   0x08003548   0x0000003c   Code   RO         4732    i.rt_object_is_systemobject  object.o
    0x08003584   0x08003584   0x0000015c   Code   RO         4837    i.rt_schedule       scheduler.o
    0x080036e0   0x080036e0   0x0000009c   Code   RO         4838    i.rt_schedule_insert_thread  scheduler.o
    0x0800377c   0x0800377c   0x00000080   Code   RO         4839    i.rt_schedule_remove_thread  scheduler.o
    0x080037fc   0x080037fc   0x000000bc   Code   RO         4056    i.rt_sem_init       ipc.o
    0x080038b8   0x080038b8   0x000000a8   Code   RO         4057    i.rt_sem_release    ipc.o
    0x08003960   0x08003960   0x000001fc   Code   RO         4058    i.rt_sem_take       ipc.o
    0x08003b5c   0x08003b5c   0x00000028   Code   RO         4369    i.rt_set_errno      kservice.o
    0x08003b84   0x08003b84   0x000000c4   Code   RO         4370    i.rt_show_version   kservice.o
    0x08003c48   0x08003c48   0x00000278   Code   RO         4607    i.rt_smem_alloc     mem.o
    0x08003ec0   0x08003ec0   0x000001a4   Code   RO         4609    i.rt_smem_free      mem.o
    0x08004064   0x08004064   0x000000f4   Code   RO         4610    i.rt_smem_init      mem.o
    0x08004158   0x08004158   0x00000022   Code   RO         4372    i.rt_sprintf        kservice.o
    0x0800417a   0x0800417a   0x00000028   Code   RO         4378    i.rt_strncmp        kservice.o
    0x080041a2   0x080041a2   0x00000034   Code   RO         4379    i.rt_strncpy        kservice.o
    0x080041d6   0x080041d6   0x00000002   PAD
    0x080041d8   0x080041d8   0x00000078   Code   RO         4382    i.rt_system_heap_init  kservice.o
    0x08004250   0x08004250   0x00000038   Code   RO         4842    i.rt_system_scheduler_init  scheduler.o
    0x08004288   0x08004288   0x00000028   Code   RO         4843    i.rt_system_scheduler_start  scheduler.o
    0x080042b0   0x080042b0   0x0000001c   Code   RO         5069    i.rt_system_timer_init  timer_1.o
    0x080042cc   0x080042cc   0x00000002   Code   RO         5070    i.rt_system_timer_thread_init  timer_1.o
    0x080042ce   0x080042ce   0x00000002   PAD
    0x080042d0   0x080042d0   0x000000d4   Code   RO         4921    i.rt_thread_control  thread.o
    0x080043a4   0x080043a4   0x00000050   Code   RO         4922    i.rt_thread_create  thread.o
    0x080043f4   0x080043f4   0x0000003c   Code   RO         3955    i.rt_thread_defunct_dequeue  idle.o
    0x08004430   0x08004430   0x0000001c   Code   RO         3956    i.rt_thread_defunct_enqueue  idle.o
    0x0800444c   0x0800444c   0x000000d8   Code   RO         4925    i.rt_thread_delete  thread.o
    0x08004524   0x08004524   0x000000cc   Code   RO         4926    i.rt_thread_detach  thread.o
    0x080045f0   0x080045f0   0x00000024   Code   RO         3958    i.rt_thread_idle_entry  idle.o
    0x08004614   0x08004614   0x00000060   Code   RO         3960    i.rt_thread_idle_init  idle.o
    0x08004674   0x08004674   0x00000080   Code   RO         4928    i.rt_thread_init    thread.o
    0x080046f4   0x080046f4   0x00000014   Code   RO         4930    i.rt_thread_mdelay  thread.o
    0x08004708   0x08004708   0x0000009c   Code   RO         4931    i.rt_thread_resume  thread.o
    0x080047a4   0x080047a4   0x0000000c   Code   RO         4933    i.rt_thread_self    thread.o
    0x080047b0   0x080047b0   0x00000084   Code   RO         4934    i.rt_thread_sleep   thread.o
    0x08004834   0x08004834   0x000000bc   Code   RO         4935    i.rt_thread_startup  thread.o
    0x080048f0   0x080048f0   0x000000d8   Code   RO         4936    i.rt_thread_suspend  thread.o
    0x080049c8   0x080049c8   0x00000038   Code   RO         3756    i.rt_tick_from_millisecond  clock.o
    0x08004a00   0x08004a00   0x0000000c   Code   RO         3757    i.rt_tick_get       clock.o
    0x08004a0c   0x08004a0c   0x00000064   Code   RO         3759    i.rt_tick_increase  clock.o
    0x08004a70   0x08004a70   0x000000dc   Code   RO         5071    i.rt_timer_check    timer_1.o
    0x08004b4c   0x08004b4c   0x00000120   Code   RO         5072    i.rt_timer_control  timer_1.o
    0x08004c6c   0x08004c6c   0x000000e0   Code   RO         5075    i.rt_timer_detach   timer_1.o
    0x08004d4c   0x08004d4c   0x000000a4   Code   RO         5078    i.rt_timer_init     timer_1.o
    0x08004df0   0x08004df0   0x00000188   Code   RO         5080    i.rt_timer_start    timer_1.o
    0x08004f78   0x08004f78   0x000000c0   Code   RO         5081    i.rt_timer_stop     timer_1.o
    0x08005038   0x08005038   0x00000340   Code   RO         4383    i.rt_vsnprintf      kservice.o
    0x08005378   0x08005378   0x00000016   Code   RO         4384    i.rt_vsprintf       kservice.o
    0x0800538e   0x0800538e   0x00000004   Code   RO         3805    i.rti_board_end     components.o
    0x08005392   0x08005392   0x00000004   Code   RO         3806    i.rti_board_start   components.o
    0x08005396   0x08005396   0x00000004   Code   RO         3807    i.rti_end           components.o
    0x0800539a   0x0800539a   0x00000004   Code   RO         3808    i.rti_start         components.o
    0x0800539e   0x0800539e   0x0000002a   Code   RO         3809    i.rtthread_startup  components.o
    0x080053c8   0x080053c8   0x0000004c   Code   RO         3610    i.sensor_send_thread  main.o
    0x08005414   0x08005414   0x00000026   Code   RO         4385    i.skip_atoi         kservice.o
    0x0800543a   0x0800543a   0x000005f0   Data   RO         3298    .constdata          oled.o
    0x08005a2a   0x08005a2a   0x00000014   Data   RO         3810    .constdata          components.o
    0x08005a3e   0x08005a3e   0x000000ba   Data   RO         3882    .constdata          device.o
    0x08005af8   0x08005af8   0x0000021b   Data   RO         4060    .constdata          ipc.o
    0x08005d13   0x08005d13   0x00000043   Data   RO         4387    .constdata          kservice.o
    0x08005d56   0x08005d56   0x00000045   Data   RO         4612    .constdata          mem.o
    0x08005d9b   0x08005d9b   0x00000080   Data   RO         4736    .constdata          object.o
    0x08005e1b   0x08005e1b   0x0000004e   Data   RO         4845    .constdata          scheduler.o
    0x08005e69   0x08005e69   0x000000bb   Data   RO         4939    .constdata          thread.o
    0x08005f24   0x08005f24   0x0000006c   Data   RO         5082    .constdata          timer_1.o
    0x08005f90   0x08005f90   0x0000008b   Data   RO         4061    .conststring        ipc.o
    0x0800601b   0x0800601b   0x00000001   PAD
    0x0800601c   0x0800601c   0x000001a8   Data   RO         4613    .conststring        mem.o
    0x080061c4   0x080061c4   0x00000042   Data   RO         4940    .conststring        thread.o
    0x08006206   0x08006206   0x00000002   PAD
    0x08006208   0x08006208   0x00000004   Data   RO         3811    .rti_fn.0           components.o
    0x0800620c   0x0800620c   0x00000004   Data   RO         3812    .rti_fn.0.end       components.o
    0x08006210   0x08006210   0x00000004   Data   RO         3813    .rti_fn.1.end       components.o
    0x08006214   0x08006214   0x00000004   Data   RO         3814    .rti_fn.6.end       components.o
    0x08006218   0x08006218   0x00000020   Data   RO         5651    Region$$Table       anon$$obj.o


    Execution Region RW_IRAM1 (Exec base: 0x20000000, Load base: 0x08006238, Size: 0x00001ba8, Max: 0x00005000, ABSOLUTE, COMPRESSED[0x000000a4])

    Exec Addr    Load Addr    Size         Type   Attr      Idx    E Section Name        Object

    0x20000000   COMPRESSED   0x00000014   Data   RW           28    .data               system_stm32f10x.o
    0x20000014   COMPRESSED   0x00000014   Data   RW         1805    .data               stm32f10x_rcc.o
    0x20000028   COMPRESSED   0x0000000e   Data   RW         3449    .data               as608.o
    0x20000036   COMPRESSED   0x00000001   Data   RW         3475    .data               gate.o
    0x20000037   COMPRESSED   0x00000001   Data   RW         3520    .data               openmv.o
    0x20000038   COMPRESSED   0x00000040   Data   RW         3551    .data               pid.o
    0x20000078   COMPRESSED   0x00000014   Data   RW         3612    .data               main.o
    0x2000008c   COMPRESSED   0x00000008   Data   RW         3762    .data               clock.o
    0x20000094   COMPRESSED   0x00000008   Data   RW         3963    .data               idle.o
    0x2000009c   COMPRESSED   0x00000009   Data   RW         4310    .data               irq.o
    0x200000a5   COMPRESSED   0x00000003   PAD
    0x200000a8   COMPRESSED   0x00000018   Data   RW         4388    .data               kservice.o
    0x200000c0   COMPRESSED   0x000000b4   Data   RW         4737    .data               object.o
    0x20000174   COMPRESSED   0x00000018   Data   RW         4846    .data               scheduler.o
    0x2000018c   COMPRESSED   0x0000000c   Data   RW         4941    .data               thread.o
    0x20000198   COMPRESSED   0x00000014   Data   RW         5083    .data               timer_1.o
    0x200001ac   COMPRESSED   0x00000010   Data   RW         5195    .data               cpuport.o
    0x200001bc        -       0x0000000f   Zero   RW         3448    .bss                as608.o
    0x200001cb        -       0x00000064   Zero   RW         3519    .bss                openmv.o
    0x2000022f   COMPRESSED   0x00000001   PAD
    0x20000230        -       0x00001244   Zero   RW         3611    .bss                main.o
    0x20001474        -       0x00000190   Zero   RW         3962    .bss                idle.o
    0x20001604        -       0x000000a4   Zero   RW         4386    .bss                kservice.o
    0x200016a8        -       0x00000100   Zero   RW         4844    .bss                scheduler.o
    0x200017a8        -       0x00000400   Zero   RW            1    STACK               startup_stm32f10x_md.o


==============================================================================

Image component sizes


      Code (inc. data)   RO Data    RW Data    ZI Data      Debug   Object Name

       266         12          0         14         15       2507   as608.o
       168         16          0          8          0       2120   clock.o
       218         50         36          0          0       5564   components.o
       244         28          0          0          0        764   context_rvds.o
         0          0          0          0          0       4508   core_cm3.o
       604        328          0         16          0       3614   cpuport.o
        12          0          0          0          0      11415   delay.o
       630        264        186          0          0       6915   device.o
       164         30          0          0          0      16452   drv_common.o
        92         10          0          1          0       1168   gate.o
       280         36          0          8        400       6254   idle.o
      2248        654        678          0          0      35087   ipc.o
       140         26          0          9          0       2278   irq.o
        44          4          0          0          0        463   key.o
      2300        342         67         24        164      15334   kservice.o
       242         14          0          0          0       1728   lora.o
      1292        334          0         20       4676       7016   main.o
      1528        554        493          0          0       6281   mem.o
       132         22          0          0          0     204775   misc.o
      1032        332        128        180          0      10750   object.o
       814         22       1520          0          0       7613   oled.o
       180         10          0          1        100       1338   openmv.o
       464         72          0         64          0       1945   pid.o
       192          6          0          0          0       1603   pwm.o
      1076        256         78         24        256      10036   scheduler.o
        36          8        236          0       1024        808   startup_stm32f10x_md.o
         0          0          0          0          0       1660   stm32f10x_adc.o
       306          0          0          0          0      11356   stm32f10x_gpio.o
        18          0          0          0          0       2515   stm32f10x_it.o
       276         32          0         20          0      12998   stm32f10x_rcc.o
       608         72          0          0          0      27535   stm32f10x_tim.o
       472          6          0          0          0      12511   stm32f10x_usart.o
       328         28          0         20          0      45533   system_stm32f10x.o
      2034        604        253         12          0      14679   thread.o
       128          4          0          0          0        661   timer.o
      1658        534        108         20          0      13425   timer_1.o

    ----------------------------------------------------------------------
     20258       4710       3818        444       6636     511209   Object Totals
         0          0         32          0          0          0   (incl. Generated)
        32          0          3          3          1          0   (incl. Padding)

    ----------------------------------------------------------------------

      Code (inc. data)   RO Data    RW Data    ZI Data      Debug   Library Member Name

        86          0          0          0          0          0   __dczerorl2.o
         0          0          0          0          0          0   entry.o
         0          0          0          0          0          0   entry10a.o
         0          0          0          0          0          0   entry11a.o
         4          0          0          0          0          0   entry12b.o
         8          4          0          0          0          0   entry2.o
         4          0          0          0          0          0   entry5.o
         0          0          0          0          0          0   entry7b.o
         0          0          0          0          0          0   entry8b.o
         8          4          0          0          0          0   entry9a.o
        30          0          0          0          0          0   handlers.o
        36          8          0          0          0         68   init.o
         0          0          0          0          0          0   iusefp.o
       390         10          0          0          0        252   printf1.o
        44          0          0          0          0         80   uidiv.o
       176          0          0          0          0        140   fadd.o
       110          0          0          0          0        168   fepilogue.o
        50          0          0          0          0         68   ffixi.o
        18          0          0          0          0         68   fflti.o
       100          0          0          0          0         76   fmul.o

    ----------------------------------------------------------------------
      1068         26          0          0          0        920   Library Totals
         4          0          0          0          0          0   (incl. Padding)

    ----------------------------------------------------------------------

      Code (inc. data)   RO Data    RW Data    ZI Data      Debug   Library Name

       610         26          0          0          0        400   mc_w.l
       454          0          0          0          0        520   mf_w.l

    ----------------------------------------------------------------------
      1068         26          0          0          0        920   Library Totals

    ----------------------------------------------------------------------

==============================================================================


      Code (inc. data)   RO Data    RW Data    ZI Data      Debug   

     21326       4736       3818        444       6636     502221   Grand Totals
     21326       4736       3818        164       6636     502221   ELF Image Totals (compressed)
     21326       4736       3818        164          0          0   ROM Totals

==============================================================================

    Total RO  Size (Code + RO Data)                25144 (  24.55kB)
    Total RW  Size (RW Data + ZI Data)              7080 (   6.91kB)
    Total ROM Size (Code + RO Data + RW Data)      25308 (  24.71kB)

==============================================================================

